Archive member included to satisfy reference by file (symbol)

c:/freedomstudio/sifive/riscv64-unknown-elf-gcc-8.3.0-2020.04.1/bin/../lib/gcc/riscv64-unknown-elf/8.3.0/../../../../riscv64-unknown-elf/lib/rv32imac/ilp32\libc_nano.a(lib_a-printf.o)
                              C:\Users\YOUNGB~1\AppData\Local\Temp\ccvvl9hU.o (printf)
c:/freedomstudio/sifive/riscv64-unknown-elf-gcc-8.3.0-2020.04.1/bin/../lib/gcc/riscv64-unknown-elf/8.3.0/../../../../riscv64-unknown-elf/lib/rv32imac/ilp32\libc_nano.a(lib_a-findfp.o)
                              c:/freedomstudio/sifive/riscv64-unknown-elf-gcc-8.3.0-2020.04.1/bin/../lib/gcc/riscv64-unknown-elf/8.3.0/../../../../riscv64-unknown-elf/lib/rv32imac/ilp32\libc_nano.a(lib_a-printf.o) (__sinit)
c:/freedomstudio/sifive/riscv64-unknown-elf-gcc-8.3.0-2020.04.1/bin/../lib/gcc/riscv64-unknown-elf/8.3.0/../../../../riscv64-unknown-elf/lib/rv32imac/ilp32\libc_nano.a(lib_a-fwalk.o)
                              c:/freedomstudio/sifive/riscv64-unknown-elf-gcc-8.3.0-2020.04.1/bin/../lib/gcc/riscv64-unknown-elf/8.3.0/../../../../riscv64-unknown-elf/lib/rv32imac/ilp32\libc_nano.a(lib_a-findfp.o) (_fwalk)
c:/freedomstudio/sifive/riscv64-unknown-elf-gcc-8.3.0-2020.04.1/bin/../lib/gcc/riscv64-unknown-elf/8.3.0/../../../../riscv64-unknown-elf/lib/rv32imac/ilp32\libc_nano.a(lib_a-impure.o)
                              c:/freedomstudio/sifive/riscv64-unknown-elf-gcc-8.3.0-2020.04.1/bin/../lib/gcc/riscv64-unknown-elf/8.3.0/../../../../riscv64-unknown-elf/lib/rv32imac/ilp32\libc_nano.a(lib_a-findfp.o) (_global_impure_ptr)
c:/freedomstudio/sifive/riscv64-unknown-elf-gcc-8.3.0-2020.04.1/bin/../lib/gcc/riscv64-unknown-elf/8.3.0/../../../../riscv64-unknown-elf/lib/rv32imac/ilp32\libc_nano.a(lib_a-memset.o)
                              c:/freedomstudio/sifive/riscv64-unknown-elf-gcc-8.3.0-2020.04.1/bin/../lib/gcc/riscv64-unknown-elf/8.3.0/../../../../riscv64-unknown-elf/lib/rv32imac/ilp32\libc_nano.a(lib_a-findfp.o) (memset)
c:/freedomstudio/sifive/riscv64-unknown-elf-gcc-8.3.0-2020.04.1/bin/../lib/gcc/riscv64-unknown-elf/8.3.0/../../../../riscv64-unknown-elf/lib/rv32imac/ilp32\libc_nano.a(lib_a-nano-mallocr.o)
                              c:/freedomstudio/sifive/riscv64-unknown-elf-gcc-8.3.0-2020.04.1/bin/../lib/gcc/riscv64-unknown-elf/8.3.0/../../../../riscv64-unknown-elf/lib/rv32imac/ilp32\libc_nano.a(lib_a-findfp.o) (_malloc_r)
c:/freedomstudio/sifive/riscv64-unknown-elf-gcc-8.3.0-2020.04.1/bin/../lib/gcc/riscv64-unknown-elf/8.3.0/../../../../riscv64-unknown-elf/lib/rv32imac/ilp32\libc_nano.a(lib_a-nano-vfprintf.o)
                              c:/freedomstudio/sifive/riscv64-unknown-elf-gcc-8.3.0-2020.04.1/bin/../lib/gcc/riscv64-unknown-elf/8.3.0/../../../../riscv64-unknown-elf/lib/rv32imac/ilp32\libc_nano.a(lib_a-printf.o) (_vfprintf_r)
c:/freedomstudio/sifive/riscv64-unknown-elf-gcc-8.3.0-2020.04.1/bin/../lib/gcc/riscv64-unknown-elf/8.3.0/../../../../riscv64-unknown-elf/lib/rv32imac/ilp32\libc_nano.a(lib_a-sbrkr.o)
                              c:/freedomstudio/sifive/riscv64-unknown-elf-gcc-8.3.0-2020.04.1/bin/../lib/gcc/riscv64-unknown-elf/8.3.0/../../../../riscv64-unknown-elf/lib/rv32imac/ilp32\libc_nano.a(lib_a-nano-mallocr.o) (_sbrk_r)
c:/freedomstudio/sifive/riscv64-unknown-elf-gcc-8.3.0-2020.04.1/bin/../lib/gcc/riscv64-unknown-elf/8.3.0/../../../../riscv64-unknown-elf/lib/rv32imac/ilp32\libc_nano.a(lib_a-stdio.o)
                              c:/freedomstudio/sifive/riscv64-unknown-elf-gcc-8.3.0-2020.04.1/bin/../lib/gcc/riscv64-unknown-elf/8.3.0/../../../../riscv64-unknown-elf/lib/rv32imac/ilp32\libc_nano.a(lib_a-findfp.o) (__sread)
c:/freedomstudio/sifive/riscv64-unknown-elf-gcc-8.3.0-2020.04.1/bin/../lib/gcc/riscv64-unknown-elf/8.3.0/../../../../riscv64-unknown-elf/lib/rv32imac/ilp32\libc_nano.a(lib_a-wbuf.o)
                              c:/freedomstudio/sifive/riscv64-unknown-elf-gcc-8.3.0-2020.04.1/bin/../lib/gcc/riscv64-unknown-elf/8.3.0/../../../../riscv64-unknown-elf/lib/rv32imac/ilp32\libc_nano.a(lib_a-nano-vfprintf.o) (__swbuf_r)
c:/freedomstudio/sifive/riscv64-unknown-elf-gcc-8.3.0-2020.04.1/bin/../lib/gcc/riscv64-unknown-elf/8.3.0/../../../../riscv64-unknown-elf/lib/rv32imac/ilp32\libc_nano.a(lib_a-writer.o)
                              c:/freedomstudio/sifive/riscv64-unknown-elf-gcc-8.3.0-2020.04.1/bin/../lib/gcc/riscv64-unknown-elf/8.3.0/../../../../riscv64-unknown-elf/lib/rv32imac/ilp32\libc_nano.a(lib_a-stdio.o) (_write_r)
c:/freedomstudio/sifive/riscv64-unknown-elf-gcc-8.3.0-2020.04.1/bin/../lib/gcc/riscv64-unknown-elf/8.3.0/../../../../riscv64-unknown-elf/lib/rv32imac/ilp32\libc_nano.a(lib_a-wsetup.o)
                              c:/freedomstudio/sifive/riscv64-unknown-elf-gcc-8.3.0-2020.04.1/bin/../lib/gcc/riscv64-unknown-elf/8.3.0/../../../../riscv64-unknown-elf/lib/rv32imac/ilp32\libc_nano.a(lib_a-nano-vfprintf.o) (__swsetup_r)
[...]
Memory Configuration

Name             Origin             Length             Attributes
ram              0x0000000080000000 0x0000000000400000 axrwl
rom              0x0000000020400000 0x000000001fc00000 xrl !aw
*default*        0x0000000000000000 0xffffffffffffffff

Linker script and memory map

LOAD C:\Users\YOUNGB~1\AppData\Local\Temp\cce3JNec.o
LOAD C:\Users\YOUNGB~1\AppData\Local\Temp\ccvvl9hU.o
START GROUP
LOAD c:/freedomstudio/sifive/riscv64-unknown-elf-gcc-8.3.0-2020.04.1/bin/../lib/gcc/riscv64-unknown-elf/8.3.0/../../../../riscv64-unknown-elf/lib/rv32imac/ilp32\libc_nano.a
LOAD c:/freedomstudio/sifive/riscv64-unknown-elf-gcc-8.3.0-2020.04.1/bin/../lib/gcc/riscv64-unknown-elf/8.3.0/rv32imac/ilp32\libgcc.a
LOAD c:/freedomstudio/sifive/riscv64-unknown-elf-gcc-8.3.0-2020.04.1/bin/../lib/gcc/riscv64-unknown-elf/8.3.0/../../../../riscv64-unknown-elf/lib/rv32imac/ilp32\libm.a
LOAD C:/Users/YoungBeom/wsFreedomStudio/qemu_sifive_e31_hello/bsp/install/lib/release/\libmetal.a
LOAD C:/Users/YoungBeom/wsFreedomStudio/qemu_sifive_e31_hello/bsp/install/lib/release/\libmetal-gloss.a
END GROUP
                0x0000000000000400                __stack_size = DEFINED (__stack_size)?__stack_size:0x400
                [!provide]                        PROVIDE (__stack_size = __stack_size)
                0x0000000000000800                __heap_size = DEFINED (__heap_size)?__heap_size:0x800
                0x0000000000000000                PROVIDE (__metal_boot_hart = 0x0)
                0x0000000000000001                PROVIDE (__metal_chicken_bit = 0x1)
                0x0000000000000000                PROVIDE (__metal_eccscrub_bit = 0x0)
                0x0000000080000000                PROVIDE (metal_dtim_0_memory_start = 0x80000000)
                0x0000000080010000                PROVIDE (metal_dtim_0_memory_end = 0x80010000)

.init           0x0000000020400000      0x2ca
 *(.text.metal.init.enter)
 .text.metal.init.enter
                0x0000000020400000       0x90 C:/Users/YoungBeom/wsFreedomStudio/qemu_sifive_e31_hello/bsp/install/lib/release/\libmetal.a(entry.o)
                0x0000000020400000                _enter
 *(.text.metal.init.*)
 .text.metal.init.__register_frame_info
                0x0000000020400090        0x2 C:/Users/YoungBeom/wsFreedomStudio/qemu_sifive_e31_hello/bsp/install/lib/release/\libmetal.a(entry.o)
                0x0000000020400090                __register_frame_info
 .text.metal.init.scrub
                0x0000000020400092       0xe4 C:/Users/YoungBeom/wsFreedomStudio/qemu_sifive_e31_hello/bsp/install/lib/release/\libmetal.a(scrub.o)
                0x000000002040009e                __metal_before_start
 *fill*         0x0000000020400176        0x2 
 .text.metal.init.trapvec
                0x0000000020400178        0xe C:/Users/YoungBeom/wsFreedomStudio/qemu_sifive_e31_hello/bsp/install/lib/release/\libmetal.a(trap.o)
                0x0000000020400178                early_trap_vector
 *(SORT_NONE(.init))
 .init          0x0000000020400186        0x2 C:/Users/YoungBeom/wsFreedomStudio/qemu_sifive_e31_hello/bsp/install/lib/release/\libmetal.a(synchronize_harts.o)
                0x0000000020400186                __metal_synchronize_harts
 *(.text.libgloss.start)
 .text.libgloss.start
                0x0000000020400188      0x142 C:/Users/YoungBeom/wsFreedomStudio/qemu_sifive_e31_hello/bsp/install/lib/release/\libmetal-gloss.a(crt0.o)
                0x0000000020400188                _start
                0x00000000204002a8                _fini
                0x00000000204002a8                _init
                0x00000000204002aa                secondary_main

.fini
 *(SORT_NONE(.fini))

.preinit_array  0x00000000204002d0        0x0
                0x00000000204002d0                PROVIDE (__preinit_array_start = .)
 *(.preinit_array)
                0x00000000204002d0                PROVIDE (__preinit_array_end = .)

.init_array     0x00000000204002d0        0xc
                0x00000000204002d0                PROVIDE (__init_array_start = .)
 *(SORT_BY_INIT_PRIORITY(.init_array.*) SORT_BY_INIT_PRIORITY(.ctors.*))
 *(.init_array EXCLUDE_FILE(*crtend?.o *crtend.o *crtbegin?.o *crtbegin.o) .ctors)
                0x00000000204002d0                PROVIDE (__init_array_end = .)
                0x00000000204002d0                PROVIDE (metal_constructors_start = .)
 *(SORT_BY_INIT_PRIORITY(.metal.init_array.*))
 .metal.init_array.5000
                0x00000000204002d0        0x4 C:/Users/YoungBeom/wsFreedomStudio/qemu_sifive_e31_hello/bsp/install/lib/release/\libmetal.a(tty.o)
                0x00000000204002d0                _metal_tty_init_ptr
 .metal.init_array.5000
                0x00000000204002d4        0x8 C:/Users/YoungBeom/wsFreedomStudio/qemu_sifive_e31_hello/bsp/install/lib/release/\libmetal.a(sifive_fe310-g000_pll.o)
                0x00000000204002d4                _use_hfxosc_ptr
                0x00000000204002d8                _metal_sifive_fe310_g000_pll_init_ptr
 *(.metal.init_array)
                0x00000000204002dc                PROVIDE (metal_constructors_end = .)

.fini_array     0x00000000204002e0        0x0
                0x00000000204002e0                PROVIDE (__fini_array_start = .)
 *(SORT_BY_INIT_PRIORITY(.fini_array.*) SORT_BY_INIT_PRIORITY(.dtors.*))
 *(.fini_array EXCLUDE_FILE(*crtend?.o *crtend.o *crtbegin?.o *crtbegin.o) .dtors)
                0x00000000204002e0                PROVIDE (__fini_array_end = .)
                0x00000000204002e0                PROVIDE (metal_destructors_start = .)
 *(SORT_BY_INIT_PRIORITY(.metal.fini_array.*))
 *(.metal.fini_array)
                0x00000000204002e0                PROVIDE (metal_destructors_end = .)

.ctors          0x00000000204002dc       0x32
 *crtbegin.o(.ctors)
 *crtbegin?.o(.ctors)
 *(EXCLUDE_FILE(*crtend?.o *crtend.o) .ctors)
 *(SORT_BY_NAME(.ctors.*))
 *(.ctors)
 *(.metal.ctors .metal.ctors.*)
 .metal.ctors   0x00000000204002dc       0x12 C:/Users/YoungBeom/wsFreedomStudio/qemu_sifive_e31_hello/bsp/install/lib/release/\libmetal.a(tty.o)
                0x00000000204002dc                metal_tty_init
 .metal.ctors   0x00000000204002ee       0x20 C:/Users/YoungBeom/wsFreedomStudio/qemu_sifive_e31_hello/bsp/install/lib/release/\libmetal.a(sifive_fe310-g000_pll.o)
                0x00000000204002ee                metal_sifive_fe310_g000_pll_init
                0x00000000204002fa                use_hfxosc

.dtors
 *crtbegin.o(.dtors)
 *crtbegin?.o(.dtors)
 *(EXCLUDE_FILE(*crtend?.o *crtend.o) .dtors)
 *(SORT_BY_NAME(.dtors.*))
 *(.dtors)
 *(.metal.dtors .metal.dtors.*)

.rodata         0x0000000020400310      0xba0
 *(.rdata)
 *(.rodata .rodata.*)
 .rodata        0x0000000020400310       0x3b C:\Users\YOUNGB~1\AppData\Local\Temp\ccvvl9hU.o
 *fill*         0x000000002040034b        0x1 
 .rodata.__sf_fake_stderr
                0x000000002040034c       0x20 c:/freedomstudio/sifive/riscv64-unknown-elf-gcc-8.3.0-2020.04.1/bin/../lib/gcc/riscv64-unknown-elf/8.3.0/../../../../riscv64-unknown-elf/lib/rv32imac/ilp32\libc_nano.a(lib_a-findfp.o)
                0x000000002040034c                __sf_fake_stderr
 .rodata.__sf_fake_stdin
                0x000000002040036c       0x20 c:/freedomstudio/sifive/riscv64-unknown-elf-gcc-8.3.0-2020.04.1/bin/../lib/gcc/riscv64-unknown-elf/8.3.0/../../../../riscv64-unknown-elf/lib/rv32imac/ilp32\libc_nano.a(lib_a-findfp.o)
                0x000000002040036c                __sf_fake_stdin
 .rodata.__sf_fake_stdout
                0x000000002040038c       0x20 c:/freedomstudio/sifive/riscv64-unknown-elf-gcc-8.3.0-2020.04.1/bin/../lib/gcc/riscv64-unknown-elf/8.3.0/../../../../riscv64-unknown-elf/lib/rv32imac/ilp32\libc_nano.a(lib_a-findfp.o)
                0x000000002040038c                __sf_fake_stdout
 .rodata._vfprintf_r.str1.4
                0x00000000204003ac       0x13 c:/freedomstudio/sifive/riscv64-unknown-elf-gcc-8.3.0-2020.04.1/bin/../lib/gcc/riscv64-unknown-elf/8.3.0/../../../../riscv64-unknown-elf/lib/rv32imac/ilp32\libc_nano.a(lib_a-nano-vfprintf.o)
 *fill*         0x00000000204003bf        0x1 
 .rodata._printf_i.str1.4
                0x00000000204003c0       0x28 c:/freedomstudio/sifive/riscv64-unknown-elf-gcc-8.3.0-2020.04.1/bin/../lib/gcc/riscv64-unknown-elf/8.3.0/../../../../riscv64-unknown-elf/lib/rv32imac/ilp32\libc_nano.a(lib_a-nano-vfprintf_i.o)
                                         0x25 (size before relaxing)
 .rodata.libgloss.start
                0x00000000204003e8       0x11 C:/Users/YoungBeom/wsFreedomStudio/qemu_sifive_e31_hello/bsp/install/lib/release/\libmetal-gloss.a(crt0.o)
 *fill*         0x00000000204003f9        0x3 
 .rodata.__metal_driver_vtable_riscv_clint0
                0x00000000204003fc       0x64 C:/Users/YoungBeom/wsFreedomStudio/qemu_sifive_e31_hello/bsp/install/lib/release/\libmetal.a(riscv_clint0.o)
                0x00000000204003fc                __metal_driver_vtable_riscv_clint0
 .rodata.__metal_driver_vtable_cpu
                0x0000000020400460       0x44 C:/Users/YoungBeom/wsFreedomStudio/qemu_sifive_e31_hello/bsp/install/lib/release/\libmetal.a(riscv_cpu.o)
                0x0000000020400460                __metal_driver_vtable_cpu
 .rodata.__metal_driver_vtable_riscv_cpu_intc
                0x00000000204004a4       0x64 C:/Users/YoungBeom/wsFreedomStudio/qemu_sifive_e31_hello/bsp/install/lib/release/\libmetal.a(riscv_cpu.o)
                0x00000000204004a4                __metal_driver_vtable_riscv_cpu_intc
 .rodata.__metal_driver_vtable_riscv_plic0
                0x0000000020400508       0x64 C:/Users/YoungBeom/wsFreedomStudio/qemu_sifive_e31_hello/bsp/install/lib/release/\libmetal.a(riscv_plic0.o)
                0x0000000020400508                __metal_driver_vtable_riscv_plic0
 .rodata.__metal_driver_vtable_sifive_fe310_g000_pll
                0x000000002040056c        0xc C:/Users/YoungBeom/wsFreedomStudio/qemu_sifive_e31_hello/bsp/install/lib/release/\libmetal.a(sifive_fe310-g000_pll.o)
                0x000000002040056c                __metal_driver_vtable_sifive_fe310_g000_pll
 .rodata.pll_configs
                0x0000000020400578      0x880 C:/Users/YoungBeom/wsFreedomStudio/qemu_sifive_e31_hello/bsp/install/lib/release/\libmetal.a(sifive_fe310-g000_pll.o)
 .rodata.__metal_driver_sifive_gpio0_config_int
                0x0000000020400df8       0x20 C:/Users/YoungBeom/wsFreedomStudio/qemu_sifive_e31_hello/bsp/install/lib/release/\libmetal.a(sifive_gpio0.o)
 .rodata.__metal_driver_sifive_gpio0_clear_int
                0x0000000020400e18       0x1c C:/Users/YoungBeom/wsFreedomStudio/qemu_sifive_e31_hello/bsp/install/lib/release/\libmetal.a(sifive_gpio0.o)
 .rodata.__metal_driver_vtable_sifive_gpio0
                0x0000000020400e34       0x3c C:/Users/YoungBeom/wsFreedomStudio/qemu_sifive_e31_hello/bsp/install/lib/release/\libmetal.a(sifive_gpio0.o)
                0x0000000020400e34                __metal_driver_vtable_sifive_gpio0
 .rodata.__metal_driver_vtable_sifive_uart0
                0x0000000020400e70       0x40 C:/Users/YoungBeom/wsFreedomStudio/qemu_sifive_e31_hello/bsp/install/lib/release/\libmetal.a(sifive_uart0.o)
                0x0000000020400e70                __metal_driver_vtable_sifive_uart0
 *(.gnu.linkonce.r.*)
                0x0000000020400eb0                . = ALIGN (0x8)
 *fill*         0x0000000020400eb0        0x0 
 *(.srodata.cst16)
 *(.srodata.cst8)
 *(.srodata.cst4)
 *(.srodata.cst2)
 *(.srodata .srodata.*)

.itim           0x0000000080000000        0x0 load address 0x0000000020400eb0
 *(.itim .itim.*)
                0x0000000020400eb0                PROVIDE (metal_segment_itim_source_start = LOADADDR (.itim))
                0x0000000080000000                PROVIDE (metal_segment_itim_target_start = ADDR (.itim))
                0x0000000080000000                PROVIDE (metal_segment_itim_target_end = (ADDR (.itim) + SIZEOF (.itim)))

.text           0x0000000020400f00     0x3692
 *(.text.unlikely .text.unlikely.*)
 *(.text.startup .text.startup.*)
 .text.startup.main
                0x0000000020400f00       0x16 C:\Users\YOUNGB~1\AppData\Local\Temp\cce3JNec.o
                0x0000000020400f00                main
 *(.text .text.*)
 .text          0x0000000020400f16       0xbe C:\Users\YOUNGB~1\AppData\Local\Temp\ccvvl9hU.o
                0x0000000020400f16                test
                0x0000000020400f94                test_branch
 .text.printf   0x0000000020400fd4       0x42 c:/freedomstudio/sifive/riscv64-unknown-elf-gcc-8.3.0-2020.04.1/bin/../lib/gcc/riscv64-unknown-elf/8.3.0/../../../../riscv64-unknown-elf/lib/rv32imac/ilp32\libc_nano.a(lib_a-printf.o)
                0x0000000020400fd4                iprintf
                0x0000000020400fd4                printf
 .text.std      0x0000000020401016       0x68 c:/freedomstudio/sifive/riscv64-unknown-elf-gcc-8.3.0-2020.04.1/bin/../lib/gcc/riscv64-unknown-elf/8.3.0/../../../../riscv64-unknown-elf/lib/rv32imac/ilp32\libc_nano.a(lib_a-findfp.o)
 .text._cleanup_r
                0x000000002040107e        0xa c:/freedomstudio/sifive/riscv64-unknown-elf-gcc-8.3.0-2020.04.1/bin/../lib/gcc/riscv64-unknown-elf/8.3.0/../../../../riscv64-unknown-elf/lib/rv32imac/ilp32\libc_nano.a(lib_a-findfp.o)
                0x000000002040107e                _cleanup_r
 .text.__sfmoreglue
                0x0000000020401088       0x44 c:/freedomstudio/sifive/riscv64-unknown-elf-gcc-8.3.0-2020.04.1/bin/../lib/gcc/riscv64-unknown-elf/8.3.0/../../../../riscv64-unknown-elf/lib/rv32imac/ilp32\libc_nano.a(lib_a-findfp.o)
                0x0000000020401088                __sfmoreglue
 .text.__sinit  0x00000000204010cc       0x6a c:/freedomstudio/sifive/riscv64-unknown-elf-gcc-8.3.0-2020.04.1/bin/../lib/gcc/riscv64-unknown-elf/8.3.0/../../../../riscv64-unknown-elf/lib/rv32imac/ilp32\libc_nano.a(lib_a-findfp.o)
                0x00000000204010cc                __sinit
 .text.__sfp    0x0000000020401136       0x9e c:/freedomstudio/sifive/riscv64-unknown-elf-gcc-8.3.0-2020.04.1/bin/../lib/gcc/riscv64-unknown-elf/8.3.0/../../../../riscv64-unknown-elf/lib/rv32imac/ilp32\libc_nano.a(lib_a-findfp.o)
                0x0000000020401136                __sfp
 .text._fwalk_reent
                0x00000000204011d4       0x6c c:/freedomstudio/sifive/riscv64-unknown-elf-gcc-8.3.0-2020.04.1/bin/../lib/gcc/riscv64-unknown-elf/8.3.0/../../../../riscv64-unknown-elf/lib/rv32imac/ilp32\libc_nano.a(lib_a-fwalk.o)
                0x00000000204011d4                _fwalk_reent
 .text          0x0000000020401240       0x10 c:/freedomstudio/sifive/riscv64-unknown-elf-gcc-8.3.0-2020.04.1/bin/../lib/gcc/riscv64-unknown-elf/8.3.0/../../../../riscv64-unknown-elf/lib/rv32imac/ilp32\libc_nano.a(lib_a-memset.o)
                0x0000000020401240                memset
 .text._malloc_r
                0x0000000020401250       0xe4 c:/freedomstudio/sifive/riscv64-unknown-elf-gcc-8.3.0-2020.04.1/bin/../lib/gcc/riscv64-unknown-elf/8.3.0/../../../../riscv64-unknown-elf/lib/rv32imac/ilp32\libc_nano.a(lib_a-nano-mallocr.o)
                0x0000000020401250                _malloc_r
 .text.__sfputc_r
                0x0000000020401334       0x28 c:/freedomstudio/sifive/riscv64-unknown-elf-gcc-8.3.0-2020.04.1/bin/../lib/gcc/riscv64-unknown-elf/8.3.0/../../../../riscv64-unknown-elf/lib/rv32imac/ilp32\libc_nano.a(lib_a-nano-vfprintf.o)
 .text.__sfputs_r
                0x000000002040135c       0x42 c:/freedomstudio/sifive/riscv64-unknown-elf-gcc-8.3.0-2020.04.1/bin/../lib/gcc/riscv64-unknown-elf/8.3.0/../../../../riscv64-unknown-elf/lib/rv32imac/ilp32\libc_nano.a(lib_a-nano-vfprintf.o)
                0x000000002040135c                __sfputs_r
 .text._vfprintf_r
                0x000000002040139e      0x29a c:/freedomstudio/sifive/riscv64-unknown-elf-gcc-8.3.0-2020.04.1/bin/../lib/gcc/riscv64-unknown-elf/8.3.0/../../../../riscv64-unknown-elf/lib/rv32imac/ilp32\libc_nano.a(lib_a-nano-vfprintf.o)
                0x000000002040139e                _vfprintf_r
                0x000000002040139e                _vfiprintf_r
 .text._sbrk_r  0x0000000020401638       0x2a c:/freedomstudio/sifive/riscv64-unknown-elf-gcc-8.3.0-2020.04.1/bin/../lib/gcc/riscv64-unknown-elf/8.3.0/../../../../riscv64-unknown-elf/lib/rv32imac/ilp32\libc_nano.a(lib_a-sbrkr.o)
                0x0000000020401638                _sbrk_r
 .text.__sread  0x0000000020401662       0x32 c:/freedomstudio/sifive/riscv64-unknown-elf-gcc-8.3.0-2020.04.1/bin/../lib/gcc/riscv64-unknown-elf/8.3.0/../../../../riscv64-unknown-elf/lib/rv32imac/ilp32\libc_nano.a(lib_a-stdio.o)
                0x0000000020401662                __sread
 .text.__swrite
                0x0000000020401694       0x4e c:/freedomstudio/sifive/riscv64-unknown-elf-gcc-8.3.0-2020.04.1/bin/../lib/gcc/riscv64-unknown-elf/8.3.0/../../../../riscv64-unknown-elf/lib/rv32imac/ilp32\libc_nano.a(lib_a-stdio.o)
                0x0000000020401694                __swrite
 .text.__sseek  0x00000000204016e2       0x36 c:/freedomstudio/sifive/riscv64-unknown-elf-gcc-8.3.0-2020.04.1/bin/../lib/gcc/riscv64-unknown-elf/8.3.0/../../../../riscv64-unknown-elf/lib/rv32imac/ilp32\libc_nano.a(lib_a-stdio.o)
                0x00000000204016e2                __sseek
 .text.__sclose
                0x0000000020401718        0x6 c:/freedomstudio/sifive/riscv64-unknown-elf-gcc-8.3.0-2020.04.1/bin/../lib/gcc/riscv64-unknown-elf/8.3.0/../../../../riscv64-unknown-elf/lib/rv32imac/ilp32\libc_nano.a(lib_a-stdio.o)
                0x0000000020401718                __sclose
 .text.__swbuf_r
                0x000000002040171e       0xc0 c:/freedomstudio/sifive/riscv64-unknown-elf-gcc-8.3.0-2020.04.1/bin/../lib/gcc/riscv64-unknown-elf/8.3.0/../../../../riscv64-unknown-elf/lib/rv32imac/ilp32\libc_nano.a(lib_a-wbuf.o)
                0x000000002040171e                __swbuf_r
 .text._write_r
                0x00000000204017de       0x2e c:/freedomstudio/sifive/riscv64-unknown-elf-gcc-8.3.0-2020.04.1/bin/../lib/gcc/riscv64-unknown-elf/8.3.0/../../../../riscv64-unknown-elf/lib/rv32imac/ilp32\libc_nano.a(lib_a-writer.o)
                0x00000000204017de                _write_r
 .text.__swsetup_r
                0x000000002040180c      0x112 c:/freedomstudio/sifive/riscv64-unknown-elf-gcc-8.3.0-2020.04.1/bin/../lib/gcc/riscv64-unknown-elf/8.3.0/../../../../riscv64-unknown-elf/lib/rv32imac/ilp32\libc_nano.a(lib_a-wsetup.o)
                0x000000002040180c                __swsetup_r
 .text._close_r
                0x000000002040191e       0x2a c:/freedomstudio/sifive/riscv64-unknown-elf-gcc-8.3.0-2020.04.1/bin/../lib/gcc/riscv64-unknown-elf/8.3.0/../../../../riscv64-unknown-elf/lib/rv32imac/ilp32\libc_nano.a(lib_a-closer.o)
                0x000000002040191e                _close_r
 .text.__sflush_r
                0x0000000020401948      0x14a c:/freedomstudio/sifive/riscv64-unknown-elf-gcc-8.3.0-2020.04.1/bin/../lib/gcc/riscv64-unknown-elf/8.3.0/../../../../riscv64-unknown-elf/lib/rv32imac/ilp32\libc_nano.a(lib_a-fflush.o)
                0x0000000020401948                __sflush_r
 .text._fflush_r
                0x0000000020401a92       0x66 c:/freedomstudio/sifive/riscv64-unknown-elf-gcc-8.3.0-2020.04.1/bin/../lib/gcc/riscv64-unknown-elf/8.3.0/../../../../riscv64-unknown-elf/lib/rv32imac/ilp32\libc_nano.a(lib_a-fflush.o)
                0x0000000020401a92                _fflush_r
 .text._lseek_r
                0x0000000020401af8       0x2c c:/freedomstudio/sifive/riscv64-unknown-elf-gcc-8.3.0-2020.04.1/bin/../lib/gcc/riscv64-unknown-elf/8.3.0/../../../../riscv64-unknown-elf/lib/rv32imac/ilp32\libc_nano.a(lib_a-lseekr.o)
                0x0000000020401af8                _lseek_r
 .text.__swhatbuf_r
                0x0000000020401b24       0x58 c:/freedomstudio/sifive/riscv64-unknown-elf-gcc-8.3.0-2020.04.1/bin/../lib/gcc/riscv64-unknown-elf/8.3.0/../../../../riscv64-unknown-elf/lib/rv32imac/ilp32\libc_nano.a(lib_a-makebuf.o)
                0x0000000020401b24                __swhatbuf_r
 .text.__smakebuf_r
                0x0000000020401b7c       0x9e c:/freedomstudio/sifive/riscv64-unknown-elf-gcc-8.3.0-2020.04.1/bin/../lib/gcc/riscv64-unknown-elf/8.3.0/../../../../riscv64-unknown-elf/lib/rv32imac/ilp32\libc_nano.a(lib_a-makebuf.o)
                0x0000000020401b7c                __smakebuf_r
 .text.memchr   0x0000000020401c1a       0x1a c:/freedomstudio/sifive/riscv64-unknown-elf-gcc-8.3.0-2020.04.1/bin/../lib/gcc/riscv64-unknown-elf/8.3.0/../../../../riscv64-unknown-elf/lib/rv32imac/ilp32\libc_nano.a(lib_a-memchr.o)
                0x0000000020401c1a                memchr
 .text.__malloc_lock
                0x0000000020401c34        0x2 c:/freedomstudio/sifive/riscv64-unknown-elf-gcc-8.3.0-2020.04.1/bin/../lib/gcc/riscv64-unknown-elf/8.3.0/../../../../riscv64-unknown-elf/lib/rv32imac/ilp32\libc_nano.a(lib_a-mlock.o)
                0x0000000020401c34                __malloc_lock
 .text.__malloc_unlock
                0x0000000020401c36        0x2 c:/freedomstudio/sifive/riscv64-unknown-elf-gcc-8.3.0-2020.04.1/bin/../lib/gcc/riscv64-unknown-elf/8.3.0/../../../../riscv64-unknown-elf/lib/rv32imac/ilp32\libc_nano.a(lib_a-mlock.o)
                0x0000000020401c36                __malloc_unlock
 .text._free_r  0x0000000020401c38       0xac c:/freedomstudio/sifive/riscv64-unknown-elf-gcc-8.3.0-2020.04.1/bin/../lib/gcc/riscv64-unknown-elf/8.3.0/../../../../riscv64-unknown-elf/lib/rv32imac/ilp32\libc_nano.a(lib_a-nano-freer.o)
                0x0000000020401c38                _free_r
 .text._printf_common
                0x0000000020401ce4      0x10c c:/freedomstudio/sifive/riscv64-unknown-elf-gcc-8.3.0-2020.04.1/bin/../lib/gcc/riscv64-unknown-elf/8.3.0/../../../../riscv64-unknown-elf/lib/rv32imac/ilp32\libc_nano.a(lib_a-nano-vfprintf_i.o)
                0x0000000020401ce4                _printf_common
 .text._printf_i
                0x0000000020401df0      0x2a2 c:/freedomstudio/sifive/riscv64-unknown-elf-gcc-8.3.0-2020.04.1/bin/../lib/gcc/riscv64-unknown-elf/8.3.0/../../../../riscv64-unknown-elf/lib/rv32imac/ilp32\libc_nano.a(lib_a-nano-vfprintf_i.o)
                0x0000000020401df0                _printf_i
 .text._read_r  0x0000000020402092       0x2c c:/freedomstudio/sifive/riscv64-unknown-elf-gcc-8.3.0-2020.04.1/bin/../lib/gcc/riscv64-unknown-elf/8.3.0/../../../../riscv64-unknown-elf/lib/rv32imac/ilp32\libc_nano.a(lib_a-readr.o)
                0x0000000020402092                _read_r
 .text._fstat_r
                0x00000000204020be       0x2a c:/freedomstudio/sifive/riscv64-unknown-elf-gcc-8.3.0-2020.04.1/bin/../lib/gcc/riscv64-unknown-elf/8.3.0/../../../../riscv64-unknown-elf/lib/rv32imac/ilp32\libc_nano.a(lib_a-fstatr.o)
                0x00000000204020be                _fstat_r
 .text._isatty_r
                0x00000000204020e8       0x28 c:/freedomstudio/sifive/riscv64-unknown-elf-gcc-8.3.0-2020.04.1/bin/../lib/gcc/riscv64-unknown-elf/8.3.0/../../../../riscv64-unknown-elf/lib/rv32imac/ilp32\libc_nano.a(lib_a-isattyr.o)
                0x00000000204020e8                _isatty_r
 .text._close   0x0000000020402110       0x14 C:/Users/YoungBeom/wsFreedomStudio/qemu_sifive_e31_hello/bsp/install/lib/release/\libmetal-gloss.a(sys_close.o)
                0x0000000020402110                _close
 .text._fstat   0x0000000020402124       0x14 C:/Users/YoungBeom/wsFreedomStudio/qemu_sifive_e31_hello/bsp/install/lib/release/\libmetal-gloss.a(sys_fstat.o)
                0x0000000020402124                _fstat
 .text._isatty  0x0000000020402138        0x8 C:/Users/YoungBeom/wsFreedomStudio/qemu_sifive_e31_hello/bsp/install/lib/release/\libmetal-gloss.a(sys_isatty.o)
                0x0000000020402138                _isatty
 .text._lseek   0x0000000020402140       0x14 C:/Users/YoungBeom/wsFreedomStudio/qemu_sifive_e31_hello/bsp/install/lib/release/\libmetal-gloss.a(sys_lseek.o)
                0x0000000020402140                _lseek
 .text._read    0x0000000020402154       0x14 C:/Users/YoungBeom/wsFreedomStudio/qemu_sifive_e31_hello/bsp/install/lib/release/\libmetal-gloss.a(sys_read.o)
                0x0000000020402154                _read
 .text._sbrk    0x0000000020402168       0x24 C:/Users/YoungBeom/wsFreedomStudio/qemu_sifive_e31_hello/bsp/install/lib/release/\libmetal-gloss.a(sys_sbrk.o)
                0x0000000020402168                _sbrk
 .text._write   0x000000002040218c       0x3a C:/Users/YoungBeom/wsFreedomStudio/qemu_sifive_e31_hello/bsp/install/lib/release/\libmetal-gloss.a(sys_write.o)
                0x000000002040218c                _write
                0x000000002040218c                write
 .text.atexit   0x00000000204021c6        0xa c:/freedomstudio/sifive/riscv64-unknown-elf-gcc-8.3.0-2020.04.1/bin/../lib/gcc/riscv64-unknown-elf/8.3.0/../../../../riscv64-unknown-elf/lib/rv32imac/ilp32\libc_nano.a(lib_a-atexit.o)
                0x00000000204021c6                atexit
 .text.__errno  0x00000000204021d0        0xc c:/freedomstudio/sifive/riscv64-unknown-elf-gcc-8.3.0-2020.04.1/bin/../lib/gcc/riscv64-unknown-elf/8.3.0/../../../../riscv64-unknown-elf/lib/rv32imac/ilp32\libc_nano.a(lib_a-errno.o)
                0x00000000204021d0                __errno
 .text.exit     0x00000000204021dc       0x2c c:/freedomstudio/sifive/riscv64-unknown-elf-gcc-8.3.0-2020.04.1/bin/../lib/gcc/riscv64-unknown-elf/8.3.0/../../../../riscv64-unknown-elf/lib/rv32imac/ilp32\libc_nano.a(lib_a-exit.o)
                0x00000000204021dc                exit
 .text.__libc_fini_array
                0x0000000020402208       0x38 c:/freedomstudio/sifive/riscv64-unknown-elf-gcc-8.3.0-2020.04.1/bin/../lib/gcc/riscv64-unknown-elf/8.3.0/../../../../riscv64-unknown-elf/lib/rv32imac/ilp32\libc_nano.a(lib_a-fini.o)
                0x0000000020402208                __libc_fini_array
 .text.__libc_init_array
                0x0000000020402240       0x6a c:/freedomstudio/sifive/riscv64-unknown-elf-gcc-8.3.0-2020.04.1/bin/../lib/gcc/riscv64-unknown-elf/8.3.0/../../../../riscv64-unknown-elf/lib/rv32imac/ilp32\libc_nano.a(lib_a-init.o)
                0x0000000020402240                __libc_init_array
 .text.__register_exitproc
                0x00000000204022aa       0x88 c:/freedomstudio/sifive/riscv64-unknown-elf-gcc-8.3.0-2020.04.1/bin/../lib/gcc/riscv64-unknown-elf/8.3.0/../../../../riscv64-unknown-elf/lib/rv32imac/ilp32\libc_nano.a(lib_a-__atexit.o)
                0x00000000204022aa                __register_exitproc
 .text.__call_exitprocs
                0x0000000020402332       0xc8 c:/freedomstudio/sifive/riscv64-unknown-elf-gcc-8.3.0-2020.04.1/bin/../lib/gcc/riscv64-unknown-elf/8.3.0/../../../../riscv64-unknown-elf/lib/rv32imac/ilp32\libc_nano.a(lib_a-__call_atexit.o)
                0x0000000020402332                __call_exitprocs
 .text.metal_init
                0x00000000204023fa       0x48 C:/Users/YoungBeom/wsFreedomStudio/qemu_sifive_e31_hello/bsp/install/lib/release/\libmetal.a(init.o)
                0x00000000204023fa                metal_init
 .text.metal_fini
                0x0000000020402442       0x48 C:/Users/YoungBeom/wsFreedomStudio/qemu_sifive_e31_hello/bsp/install/lib/release/\libmetal.a(init.o)
                0x0000000020402442                metal_fini
 .text.metal_init_run
                0x000000002040248a        0x2 C:/Users/YoungBeom/wsFreedomStudio/qemu_sifive_e31_hello/bsp/install/lib/release/\libmetal.a(init.o)
                0x000000002040248a                metal_init_run
 .text.metal_fini_run
                0x000000002040248c        0x2 C:/Users/YoungBeom/wsFreedomStudio/qemu_sifive_e31_hello/bsp/install/lib/release/\libmetal.a(init.o)
                0x000000002040248c                metal_fini_run
 .text.metal_tty_putc_raw
                0x000000002040248e        0xc C:/Users/YoungBeom/wsFreedomStudio/qemu_sifive_e31_hello/bsp/install/lib/release/\libmetal.a(tty.o)
                0x000000002040248e                metal_tty_putc_raw
 .text.metal_tty_putc
                0x000000002040249a       0x1c C:/Users/YoungBeom/wsFreedomStudio/qemu_sifive_e31_hello/bsp/install/lib/release/\libmetal.a(tty.o)
                0x000000002040249a                metal_tty_putc
 .text.metal_uart_init
                0x00000000204024b6        0x8 C:/Users/YoungBeom/wsFreedomStudio/qemu_sifive_e31_hello/bsp/install/lib/release/\libmetal.a(uart.o)
                0x00000000204024b6                metal_uart_init
 .text.metal_uart_putc
                0x00000000204024be        0x8 C:/Users/YoungBeom/wsFreedomStudio/qemu_sifive_e31_hello/bsp/install/lib/release/\libmetal.a(uart.o)
                0x00000000204024be                metal_uart_putc
 .text.metal_uart_set_baud_rate
                0x00000000204024c6        0x8 C:/Users/YoungBeom/wsFreedomStudio/qemu_sifive_e31_hello/bsp/install/lib/release/\libmetal.a(uart.o)
                0x00000000204024c6                metal_uart_set_baud_rate
 .text.__metal_driver_riscv_clint0_mtimecmp_set
                0x00000000204024ce       0x2c C:/Users/YoungBeom/wsFreedomStudio/qemu_sifive_e31_hello/bsp/install/lib/release/\libmetal.a(riscv_clint0.o)
                0x00000000204024ce                __metal_driver_riscv_clint0_mtimecmp_set
 .text.__metal_driver_riscv_clint0_vector_register
                0x00000000204024fa        0x4 C:/Users/YoungBeom/wsFreedomStudio/qemu_sifive_e31_hello/bsp/install/lib/release/\libmetal.a(riscv_clint0.o)
                0x00000000204024fa                __metal_driver_riscv_clint0_vector_register
 .text.__metal_driver_riscv_clint0_get_vector_mode
                0x00000000204024fe        0x4 C:/Users/YoungBeom/wsFreedomStudio/qemu_sifive_e31_hello/bsp/install/lib/release/\libmetal.a(riscv_clint0.o)
                0x00000000204024fe                __metal_driver_riscv_clint0_get_vector_mode
 .text._get_cpu_intc
                0x0000000020402502       0x14 C:/Users/YoungBeom/wsFreedomStudio/qemu_sifive_e31_hello/bsp/install/lib/release/\libmetal.a(riscv_clint0.o)
 .text.__metal_driver_riscv_clint0_set_vector_mode
                0x0000000020402516       0x26 C:/Users/YoungBeom/wsFreedomStudio/qemu_sifive_e31_hello/bsp/install/lib/release/\libmetal.a(riscv_clint0.o)
                0x0000000020402516                __metal_driver_riscv_clint0_set_vector_mode
 .text.__metal_driver_riscv_clint0_init
                0x000000002040253c       0x56 C:/Users/YoungBeom/wsFreedomStudio/qemu_sifive_e31_hello/bsp/install/lib/release/\libmetal.a(riscv_clint0.o)
                0x000000002040253c                __metal_driver_riscv_clint0_init
 .text.__metal_driver_riscv_clint0_disable
                0x0000000020402592       0x4e C:/Users/YoungBeom/wsFreedomStudio/qemu_sifive_e31_hello/bsp/install/lib/release/\libmetal.a(riscv_clint0.o)
                0x0000000020402592                __metal_driver_riscv_clint0_disable
 .text.__metal_driver_riscv_clint0_enable
                0x00000000204025e0       0x4e C:/Users/YoungBeom/wsFreedomStudio/qemu_sifive_e31_hello/bsp/install/lib/release/\libmetal.a(riscv_clint0.o)
                0x00000000204025e0                __metal_driver_riscv_clint0_enable
 .text.__metal_driver_riscv_clint0_register
                0x000000002040262e       0x64 C:/Users/YoungBeom/wsFreedomStudio/qemu_sifive_e31_hello/bsp/install/lib/release/\libmetal.a(riscv_clint0.o)
                0x000000002040262e                __metal_driver_riscv_clint0_register
 .text.__metal_clint0_mtime_get
                0x0000000020402692       0x2a C:/Users/YoungBeom/wsFreedomStudio/qemu_sifive_e31_hello/bsp/install/lib/release/\libmetal.a(riscv_clint0.o)
                0x0000000020402692                __metal_clint0_mtime_get
 .text.__metal_driver_riscv_clint0_command_request
                0x00000000204026bc       0x88 C:/Users/YoungBeom/wsFreedomStudio/qemu_sifive_e31_hello/bsp/install/lib/release/\libmetal.a(riscv_clint0.o)
                0x00000000204026bc                __metal_driver_riscv_clint0_command_request
 .text.__metal_driver_riscv_clint0_clear_interrupt
                0x0000000020402744       0x1e C:/Users/YoungBeom/wsFreedomStudio/qemu_sifive_e31_hello/bsp/install/lib/release/\libmetal.a(riscv_clint0.o)
                0x0000000020402744                __metal_driver_riscv_clint0_clear_interrupt
 .text.__metal_driver_riscv_clint0_set_interrupt
                0x0000000020402762       0x1e C:/Users/YoungBeom/wsFreedomStudio/qemu_sifive_e31_hello/bsp/install/lib/release/\libmetal.a(riscv_clint0.o)
                0x0000000020402762                __metal_driver_riscv_clint0_set_interrupt
 .text.__metal_default_sw_handler
                0x0000000020402780       0x42 C:/Users/YoungBeom/wsFreedomStudio/qemu_sifive_e31_hello/bsp/install/lib/release/\libmetal.a(riscv_cpu.o)
                0x0000000020402780                __metal_default_sw_handler
 .text.__metal_default_beu_handler
                0x00000000204027c2        0x2 C:/Users/YoungBeom/wsFreedomStudio/qemu_sifive_e31_hello/bsp/install/lib/release/\libmetal.a(riscv_cpu.o)
                0x00000000204027c2                __metal_default_beu_handler
 *fill*         0x00000000204027c4       0x3c 
 .text.__metal_exception_handler
                0x0000000020402800       0xfa C:/Users/YoungBeom/wsFreedomStudio/qemu_sifive_e31_hello/bsp/install/lib/release/\libmetal.a(riscv_cpu.o)
                0x0000000020402800                __metal_exception_handler
 .text.__metal_driver_riscv_cpu_controller_command_request
                0x00000000204028fa        0x4 C:/Users/YoungBeom/wsFreedomStudio/qemu_sifive_e31_hello/bsp/install/lib/release/\libmetal.a(riscv_cpu.o)
                0x00000000204028fa                __metal_driver_riscv_cpu_controller_command_request
 .text.__metal_driver_cpu_mcycle_get
                0x00000000204028fe       0x12 C:/Users/YoungBeom/wsFreedomStudio/qemu_sifive_e31_hello/bsp/install/lib/release/\libmetal.a(riscv_cpu.o)
                0x00000000204028fe                __metal_driver_cpu_mcycle_get
 .text.__metal_driver_cpu_timebase_get
                0x0000000020402910       0x22 C:/Users/YoungBeom/wsFreedomStudio/qemu_sifive_e31_hello/bsp/install/lib/release/\libmetal.a(riscv_cpu.o)
                0x0000000020402910                __metal_driver_cpu_timebase_get
 .text.__metal_driver_cpu_mtime_get
                0x0000000020402932       0x32 C:/Users/YoungBeom/wsFreedomStudio/qemu_sifive_e31_hello/bsp/install/lib/release/\libmetal.a(riscv_cpu.o)
                0x0000000020402932                __metal_driver_cpu_mtime_get
 .text.__metal_driver_cpu_timer_controller_interrupt
                0x0000000020402964        0xa C:/Users/YoungBeom/wsFreedomStudio/qemu_sifive_e31_hello/bsp/install/lib/release/\libmetal.a(riscv_cpu.o)
                0x0000000020402964                __metal_driver_cpu_timer_controller_interrupt
 .text.__metal_driver_cpu_get_timer_interrupt_id
                0x000000002040296e        0x4 C:/Users/YoungBeom/wsFreedomStudio/qemu_sifive_e31_hello/bsp/install/lib/release/\libmetal.a(riscv_cpu.o)
                0x000000002040296e                __metal_driver_cpu_get_timer_interrupt_id
 .text.__metal_driver_cpu_get_sw_interrupt_id
                0x0000000020402972        0x4 C:/Users/YoungBeom/wsFreedomStudio/qemu_sifive_e31_hello/bsp/install/lib/release/\libmetal.a(riscv_cpu.o)
                0x0000000020402972                __metal_driver_cpu_get_sw_interrupt_id
 .text.__metal_driver_cpu_set_sw_ipi
                0x0000000020402976       0x30 C:/Users/YoungBeom/wsFreedomStudio/qemu_sifive_e31_hello/bsp/install/lib/release/\libmetal.a(riscv_cpu.o)
                0x0000000020402976                __metal_driver_cpu_set_sw_ipi
 .text.__metal_driver_cpu_clear_sw_ipi
                0x00000000204029a6       0x30 C:/Users/YoungBeom/wsFreedomStudio/qemu_sifive_e31_hello/bsp/install/lib/release/\libmetal.a(riscv_cpu.o)
                0x00000000204029a6                __metal_driver_cpu_clear_sw_ipi
 .text.__metal_driver_cpu_get_msip
                0x00000000204029d6       0x30 C:/Users/YoungBeom/wsFreedomStudio/qemu_sifive_e31_hello/bsp/install/lib/release/\libmetal.a(riscv_cpu.o)
                0x00000000204029d6                __metal_driver_cpu_get_msip
 .text.__metal_driver_cpu_controller_interrupt
                0x0000000020402a06       0x16 C:/Users/YoungBeom/wsFreedomStudio/qemu_sifive_e31_hello/bsp/install/lib/release/\libmetal.a(riscv_cpu.o)
                0x0000000020402a06                __metal_driver_cpu_controller_interrupt
 .text.__metal_driver_cpu_get_instruction_length
                0x0000000020402a1c       0x12 C:/Users/YoungBeom/wsFreedomStudio/qemu_sifive_e31_hello/bsp/install/lib/release/\libmetal.a(riscv_cpu.o)
                0x0000000020402a1c                __metal_driver_cpu_get_instruction_length
 .text.__metal_driver_cpu_get_exception_pc
                0x0000000020402a2e        0x6 C:/Users/YoungBeom/wsFreedomStudio/qemu_sifive_e31_hello/bsp/install/lib/release/\libmetal.a(riscv_cpu.o)
                0x0000000020402a2e                __metal_driver_cpu_get_exception_pc
 .text.__metal_driver_cpu_set_exception_pc
                0x0000000020402a34        0x8 C:/Users/YoungBeom/wsFreedomStudio/qemu_sifive_e31_hello/bsp/install/lib/release/\libmetal.a(riscv_cpu.o)
                0x0000000020402a34                __metal_driver_cpu_set_exception_pc
 .text.__metal_driver_cpu_get_buserror
                0x0000000020402a3c        0x4 C:/Users/YoungBeom/wsFreedomStudio/qemu_sifive_e31_hello/bsp/install/lib/release/\libmetal.a(riscv_cpu.o)
                0x0000000020402a3c                __metal_driver_cpu_get_buserror
 .text.__metal_default_exception_handler
                0x0000000020402a40        0xc C:/Users/YoungBeom/wsFreedomStudio/qemu_sifive_e31_hello/bsp/install/lib/release/\libmetal.a(riscv_cpu.o)
                0x0000000020402a40                __metal_default_exception_handler
 .text.__metal_default_interrupt_handler
                0x0000000020402a4c        0xc C:/Users/YoungBeom/wsFreedomStudio/qemu_sifive_e31_hello/bsp/install/lib/release/\libmetal.a(riscv_cpu.o)
                0x0000000020402a4c                __metal_default_interrupt_handler
 .text.__metal_driver_cpu_mtimecmp_set
                0x0000000020402a58       0x24 C:/Users/YoungBeom/wsFreedomStudio/qemu_sifive_e31_hello/bsp/install/lib/release/\libmetal.a(riscv_cpu.o)
                0x0000000020402a58                __metal_driver_cpu_mtimecmp_set
 .text.__metal_default_timer_handler
                0x0000000020402a7c       0x38 C:/Users/YoungBeom/wsFreedomStudio/qemu_sifive_e31_hello/bsp/install/lib/release/\libmetal.a(riscv_cpu.o)
                0x0000000020402a7c                __metal_default_timer_handler
 .text.__metal_driver_riscv_cpu_controller_interrupt_init
                0x0000000020402ab4       0x5e C:/Users/YoungBeom/wsFreedomStudio/qemu_sifive_e31_hello/bsp/install/lib/release/\libmetal.a(riscv_cpu.o)
                0x0000000020402ab4                __metal_driver_riscv_cpu_controller_interrupt_init
 .text.__metal_driver_cpu_exception_register
                0x0000000020402b12       0x2c C:/Users/YoungBeom/wsFreedomStudio/qemu_sifive_e31_hello/bsp/install/lib/release/\libmetal.a(riscv_cpu.o)
                0x0000000020402b12                __metal_driver_cpu_exception_register
 .text.__metal_driver_cpu_sw_controller_interrupt
                0x0000000020402b3e        0xa C:/Users/YoungBeom/wsFreedomStudio/qemu_sifive_e31_hello/bsp/install/lib/release/\libmetal.a(riscv_cpu.o)
                0x0000000020402b3e                __metal_driver_cpu_sw_controller_interrupt
 .text.__metal_driver_riscv_cpu_controller_set_vector_mode
                0x0000000020402b48       0x32 C:/Users/YoungBeom/wsFreedomStudio/qemu_sifive_e31_hello/bsp/install/lib/release/\libmetal.a(riscv_cpu.o)
                0x0000000020402b48                __metal_driver_riscv_cpu_controller_set_vector_mode
 .text.__metal_myhart_id
                0x0000000020402b7a        0x6 C:/Users/YoungBeom/wsFreedomStudio/qemu_sifive_e31_hello/bsp/install/lib/release/\libmetal.a(riscv_cpu.o)
                0x0000000020402b7a                __metal_myhart_id
 .text.metal_interrupt_vector_handler
                0x0000000020402b80       0x2a C:/Users/YoungBeom/wsFreedomStudio/qemu_sifive_e31_hello/bsp/install/lib/release/\libmetal.a(riscv_cpu.o)
                0x0000000020402b80                metal_interrupt_vector_handler
 .text.metal_software_interrupt_vector_handler
                0x0000000020402baa       0x7c C:/Users/YoungBeom/wsFreedomStudio/qemu_sifive_e31_hello/bsp/install/lib/release/\libmetal.a(riscv_cpu.o)
                0x0000000020402baa                metal_software_interrupt_vector_handler
 .text.metal_timer_interrupt_vector_handler
                0x0000000020402c26       0x7c C:/Users/YoungBeom/wsFreedomStudio/qemu_sifive_e31_hello/bsp/install/lib/release/\libmetal.a(riscv_cpu.o)
                0x0000000020402c26                metal_timer_interrupt_vector_handler
 .text.metal_lc0_interrupt_vector_handler
                0x0000000020402ca2       0x7c C:/Users/YoungBeom/wsFreedomStudio/qemu_sifive_e31_hello/bsp/install/lib/release/\libmetal.a(riscv_cpu.o)
                0x0000000020402ca2                metal_lc0_interrupt_vector_handler
 .text.metal_lc1_interrupt_vector_handler
                0x0000000020402d1e       0x7c C:/Users/YoungBeom/wsFreedomStudio/qemu_sifive_e31_hello/bsp/install/lib/release/\libmetal.a(riscv_cpu.o)
                0x0000000020402d1e                metal_lc1_interrupt_vector_handler
 .text.metal_lc2_interrupt_vector_handler
                0x0000000020402d9a       0x7c C:/Users/YoungBeom/wsFreedomStudio/qemu_sifive_e31_hello/bsp/install/lib/release/\libmetal.a(riscv_cpu.o)
                0x0000000020402d9a                metal_lc2_interrupt_vector_handler
 .text.metal_lc3_interrupt_vector_handler
                0x0000000020402e16       0x7c C:/Users/YoungBeom/wsFreedomStudio/qemu_sifive_e31_hello/bsp/install/lib/release/\libmetal.a(riscv_cpu.o)
                0x0000000020402e16                metal_lc3_interrupt_vector_handler
 .text.metal_lc4_interrupt_vector_handler
                0x0000000020402e92       0x7c C:/Users/YoungBeom/wsFreedomStudio/qemu_sifive_e31_hello/bsp/install/lib/release/\libmetal.a(riscv_cpu.o)
                0x0000000020402e92                metal_lc4_interrupt_vector_handler
 .text.metal_lc5_interrupt_vector_handler
                0x0000000020402f0e       0x7c C:/Users/YoungBeom/wsFreedomStudio/qemu_sifive_e31_hello/bsp/install/lib/release/\libmetal.a(riscv_cpu.o)
                0x0000000020402f0e                metal_lc5_interrupt_vector_handler
 .text.metal_lc6_interrupt_vector_handler
                0x0000000020402f8a       0x7c C:/Users/YoungBeom/wsFreedomStudio/qemu_sifive_e31_hello/bsp/install/lib/release/\libmetal.a(riscv_cpu.o)
                0x0000000020402f8a                metal_lc6_interrupt_vector_handler
 .text.metal_lc7_interrupt_vector_handler
                0x0000000020403006       0x7c C:/Users/YoungBeom/wsFreedomStudio/qemu_sifive_e31_hello/bsp/install/lib/release/\libmetal.a(riscv_cpu.o)
                0x0000000020403006                metal_lc7_interrupt_vector_handler
 .text.metal_lc8_interrupt_vector_handler
                0x0000000020403082       0x7c C:/Users/YoungBeom/wsFreedomStudio/qemu_sifive_e31_hello/bsp/install/lib/release/\libmetal.a(riscv_cpu.o)
                0x0000000020403082                metal_lc8_interrupt_vector_handler
 .text.metal_lc9_interrupt_vector_handler
                0x00000000204030fe       0x7c C:/Users/YoungBeom/wsFreedomStudio/qemu_sifive_e31_hello/bsp/install/lib/release/\libmetal.a(riscv_cpu.o)
                0x00000000204030fe                metal_lc9_interrupt_vector_handler
 .text.metal_lc10_interrupt_vector_handler
                0x000000002040317a       0x7c C:/Users/YoungBeom/wsFreedomStudio/qemu_sifive_e31_hello/bsp/install/lib/release/\libmetal.a(riscv_cpu.o)
                0x000000002040317a                metal_lc10_interrupt_vector_handler
 .text.metal_lc11_interrupt_vector_handler
                0x00000000204031f6       0x7c C:/Users/YoungBeom/wsFreedomStudio/qemu_sifive_e31_hello/bsp/install/lib/release/\libmetal.a(riscv_cpu.o)
                0x00000000204031f6                metal_lc11_interrupt_vector_handler
 .text.metal_lc12_interrupt_vector_handler
                0x0000000020403272       0x7c C:/Users/YoungBeom/wsFreedomStudio/qemu_sifive_e31_hello/bsp/install/lib/release/\libmetal.a(riscv_cpu.o)
                0x0000000020403272                metal_lc12_interrupt_vector_handler
 .text.metal_lc13_interrupt_vector_handler
                0x00000000204032ee       0x7c C:/Users/YoungBeom/wsFreedomStudio/qemu_sifive_e31_hello/bsp/install/lib/release/\libmetal.a(riscv_cpu.o)
                0x00000000204032ee                metal_lc13_interrupt_vector_handler
 .text.metal_lc14_interrupt_vector_handler
                0x000000002040336a       0x7c C:/Users/YoungBeom/wsFreedomStudio/qemu_sifive_e31_hello/bsp/install/lib/release/\libmetal.a(riscv_cpu.o)
                0x000000002040336a                metal_lc14_interrupt_vector_handler
 .text.metal_lc15_interrupt_vector_handler
                0x00000000204033e6       0x7c C:/Users/YoungBeom/wsFreedomStudio/qemu_sifive_e31_hello/bsp/install/lib/release/\libmetal.a(riscv_cpu.o)
                0x00000000204033e6                metal_lc15_interrupt_vector_handler
 .text.__metal_controller_interrupt_vector_mode
                0x0000000020403462       0x1e C:/Users/YoungBeom/wsFreedomStudio/qemu_sifive_e31_hello/bsp/install/lib/release/\libmetal.a(riscv_cpu.o)
                0x0000000020403462                __metal_controller_interrupt_vector_mode
 .text.__metal_driver_riscv_cpu_controller_get_vector_mode
                0x0000000020403480        0x2 C:/Users/YoungBeom/wsFreedomStudio/qemu_sifive_e31_hello/bsp/install/lib/release/\libmetal.a(riscv_cpu.o)
                0x0000000020403480                __metal_driver_riscv_cpu_controller_get_vector_mode
 .text.__metal_valid_interrupt_id
                0x0000000020403482       0x36 C:/Users/YoungBeom/wsFreedomStudio/qemu_sifive_e31_hello/bsp/install/lib/release/\libmetal.a(riscv_cpu.o)
                0x0000000020403482                __metal_valid_interrupt_id
 .text.__metal_driver_riscv_cpu_controller_interrupt_register
                0x00000000204034b8       0xd2 C:/Users/YoungBeom/wsFreedomStudio/qemu_sifive_e31_hello/bsp/install/lib/release/\libmetal.a(riscv_cpu.o)
                0x00000000204034b8                __metal_driver_riscv_cpu_controller_interrupt_register
 .text.__metal_local_interrupt_enable
                0x000000002040358a       0x72 C:/Users/YoungBeom/wsFreedomStudio/qemu_sifive_e31_hello/bsp/install/lib/release/\libmetal.a(riscv_cpu.o)
                0x000000002040358a                __metal_local_interrupt_enable
 .text.__metal_driver_riscv_cpu_controller_interrupt_enable
                0x00000000204035fc        0x4 C:/Users/YoungBeom/wsFreedomStudio/qemu_sifive_e31_hello/bsp/install/lib/release/\libmetal.a(riscv_cpu.o)
                0x00000000204035fc                __metal_driver_riscv_cpu_controller_interrupt_enable
 .text.__metal_driver_riscv_cpu_controller_interrupt_disable
                0x0000000020403600        0x4 C:/Users/YoungBeom/wsFreedomStudio/qemu_sifive_e31_hello/bsp/install/lib/release/\libmetal.a(riscv_cpu.o)
                0x0000000020403600                __metal_driver_riscv_cpu_controller_interrupt_disable
 .text.__metal_driver_riscv_plic0_set_priority
                0x0000000020403604       0x26 C:/Users/YoungBeom/wsFreedomStudio/qemu_sifive_e31_hello/bsp/install/lib/release/\libmetal.a(riscv_plic0.o)
                0x0000000020403604                __metal_driver_riscv_plic0_set_priority
 .text.__metal_driver_riscv_plic0_get_priority
                0x000000002040362a       0x1c C:/Users/YoungBeom/wsFreedomStudio/qemu_sifive_e31_hello/bsp/install/lib/release/\libmetal.a(riscv_plic0.o)
                0x000000002040362a                __metal_driver_riscv_plic0_get_priority
 .text.__metal_plic0_default_handler
                0x0000000020403646        0xc C:/Users/YoungBeom/wsFreedomStudio/qemu_sifive_e31_hello/bsp/install/lib/release/\libmetal.a(riscv_plic0.o)
                0x0000000020403646                __metal_plic0_default_handler
 .text.__metal_driver_riscv_plic0_register
                0x0000000020403652       0x7e C:/Users/YoungBeom/wsFreedomStudio/qemu_sifive_e31_hello/bsp/install/lib/release/\libmetal.a(riscv_plic0.o)
                0x0000000020403652                __metal_driver_riscv_plic0_register
 .text.__metal_plic0_claim_interrupt
                0x00000000204036d0       0x22 C:/Users/YoungBeom/wsFreedomStudio/qemu_sifive_e31_hello/bsp/install/lib/release/\libmetal.a(riscv_plic0.o)
                0x00000000204036d0                __metal_plic0_claim_interrupt
 .text.__metal_plic0_complete_interrupt
                0x00000000204036f2       0x22 C:/Users/YoungBeom/wsFreedomStudio/qemu_sifive_e31_hello/bsp/install/lib/release/\libmetal.a(riscv_plic0.o)
                0x00000000204036f2                __metal_plic0_complete_interrupt
 .text.__metal_plic0_handler
                0x0000000020403714       0x5a C:/Users/YoungBeom/wsFreedomStudio/qemu_sifive_e31_hello/bsp/install/lib/release/\libmetal.a(riscv_plic0.o)
                0x0000000020403714                __metal_plic0_handler
 .text.__metal_plic0_set_threshold
                0x000000002040376e       0x22 C:/Users/YoungBeom/wsFreedomStudio/qemu_sifive_e31_hello/bsp/install/lib/release/\libmetal.a(riscv_plic0.o)
                0x000000002040376e                __metal_plic0_set_threshold
 .text.__metal_driver_riscv_plic0_set_threshold
                0x0000000020403790       0x1c C:/Users/YoungBeom/wsFreedomStudio/qemu_sifive_e31_hello/bsp/install/lib/release/\libmetal.a(riscv_plic0.o)
                0x0000000020403790                __metal_driver_riscv_plic0_set_threshold
 .text.__metal_driver_riscv_plic0_affinity_set_threshold
                0x00000000204037ac       0x48 C:/Users/YoungBeom/wsFreedomStudio/qemu_sifive_e31_hello/bsp/install/lib/release/\libmetal.a(riscv_plic0.o)
                0x00000000204037ac                __metal_driver_riscv_plic0_affinity_set_threshold
 .text.__metal_plic0_get_threshold
                0x00000000204037f4       0x22 C:/Users/YoungBeom/wsFreedomStudio/qemu_sifive_e31_hello/bsp/install/lib/release/\libmetal.a(riscv_plic0.o)
                0x00000000204037f4                __metal_plic0_get_threshold
 .text.__metal_driver_riscv_plic0_get_threshold
                0x0000000020403816       0x18 C:/Users/YoungBeom/wsFreedomStudio/qemu_sifive_e31_hello/bsp/install/lib/release/\libmetal.a(riscv_plic0.o)
                0x0000000020403816                __metal_driver_riscv_plic0_get_threshold
 .text.__metal_driver_riscv_plic0_affinity_get_threshold
                0x000000002040382e        0xe C:/Users/YoungBeom/wsFreedomStudio/qemu_sifive_e31_hello/bsp/install/lib/release/\libmetal.a(riscv_plic0.o)
                0x000000002040382e                __metal_driver_riscv_plic0_affinity_get_threshold
 .text.__metal_plic0_enable
                0x000000002040383c       0x3e C:/Users/YoungBeom/wsFreedomStudio/qemu_sifive_e31_hello/bsp/install/lib/release/\libmetal.a(riscv_plic0.o)
                0x000000002040383c                __metal_plic0_enable
 .text.__metal_driver_riscv_plic0_init
                0x000000002040387a       0xce C:/Users/YoungBeom/wsFreedomStudio/qemu_sifive_e31_hello/bsp/install/lib/release/\libmetal.a(riscv_plic0.o)
                0x000000002040387a                __metal_driver_riscv_plic0_init
 .text.__metal_driver_riscv_plic0_enable
                0x0000000020403948       0x3e C:/Users/YoungBeom/wsFreedomStudio/qemu_sifive_e31_hello/bsp/install/lib/release/\libmetal.a(riscv_plic0.o)
                0x0000000020403948                __metal_driver_riscv_plic0_enable
 .text.__metal_driver_riscv_plic0_disable
                0x0000000020403986       0x3e C:/Users/YoungBeom/wsFreedomStudio/qemu_sifive_e31_hello/bsp/install/lib/release/\libmetal.a(riscv_plic0.o)
                0x0000000020403986                __metal_driver_riscv_plic0_disable
 .text.__metal_driver_riscv_plic0_affinity_enable
                0x00000000204039c4       0x5e C:/Users/YoungBeom/wsFreedomStudio/qemu_sifive_e31_hello/bsp/install/lib/release/\libmetal.a(riscv_plic0.o)
                0x00000000204039c4                __metal_driver_riscv_plic0_affinity_enable
 .text.__metal_driver_riscv_plic0_affinity_disable
                0x0000000020403a22       0x5e C:/Users/YoungBeom/wsFreedomStudio/qemu_sifive_e31_hello/bsp/install/lib/release/\libmetal.a(riscv_plic0.o)
                0x0000000020403a22                __metal_driver_riscv_plic0_affinity_disable
 .text.__metal_driver_sifive_fe310_g000_hfrosc_get_rate_hz
                0x0000000020403a80       0x40 C:/Users/YoungBeom/wsFreedomStudio/qemu_sifive_e31_hello/bsp/install/lib/release/\libmetal.a(sifive_fe310-g000_hfrosc.o)
                0x0000000020403a80                __metal_driver_sifive_fe310_g000_hfrosc_get_rate_hz
 .text.__metal_driver_sifive_fe310_g000_hfrosc_set_rate_hz
                0x0000000020403ac0        0x2 C:/Users/YoungBeom/wsFreedomStudio/qemu_sifive_e31_hello/bsp/install/lib/release/\libmetal.a(sifive_fe310-g000_hfrosc.o)
                0x0000000020403ac0                __metal_driver_sifive_fe310_g000_hfrosc_set_rate_hz
 .text.__metal_driver_sifive_fe310_g000_hfxosc_get_rate_hz
                0x0000000020403ac2       0x34 C:/Users/YoungBeom/wsFreedomStudio/qemu_sifive_e31_hello/bsp/install/lib/release/\libmetal.a(sifive_fe310-g000_hfxosc.o)
                0x0000000020403ac2                __metal_driver_sifive_fe310_g000_hfxosc_get_rate_hz
 .text.__metal_driver_sifive_fe310_g000_hfxosc_set_rate_hz
                0x0000000020403af6        0x2 C:/Users/YoungBeom/wsFreedomStudio/qemu_sifive_e31_hello/bsp/install/lib/release/\libmetal.a(sifive_fe310-g000_hfxosc.o)
                0x0000000020403af6                __metal_driver_sifive_fe310_g000_hfxosc_set_rate_hz
 .text.__metal_driver_sifive_fe310_g000_pll_config_base
                0x0000000020403af8        0x6 C:/Users/YoungBeom/wsFreedomStudio/qemu_sifive_e31_hello/bsp/install/lib/release/\libmetal.a(sifive_fe310-g000_pll.o)
 .text.__metal_driver_sifive_fe310_g000_pll_config_offset
                0x0000000020403afe        0x4 C:/Users/YoungBeom/wsFreedomStudio/qemu_sifive_e31_hello/bsp/install/lib/release/\libmetal.a(sifive_fe310-g000_pll.o)
 .text.__metal_driver_sifive_fe310_g000_pll_init
                0x0000000020403b02       0x50 C:/Users/YoungBeom/wsFreedomStudio/qemu_sifive_e31_hello/bsp/install/lib/release/\libmetal.a(sifive_fe310-g000_pll.o)
                0x0000000020403b02                __metal_driver_sifive_fe310_g000_pll_init
 .text.__metal_driver_sifive_fe310_g000_pll_get_rate_hz
                0x0000000020403b52       0xbe C:/Users/YoungBeom/wsFreedomStudio/qemu_sifive_e31_hello/bsp/install/lib/release/\libmetal.a(sifive_fe310-g000_pll.o)
                0x0000000020403b52                __metal_driver_sifive_fe310_g000_pll_get_rate_hz
 .text.__metal_driver_sifive_fe310_g000_pll_set_rate_hz
                0x0000000020403c10      0x1c8 C:/Users/YoungBeom/wsFreedomStudio/qemu_sifive_e31_hello/bsp/install/lib/release/\libmetal.a(sifive_fe310-g000_pll.o)
                0x0000000020403c10                __metal_driver_sifive_fe310_g000_pll_set_rate_hz
 .text.__metal_driver_sifive_fe310_g000_prci_get_reg
                0x0000000020403dd8        0xa C:/Users/YoungBeom/wsFreedomStudio/qemu_sifive_e31_hello/bsp/install/lib/release/\libmetal.a(sifive_fe310-g000_prci.o)
                0x0000000020403dd8                __metal_driver_sifive_fe310_g000_prci_get_reg
 .text.__metal_driver_sifive_fe310_g000_prci_set_reg
                0x0000000020403de2        0xc C:/Users/YoungBeom/wsFreedomStudio/qemu_sifive_e31_hello/bsp/install/lib/release/\libmetal.a(sifive_fe310-g000_prci.o)
                0x0000000020403de2                __metal_driver_sifive_fe310_g000_prci_set_reg
 .text.__metal_driver_sifive_gpio0_enable_input
                0x0000000020403dee       0x18 C:/Users/YoungBeom/wsFreedomStudio/qemu_sifive_e31_hello/bsp/install/lib/release/\libmetal.a(sifive_gpio0.o)
                0x0000000020403dee                __metal_driver_sifive_gpio0_enable_input
 .text.__metal_driver_sifive_gpio0_disable_input
                0x0000000020403e06       0x1c C:/Users/YoungBeom/wsFreedomStudio/qemu_sifive_e31_hello/bsp/install/lib/release/\libmetal.a(sifive_gpio0.o)
                0x0000000020403e06                __metal_driver_sifive_gpio0_disable_input
 .text.__metal_driver_sifive_gpio0_input
                0x0000000020403e22       0x14 C:/Users/YoungBeom/wsFreedomStudio/qemu_sifive_e31_hello/bsp/install/lib/release/\libmetal.a(sifive_gpio0.o)
                0x0000000020403e22                __metal_driver_sifive_gpio0_input
 .text.__metal_driver_sifive_gpio0_output
                0x0000000020403e36       0x14 C:/Users/YoungBeom/wsFreedomStudio/qemu_sifive_e31_hello/bsp/install/lib/release/\libmetal.a(sifive_gpio0.o)
                0x0000000020403e36                __metal_driver_sifive_gpio0_output
 .text.__metal_driver_sifive_gpio0_disable_output
                0x0000000020403e4a       0x1c C:/Users/YoungBeom/wsFreedomStudio/qemu_sifive_e31_hello/bsp/install/lib/release/\libmetal.a(sifive_gpio0.o)
                0x0000000020403e4a                __metal_driver_sifive_gpio0_disable_output
 .text.__metal_driver_sifive_gpio0_enable_output
                0x0000000020403e66       0x18 C:/Users/YoungBeom/wsFreedomStudio/qemu_sifive_e31_hello/bsp/install/lib/release/\libmetal.a(sifive_gpio0.o)
                0x0000000020403e66                __metal_driver_sifive_gpio0_enable_output
 .text.__metal_driver_sifive_gpio0_output_set
                0x0000000020403e7e       0x18 C:/Users/YoungBeom/wsFreedomStudio/qemu_sifive_e31_hello/bsp/install/lib/release/\libmetal.a(sifive_gpio0.o)
                0x0000000020403e7e                __metal_driver_sifive_gpio0_output_set
 .text.__metal_driver_sifive_gpio0_output_clear
                0x0000000020403e96       0x1c C:/Users/YoungBeom/wsFreedomStudio/qemu_sifive_e31_hello/bsp/install/lib/release/\libmetal.a(sifive_gpio0.o)
                0x0000000020403e96                __metal_driver_sifive_gpio0_output_clear
 .text.__metal_driver_sifive_gpio0_output_toggle
                0x0000000020403eb2       0x18 C:/Users/YoungBeom/wsFreedomStudio/qemu_sifive_e31_hello/bsp/install/lib/release/\libmetal.a(sifive_gpio0.o)
                0x0000000020403eb2                __metal_driver_sifive_gpio0_output_toggle
 .text.__metal_driver_sifive_gpio0_enable_io
                0x0000000020403eca       0x1e C:/Users/YoungBeom/wsFreedomStudio/qemu_sifive_e31_hello/bsp/install/lib/release/\libmetal.a(sifive_gpio0.o)
                0x0000000020403eca                __metal_driver_sifive_gpio0_enable_io
 .text.__metal_driver_sifive_gpio0_disable_io
                0x0000000020403ee8       0x1c C:/Users/YoungBeom/wsFreedomStudio/qemu_sifive_e31_hello/bsp/install/lib/release/\libmetal.a(sifive_gpio0.o)
                0x0000000020403ee8                __metal_driver_sifive_gpio0_disable_io
 .text.__metal_driver_sifive_gpio0_config_int
                0x0000000020403f04       0x7a C:/Users/YoungBeom/wsFreedomStudio/qemu_sifive_e31_hello/bsp/install/lib/release/\libmetal.a(sifive_gpio0.o)
                0x0000000020403f04                __metal_driver_sifive_gpio0_config_int
 .text.__metal_driver_sifive_gpio0_clear_int
                0x0000000020403f7e       0x60 C:/Users/YoungBeom/wsFreedomStudio/qemu_sifive_e31_hello/bsp/install/lib/release/\libmetal.a(sifive_gpio0.o)
                0x0000000020403f7e                __metal_driver_sifive_gpio0_clear_int
 .text.__metal_driver_gpio_interrupt_controller
                0x0000000020403fde       0x16 C:/Users/YoungBeom/wsFreedomStudio/qemu_sifive_e31_hello/bsp/install/lib/release/\libmetal.a(sifive_gpio0.o)
                0x0000000020403fde                __metal_driver_gpio_interrupt_controller
 .text.__metal_driver_gpio_get_interrupt_id
                0x0000000020403ff4       0x8c C:/Users/YoungBeom/wsFreedomStudio/qemu_sifive_e31_hello/bsp/install/lib/release/\libmetal.a(sifive_gpio0.o)
                0x0000000020403ff4                __metal_driver_gpio_get_interrupt_id
 .text.__metal_driver_sifive_test0_exit
                0x0000000020404080       0x28 C:/Users/YoungBeom/wsFreedomStudio/qemu_sifive_e31_hello/bsp/install/lib/release/\libmetal.a(sifive_test0.o)
                0x0000000020404080                __metal_driver_sifive_test0_exit
 .text.__metal_driver_sifive_uart0_interrupt_controller
                0x00000000204040a8       0x1a C:/Users/YoungBeom/wsFreedomStudio/qemu_sifive_e31_hello/bsp/install/lib/release/\libmetal.a(sifive_uart0.o)
                0x00000000204040a8                __metal_driver_sifive_uart0_interrupt_controller
 .text.__metal_driver_sifive_uart0_get_interrupt_id
                0x00000000204040c2       0x14 C:/Users/YoungBeom/wsFreedomStudio/qemu_sifive_e31_hello/bsp/install/lib/release/\libmetal.a(sifive_uart0.o)
                0x00000000204040c2                __metal_driver_sifive_uart0_get_interrupt_id
 .text.__metal_driver_sifive_uart0_tx_interrupt_enable
                0x00000000204040d6       0x1e C:/Users/YoungBeom/wsFreedomStudio/qemu_sifive_e31_hello/bsp/install/lib/release/\libmetal.a(sifive_uart0.o)
                0x00000000204040d6                __metal_driver_sifive_uart0_tx_interrupt_enable
 .text.__metal_driver_sifive_uart0_tx_interrupt_disable
                0x00000000204040f4       0x1c C:/Users/YoungBeom/wsFreedomStudio/qemu_sifive_e31_hello/bsp/install/lib/release/\libmetal.a(sifive_uart0.o)
                0x00000000204040f4                __metal_driver_sifive_uart0_tx_interrupt_disable
 .text.__metal_driver_sifive_uart0_rx_interrupt_enable
                0x0000000020404110       0x1e C:/Users/YoungBeom/wsFreedomStudio/qemu_sifive_e31_hello/bsp/install/lib/release/\libmetal.a(sifive_uart0.o)
                0x0000000020404110                __metal_driver_sifive_uart0_rx_interrupt_enable
 .text.__metal_driver_sifive_uart0_rx_interrupt_disable
                0x000000002040412e       0x1c C:/Users/YoungBeom/wsFreedomStudio/qemu_sifive_e31_hello/bsp/install/lib/release/\libmetal.a(sifive_uart0.o)
                0x000000002040412e                __metal_driver_sifive_uart0_rx_interrupt_disable
 .text.__metal_driver_sifive_uart0_txready
                0x000000002040414a       0x1a C:/Users/YoungBeom/wsFreedomStudio/qemu_sifive_e31_hello/bsp/install/lib/release/\libmetal.a(sifive_uart0.o)
                0x000000002040414a                __metal_driver_sifive_uart0_txready
 .text.__metal_driver_sifive_uart0_set_tx_watermark
                0x0000000020404164       0x24 C:/Users/YoungBeom/wsFreedomStudio/qemu_sifive_e31_hello/bsp/install/lib/release/\libmetal.a(sifive_uart0.o)
                0x0000000020404164                __metal_driver_sifive_uart0_set_tx_watermark
 .text.__metal_driver_sifive_uart0_get_tx_watermark
                0x0000000020404188       0x1c C:/Users/YoungBeom/wsFreedomStudio/qemu_sifive_e31_hello/bsp/install/lib/release/\libmetal.a(sifive_uart0.o)
                0x0000000020404188                __metal_driver_sifive_uart0_get_tx_watermark
 .text.__metal_driver_sifive_uart0_set_rx_watermark
                0x00000000204041a4       0x24 C:/Users/YoungBeom/wsFreedomStudio/qemu_sifive_e31_hello/bsp/install/lib/release/\libmetal.a(sifive_uart0.o)
                0x00000000204041a4                __metal_driver_sifive_uart0_set_rx_watermark
 .text.__metal_driver_sifive_uart0_get_rx_watermark
                0x00000000204041c8       0x1c C:/Users/YoungBeom/wsFreedomStudio/qemu_sifive_e31_hello/bsp/install/lib/release/\libmetal.a(sifive_uart0.o)
                0x00000000204041c8                __metal_driver_sifive_uart0_get_rx_watermark
 .text.__metal_driver_sifive_uart0_putc
                0x00000000204041e4       0x32 C:/Users/YoungBeom/wsFreedomStudio/qemu_sifive_e31_hello/bsp/install/lib/release/\libmetal.a(sifive_uart0.o)
                0x00000000204041e4                __metal_driver_sifive_uart0_putc
 .text.__metal_driver_sifive_uart0_getc
                0x0000000020404216       0x24 C:/Users/YoungBeom/wsFreedomStudio/qemu_sifive_e31_hello/bsp/install/lib/release/\libmetal.a(sifive_uart0.o)
                0x0000000020404216                __metal_driver_sifive_uart0_getc
 .text.__metal_driver_sifive_uart0_get_baud_rate
                0x000000002040423a        0x4 C:/Users/YoungBeom/wsFreedomStudio/qemu_sifive_e31_hello/bsp/install/lib/release/\libmetal.a(sifive_uart0.o)
                0x000000002040423a                __metal_driver_sifive_uart0_get_baud_rate
 .text.__metal_driver_sifive_uart0_set_baud_rate
                0x000000002040423e       0x52 C:/Users/YoungBeom/wsFreedomStudio/qemu_sifive_e31_hello/bsp/install/lib/release/\libmetal.a(sifive_uart0.o)
                0x000000002040423e                __metal_driver_sifive_uart0_set_baud_rate
 .text.pre_rate_change_callback_func
                0x0000000020404290       0x7c C:/Users/YoungBeom/wsFreedomStudio/qemu_sifive_e31_hello/bsp/install/lib/release/\libmetal.a(sifive_uart0.o)
 .text.post_rate_change_callback_func
                0x000000002040430c        0x6 C:/Users/YoungBeom/wsFreedomStudio/qemu_sifive_e31_hello/bsp/install/lib/release/\libmetal.a(sifive_uart0.o)
 .text.__metal_driver_sifive_uart0_init
                0x0000000020404312       0x98 C:/Users/YoungBeom/wsFreedomStudio/qemu_sifive_e31_hello/bsp/install/lib/release/\libmetal.a(sifive_uart0.o)
                0x0000000020404312                __metal_driver_sifive_uart0_init
 .text._metal_clock_call_all_callbacks
                0x00000000204043aa       0x1c C:/Users/YoungBeom/wsFreedomStudio/qemu_sifive_e31_hello/bsp/install/lib/release/\libmetal.a(clock.o)
                0x00000000204043aa                _metal_clock_call_all_callbacks
 .text._metal_clock_append_to_callbacks
                0x00000000204043c6       0x18 C:/Users/YoungBeom/wsFreedomStudio/qemu_sifive_e31_hello/bsp/install/lib/release/\libmetal.a(clock.o)
                0x00000000204043c6                _metal_clock_append_to_callbacks
 .text.metal_clock_get_rate_hz
                0x00000000204043de        0x8 C:/Users/YoungBeom/wsFreedomStudio/qemu_sifive_e31_hello/bsp/install/lib/release/\libmetal.a(clock.o)
                0x00000000204043de                metal_clock_get_rate_hz
 .text.metal_clock_set_rate_hz
                0x00000000204043e6       0x2c C:/Users/YoungBeom/wsFreedomStudio/qemu_sifive_e31_hello/bsp/install/lib/release/\libmetal.a(clock.o)
                0x00000000204043e6                metal_clock_set_rate_hz
 .text.metal_cpu_interrupt_controller
                0x0000000020404412        0x8 C:/Users/YoungBeom/wsFreedomStudio/qemu_sifive_e31_hello/bsp/install/lib/release/\libmetal.a(cpu.o)
                0x0000000020404412                metal_cpu_interrupt_controller
 .text.metal_cpu_get
                0x000000002040441a        0xc C:/Users/YoungBeom/wsFreedomStudio/qemu_sifive_e31_hello/bsp/install/lib/release/\libmetal.a(cpu.o)
                0x000000002040441a                metal_cpu_get
 .text.metal_cpu_get_current_hartid
                0x0000000020404426        0x6 C:/Users/YoungBeom/wsFreedomStudio/qemu_sifive_e31_hello/bsp/install/lib/release/\libmetal.a(cpu.o)
                0x0000000020404426                metal_cpu_get_current_hartid
 .text.__metal_shutdown_exit
                0x000000002040442c        0xa C:/Users/YoungBeom/wsFreedomStudio/qemu_sifive_e31_hello/bsp/install/lib/release/\libmetal.a(shutdown.o)
                0x000000002040442c                __metal_shutdown_exit
 .text.metal_shutdown
                0x0000000020404436        0xc C:/Users/YoungBeom/wsFreedomStudio/qemu_sifive_e31_hello/bsp/install/lib/release/\libmetal.a(shutdown.o)
                0x0000000020404436                metal_shutdown
 *fill*         0x0000000020404442       0x3e 
 .text          0x0000000020404480       0x80 C:/Users/YoungBeom/wsFreedomStudio/qemu_sifive_e31_hello/bsp/install/lib/release/\libmetal.a(vector.o)
                0x0000000020404480                __metal_vector_table
 .text.__metal_driver_fixed_clock_get_rate_hz
                0x0000000020404500       0x46 C:/Users/YoungBeom/wsFreedomStudio/qemu_sifive_e31_hello/bsp/install/lib/release/\libmetal.a(fixed-clock.o)
                0x0000000020404500                __metal_driver_fixed_clock_get_rate_hz
 .text.__metal_driver_fixed_clock_set_rate_hz
                0x0000000020404546       0x46 C:/Users/YoungBeom/wsFreedomStudio/qemu_sifive_e31_hello/bsp/install/lib/release/\libmetal.a(fixed-clock.o)
                0x0000000020404546                __metal_driver_fixed_clock_set_rate_hz
 .text._exit    0x000000002040458c        0x6 C:/Users/YoungBeom/wsFreedomStudio/qemu_sifive_e31_hello/bsp/install/lib/release/\libmetal-gloss.a(sys_exit.o)
                0x000000002040458c                _exit
 *(.gnu.linkonce.t.*)

.rela.dyn       0x0000000020404594        0x0
 .rela.text._vfprintf_r
                0x0000000020404594        0x0 C:\Users\YOUNGB~1\AppData\Local\Temp\cce3JNec.o
 .rela.text._sbrk_r
                0x0000000020404594        0x0 C:\Users\YOUNGB~1\AppData\Local\Temp\cce3JNec.o
 .rela.text._write_r
                0x0000000020404594        0x0 C:\Users\YOUNGB~1\AppData\Local\Temp\cce3JNec.o
 .rela.text._close_r
                0x0000000020404594        0x0 C:\Users\YOUNGB~1\AppData\Local\Temp\cce3JNec.o
 .rela.text._lseek_r
                0x0000000020404594        0x0 C:\Users\YOUNGB~1\AppData\Local\Temp\cce3JNec.o
 .rela.text._read_r
                0x0000000020404594        0x0 C:\Users\YOUNGB~1\AppData\Local\Temp\cce3JNec.o
 .rela.text._fstat_r
                0x0000000020404594        0x0 C:\Users\YOUNGB~1\AppData\Local\Temp\cce3JNec.o
 .rela.text._isatty_r
                0x0000000020404594        0x0 C:\Users\YOUNGB~1\AppData\Local\Temp\cce3JNec.o
 .rela.text.metal.init.enter
                0x0000000020404594        0x0 C:\Users\YOUNGB~1\AppData\Local\Temp\cce3JNec.o
 .rela.text.metal.init.scrub
                0x0000000020404594        0x0 C:\Users\YOUNGB~1\AppData\Local\Temp\cce3JNec.o
 .rela.text.libgloss.start
                0x0000000020404594        0x0 C:\Users\YOUNGB~1\AppData\Local\Temp\cce3JNec.o
 .rela.text._sbrk
                0x0000000020404594        0x0 C:\Users\YOUNGB~1\AppData\Local\Temp\cce3JNec.o
 .rela.sdata.__brk
                0x0000000020404594        0x0 C:\Users\YOUNGB~1\AppData\Local\Temp\cce3JNec.o
 .rela.text.__libc_fini_array
                0x0000000020404594        0x0 C:\Users\YOUNGB~1\AppData\Local\Temp\cce3JNec.o
 .rela.text.__libc_init_array
                0x0000000020404594        0x0 C:\Users\YOUNGB~1\AppData\Local\Temp\cce3JNec.o
 .rela.text.__register_exitproc
                0x0000000020404594        0x0 C:\Users\YOUNGB~1\AppData\Local\Temp\cce3JNec.o
 .rela.text.metal_init
                0x0000000020404594        0x0 C:\Users\YOUNGB~1\AppData\Local\Temp\cce3JNec.o
 .rela.text.metal_fini
                0x0000000020404594        0x0 C:\Users\YOUNGB~1\AppData\Local\Temp\cce3JNec.o
 .rela.text     0x0000000020404594        0x0 C:\Users\YOUNGB~1\AppData\Local\Temp\cce3JNec.o

.data           0x0000000080000000      0x8f0 load address 0x0000000020404598
 *(.data .data.*)
 .data.sbox     0x0000000080000000      0x100 C:\Users\YOUNGB~1\AppData\Local\Temp\cce3JNec.o
                0x0000000080000000                sbox
 .data.impure_data
                0x0000000080000100       0x60 c:/freedomstudio/sifive/riscv64-unknown-elf-gcc-8.3.0-2020.04.1/bin/../lib/gcc/riscv64-unknown-elf/8.3.0/../../../../riscv64-unknown-elf/lib/rv32imac/ilp32\libc_nano.a(lib_a-impure.o)
 .data.__metal_dt_clock_0
                0x0000000080000160        0xc C:/Users/YoungBeom/wsFreedomStudio/qemu_sifive_e31_hello/bsp/install/lib/release/\libmetal.a(inline.o)
                0x0000000080000160                __metal_dt_clock_0
 .data.__metal_dt_clock_1
                0x000000008000016c        0xc C:/Users/YoungBeom/wsFreedomStudio/qemu_sifive_e31_hello/bsp/install/lib/release/\libmetal.a(inline.o)
                0x000000008000016c                __metal_dt_clock_1
 .data.__metal_dt_clock_2
                0x0000000080000178        0xc C:/Users/YoungBeom/wsFreedomStudio/qemu_sifive_e31_hello/bsp/install/lib/release/\libmetal.a(inline.o)
                0x0000000080000178                __metal_dt_clock_2
 .data.__metal_dt_clock_3
                0x0000000080000184        0xc C:/Users/YoungBeom/wsFreedomStudio/qemu_sifive_e31_hello/bsp/install/lib/release/\libmetal.a(inline.o)
                0x0000000080000184                __metal_dt_clock_3
 .data.__metal_dt_clock_4
                0x0000000080000190        0xc C:/Users/YoungBeom/wsFreedomStudio/qemu_sifive_e31_hello/bsp/install/lib/release/\libmetal.a(inline.o)
                0x0000000080000190                __metal_dt_clock_4
 .data.__metal_dt_clock_5
                0x000000008000019c        0xc C:/Users/YoungBeom/wsFreedomStudio/qemu_sifive_e31_hello/bsp/install/lib/release/\libmetal.a(inline.o)
                0x000000008000019c                __metal_dt_clock_5
 .data.__metal_dt_cpu_0_interrupt_controller
                0x00000000800001a8      0x3d0 C:/Users/YoungBeom/wsFreedomStudio/qemu_sifive_e31_hello/bsp/install/lib/release/\libmetal.a(inline.o)
                0x00000000800001a8                __metal_dt_cpu_0_interrupt_controller
 .data.__metal_dt_interrupt_controller_c000000
                0x0000000080000578      0x300 C:/Users/YoungBeom/wsFreedomStudio/qemu_sifive_e31_hello/bsp/install/lib/release/\libmetal.a(inline.o)
                0x0000000080000578                __metal_dt_interrupt_controller_c000000
 .data.__metal_dt_serial_10013000
                0x0000000080000878       0x20 C:/Users/YoungBeom/wsFreedomStudio/qemu_sifive_e31_hello/bsp/install/lib/release/\libmetal.a(inline.o)
                0x0000000080000878                __metal_dt_serial_10013000
 *(.gnu.linkonce.d.*)
                0x0000000080000898                . = ALIGN (0x8)
                0x0000000080001098                PROVIDE (__global_pointer$ = (. + 0x800))
 *(.sdata .sdata.* .sdata2.*)
 .sdata._impure_ptr
                0x0000000080000898        0x4 c:/freedomstudio/sifive/riscv64-unknown-elf-gcc-8.3.0-2020.04.1/bin/../lib/gcc/riscv64-unknown-elf/8.3.0/../../../../riscv64-unknown-elf/lib/rv32imac/ilp32\libc_nano.a(lib_a-impure.o)
                0x0000000080000898                _impure_ptr
 .sdata2._global_impure_ptr
                0x000000008000089c        0x4 c:/freedomstudio/sifive/riscv64-unknown-elf-gcc-8.3.0-2020.04.1/bin/../lib/gcc/riscv64-unknown-elf/8.3.0/../../../../riscv64-unknown-elf/lib/rv32imac/ilp32\libc_nano.a(lib_a-impure.o)
                0x000000008000089c                _global_impure_ptr
 .sdata.__brk   0x00000000800008a0        0x4 C:/Users/YoungBeom/wsFreedomStudio/qemu_sifive_e31_hello/bsp/install/lib/release/\libmetal-gloss.a(sys_sbrk.o)
 .sdata.__metal_dt_clint_2000000
                0x00000000800008a4        0x8 C:/Users/YoungBeom/wsFreedomStudio/qemu_sifive_e31_hello/bsp/install/lib/release/\libmetal.a(inline.o)
                0x00000000800008a4                __metal_dt_clint_2000000
 .sdata.__metal_dt_cpu_0
                0x00000000800008ac        0x8 C:/Users/YoungBeom/wsFreedomStudio/qemu_sifive_e31_hello/bsp/install/lib/release/\libmetal.a(inline.o)
                0x00000000800008ac                __metal_dt_cpu_0
 .sdata.__metal_dt_gpio_10012000
                0x00000000800008b4        0x4 C:/Users/YoungBeom/wsFreedomStudio/qemu_sifive_e31_hello/bsp/install/lib/release/\libmetal.a(inline.o)
                0x00000000800008b4                __metal_dt_gpio_10012000
 .sdata.__metal_dt_prci_10008000
                0x00000000800008b8        0x4 C:/Users/YoungBeom/wsFreedomStudio/qemu_sifive_e31_hello/bsp/install/lib/release/\libmetal.a(inline.o)
                0x00000000800008b8                __metal_dt_prci_10008000
 .sdata.__metal_dt_test_100000
                0x00000000800008bc        0x4 C:/Users/YoungBeom/wsFreedomStudio/qemu_sifive_e31_hello/bsp/install/lib/release/\libmetal.a(inline.o)
                0x00000000800008bc                __metal_dt_test_100000
 .sdata.__metal_cpu_table
                0x00000000800008c0        0x4 C:/Users/YoungBeom/wsFreedomStudio/qemu_sifive_e31_hello/bsp/install/lib/release/\libmetal.a(riscv_cpu.o)
 .sdata2.CSWTCH.18
                0x00000000800008c4        0x3 C:/Users/YoungBeom/wsFreedomStudio/qemu_sifive_e31_hello/bsp/install/lib/release/\libmetal.a(riscv_cpu.o)
 *fill*         0x00000000800008c7        0x1 
 .sdata2.__metal_driver_vtable_sifive_fe310_g000_hfrosc
                0x00000000800008c8        0x8 C:/Users/YoungBeom/wsFreedomStudio/qemu_sifive_e31_hello/bsp/install/lib/release/\libmetal.a(sifive_fe310-g000_hfrosc.o)
                0x00000000800008c8                __metal_driver_vtable_sifive_fe310_g000_hfrosc
 .sdata2.__metal_driver_vtable_sifive_fe310_g000_hfxosc
                0x00000000800008d0        0x8 C:/Users/YoungBeom/wsFreedomStudio/qemu_sifive_e31_hello/bsp/install/lib/release/\libmetal.a(sifive_fe310-g000_hfxosc.o)
                0x00000000800008d0                __metal_driver_vtable_sifive_fe310_g000_hfxosc
 .sdata2.__metal_driver_vtable_sifive_fe310_g000_prci
                0x00000000800008d8        0x8 C:/Users/YoungBeom/wsFreedomStudio/qemu_sifive_e31_hello/bsp/install/lib/release/\libmetal.a(sifive_fe310-g000_prci.o)
                0x00000000800008d8                __metal_driver_vtable_sifive_fe310_g000_prci
 .sdata2.__metal_driver_vtable_sifive_test0
                0x00000000800008e0        0x4 C:/Users/YoungBeom/wsFreedomStudio/qemu_sifive_e31_hello/bsp/install/lib/release/\libmetal.a(sifive_test0.o)
                0x00000000800008e0                __metal_driver_vtable_sifive_test0
 .sdata.__metal_cpu_table
                0x00000000800008e4        0x4 C:/Users/YoungBeom/wsFreedomStudio/qemu_sifive_e31_hello/bsp/install/lib/release/\libmetal.a(cpu.o)
 .sdata2.__metal_driver_vtable_fixed_clock
                0x00000000800008e8        0x8 C:/Users/YoungBeom/wsFreedomStudio/qemu_sifive_e31_hello/bsp/install/lib/release/\libmetal.a(fixed-clock.o)
                0x00000000800008e8                __metal_driver_vtable_fixed_clock
 *(.gnu.linkonce.s.*)

.tdata          0x00000000800008f0        0x0 load address 0x0000000020404e88
                0x00000000800008f0                PROVIDE (__tls_base = .)
 *(.tdata .tdata.* .gnu.linkonce.td.*)
                [!provide]                        PROVIDE (__tdata_source = LOADADDR (.tdata))
                [!provide]                        PROVIDE (__tdata_size = SIZEOF (.tdata))
                0x0000000020404598                PROVIDE (metal_segment_data_source_start = LOADADDR (.data))
                0x0000000080000000                PROVIDE (metal_segment_data_target_start = ADDR (.data))
                0x00000000800008f0                PROVIDE (metal_segment_data_target_end = (ADDR (.tdata) + SIZEOF (.tdata)))

.tbss           0x00000000800008f0        0x0
 *(.tbss .tbss.* .gnu.linkonce.tb.*)
 *(.tcommon .tcommon.*)
                [!provide]                        PROVIDE (__tls_end = .)
                0x0000000000000000                PROVIDE (__tbss_size = SIZEOF (.tbss))
                [!provide]                        PROVIDE (__tls_size = (__tls_end - __tls_base))

.tbss_space     0x00000000800008f0        0x0
                0x00000000800008f0                . = (. + __tbss_size)

.bss            0x00000000800008f0       0xa4
 *(.sbss*)
 .sbss.__malloc_free_list
                0x00000000800008f0        0x4 c:/freedomstudio/sifive/riscv64-unknown-elf-gcc-8.3.0-2020.04.1/bin/../lib/gcc/riscv64-unknown-elf/8.3.0/../../../../riscv64-unknown-elf/lib/rv32imac/ilp32\libc_nano.a(lib_a-nano-mallocr.o)
                0x00000000800008f0                __malloc_free_list
 .sbss.__malloc_sbrk_start
                0x00000000800008f4        0x4 c:/freedomstudio/sifive/riscv64-unknown-elf-gcc-8.3.0-2020.04.1/bin/../lib/gcc/riscv64-unknown-elf/8.3.0/../../../../riscv64-unknown-elf/lib/rv32imac/ilp32\libc_nano.a(lib_a-nano-mallocr.o)
                0x00000000800008f4                __malloc_sbrk_start
 .sbss._global_atexit
                0x00000000800008f8        0x4 c:/freedomstudio/sifive/riscv64-unknown-elf-gcc-8.3.0-2020.04.1/bin/../lib/gcc/riscv64-unknown-elf/8.3.0/../../../../riscv64-unknown-elf/lib/rv32imac/ilp32\libc_nano.a(lib_a-__call_atexit.o)
                0x00000000800008f8                _global_atexit
 .sbss.fini_done.1540
                0x00000000800008fc        0x4 C:/Users/YoungBeom/wsFreedomStudio/qemu_sifive_e31_hello/bsp/install/lib/release/\libmetal.a(init.o)
 .sbss.init_done.1531
                0x0000000080000900        0x4 C:/Users/YoungBeom/wsFreedomStudio/qemu_sifive_e31_hello/bsp/install/lib/release/\libmetal.a(init.o)
 *(.gnu.linkonce.sb.*)
 *(.bss .bss.*)
 .bss._global_atexit0
                0x0000000080000904       0x8c c:/freedomstudio/sifive/riscv64-unknown-elf-gcc-8.3.0-2020.04.1/bin/../lib/gcc/riscv64-unknown-elf/8.3.0/../../../../riscv64-unknown-elf/lib/rv32imac/ilp32\libc_nano.a(lib_a-__atexit.o)
 *(.gnu.linkonce.b.*)
 *(COMMON)
 COMMON         0x0000000080000990        0x4 c:/freedomstudio/sifive/riscv64-unknown-elf-gcc-8.3.0-2020.04.1/bin/../lib/gcc/riscv64-unknown-elf/8.3.0/../../../../riscv64-unknown-elf/lib/rv32imac/ilp32\libc_nano.a(lib_a-reent.o)
                0x0000000080000990                errno
                [!provide]                        PROVIDE (metal_segment_bss_source_start = LOADADDR (.tbss))
                0x00000000800008f0                PROVIDE (metal_segment_bss_target_start = ADDR (.tbss))
                0x0000000080000994                PROVIDE (metal_segment_bss_target_end = (ADDR (.bss) + SIZEOF (.bss)))

.stack          0x00000000800009a0      0x400
                [!provide]                        PROVIDE (metal_segment_stack_begin = .)
                0x0000000080000da0                . = (. + __stack_size)
 *fill*         0x00000000800009a0      0x400 
                0x0000000080000da0                PROVIDE (_sp = .)
                [!provide]                        PROVIDE (metal_segment_stack_end = .)

.heap           0x0000000080000da0      0x800
                [!provide]                        PROVIDE (__end = .)
                [!provide]                        PROVIDE (__heap_start = .)
                0x0000000080000da0                PROVIDE (metal_segment_heap_target_start = .)
                0x0000000000000800                . = DEFINED (__heap_max)?MIN ((LENGTH (ram) - (. - ORIGIN (ram))), 0x10000000):__heap_size
 *fill*         0x0000000080000da0      0x800 
                0x00000000800015a0                PROVIDE (metal_segment_heap_target_end = .)
                [!provide]                        PROVIDE (_heap_end = .)
                [!provide]                        PROVIDE (__heap_end = .)

/DISCARD/
 *(.eh_frame .eh_frame.*)
OUTPUT(hello elf32-littleriscv)

.comment        0x0000000000000000       0x28
 .comment       0x0000000000000000       0x28 C:\Users\YOUNGB~1\AppData\Local\Temp\cce3JNec.o
                                         0x29 (size before relaxing)
 .comment       0x0000000000000028       0x29 c:/freedomstudio/sifive/riscv64-unknown-elf-gcc-8.3.0-2020.04.1/bin/../lib/gcc/riscv64-unknown-elf/8.3.0/../../../../riscv64-unknown-elf/lib/rv32imac/ilp32\libc_nano.a(lib_a-printf.o)
 .comment       0x0000000000000028       0x29 c:/freedomstudio/sifive/riscv64-unknown-elf-gcc-8.3.0-2020.04.1/bin/../lib/gcc/riscv64-unknown-elf/8.3.0/../../../../riscv64-unknown-elf/lib/rv32imac/ilp32\libc_nano.a(lib_a-findfp.o)
 .comment       0x0000000000000028       0x29 c:/freedomstudio/sifive/riscv64-unknown-elf-gcc-8.3.0-2020.04.1/bin/../lib/gcc/riscv64-unknown-elf/8.3.0/../../../../riscv64-unknown-elf/lib/rv32imac/ilp32\libc_nano.a(lib_a-fwalk.o)
 .comment       0x0000000000000028       0x29 c:/freedomstudio/sifive/riscv64-unknown-elf-gcc-8.3.0-2020.04.1/bin/../lib/gcc/riscv64-unknown-elf/8.3.0/../../../../riscv64-unknown-elf/lib/rv32imac/ilp32\libc_nano.a(lib_a-impure.o)
 .comment       0x0000000000000028       0x29 c:/freedomstudio/sifive/riscv64-unknown-elf-gcc-8.3.0-2020.04.1/bin/../lib/gcc/riscv64-unknown-elf/8.3.0/../../../../riscv64-unknown-elf/lib/rv32imac/ilp32\libc_nano.a(lib_a-nano-mallocr.o)
 .comment       0x0000000000000028       0x29 c:/freedomstudio/sifive/riscv64-unknown-elf-gcc-8.3.0-2020.04.1/bin/../lib/gcc/riscv64-unknown-elf/8.3.0/../../../../riscv64-unknown-elf/lib/rv32imac/ilp32\libc_nano.a(lib_a-nano-vfprintf.o)
 .comment       0x0000000000000028       0x29 c:/freedomstudio/sifive/riscv64-unknown-elf-gcc-8.3.0-2020.04.1/bin/../lib/gcc/riscv64-unknown-elf/8.3.0/../../../../riscv64-unknown-elf/lib/rv32imac/ilp32\libc_nano.a(lib_a-sbrkr.o)
 .comment       0x0000000000000028       0x29 c:/freedomstudio/sifive/riscv64-unknown-elf-gcc-8.3.0-2020.04.1/bin/../lib/gcc/riscv64-unknown-elf/8.3.0/../../../../riscv64-unknown-elf/lib/rv32imac/ilp32\libc_nano.a(lib_a-stdio.o)
 .comment       0x0000000000000028       0x29 c:/freedomstudio/sifive/riscv64-unknown-elf-gcc-8.3.0-2020.04.1/bin/../lib/gcc/riscv64-unknown-elf/8.3.0/../../../../riscv64-unknown-elf/lib/rv32imac/ilp32\libc_nano.a(lib_a-wbuf.o)
 .comment       0x0000000000000028       0x29 c:/freedomstudio/sifive/riscv64-unknown-elf-gcc-8.3.0-2020.04.1/bin/../lib/gcc/riscv64-unknown-elf/8.3.0/../../../../riscv64-unknown-elf/lib/rv32imac/ilp32\libc_nano.a(lib_a-writer.o)
 .comment       0x0000000000000028       0x29 c:/freedomstudio/sifive/riscv64-unknown-elf-gcc-8.3.0-2020.04.1/bin/../lib/gcc/riscv64-unknown-elf/8.3.0/../../../../riscv64-unknown-elf/lib/rv32imac/ilp32\libc_nano.a(lib_a-wsetup.o)
 .comment       0x0000000000000028       0x29 c:/freedomstudio/sifive/riscv64-unknown-elf-gcc-8.3.0-2020.04.1/bin/../lib/gcc/riscv64-unknown-elf/8.3.0/../../../../riscv64-unknown-elf/lib/rv32imac/ilp32\libc_nano.a(lib_a-closer.o)
 .comment       0x0000000000000028       0x29 c:/freedomstudio/sifive/riscv64-unknown-elf-gcc-8.3.0-2020.04.1/bin/../lib/gcc/riscv64-unknown-elf/8.3.0/../../../../riscv64-unknown-elf/lib/rv32imac/ilp32\libc_nano.a(lib_a-fflush.o)
 .comment       0x0000000000000028       0x29 c:/freedomstudio/sifive/riscv64-unknown-elf-gcc-8.3.0-2020.04.1/bin/../lib/gcc/riscv64-unknown-elf/8.3.0/../../../../riscv64-unknown-elf/lib/rv32imac/ilp32\libc_nano.a(lib_a-lseekr.o)
 .comment       0x0000000000000028       0x29 c:/freedomstudio/sifive/riscv64-unknown-elf-gcc-8.3.0-2020.04.1/bin/../lib/gcc/riscv64-unknown-elf/8.3.0/../../../../riscv64-unknown-elf/lib/rv32imac/ilp32\libc_nano.a(lib_a-makebuf.o)
 .comment       0x0000000000000028       0x29 c:/freedomstudio/sifive/riscv64-unknown-elf-gcc-8.3.0-2020.04.1/bin/../lib/gcc/riscv64-unknown-elf/8.3.0/../../../../riscv64-unknown-elf/lib/rv32imac/ilp32\libc_nano.a(lib_a-memchr.o)
 .comment       0x0000000000000028       0x29 c:/freedomstudio/sifive/riscv64-unknown-elf-gcc-8.3.0-2020.04.1/bin/../lib/gcc/riscv64-unknown-elf/8.3.0/../../../../riscv64-unknown-elf/lib/rv32imac/ilp32\libc_nano.a(lib_a-mlock.o)
 .comment       0x0000000000000028       0x29 c:/freedomstudio/sifive/riscv64-unknown-elf-gcc-8.3.0-2020.04.1/bin/../lib/gcc/riscv64-unknown-elf/8.3.0/../../../../riscv64-unknown-elf/lib/rv32imac/ilp32\libc_nano.a(lib_a-nano-freer.o)
 .comment       0x0000000000000028       0x29 c:/freedomstudio/sifive/riscv64-unknown-elf-gcc-8.3.0-2020.04.1/bin/../lib/gcc/riscv64-unknown-elf/8.3.0/../../../../riscv64-unknown-elf/lib/rv32imac/ilp32\libc_nano.a(lib_a-nano-vfprintf_i.o)
 .comment       0x0000000000000028       0x29 c:/freedomstudio/sifive/riscv64-unknown-elf-gcc-8.3.0-2020.04.1/bin/../lib/gcc/riscv64-unknown-elf/8.3.0/../../../../riscv64-unknown-elf/lib/rv32imac/ilp32\libc_nano.a(lib_a-readr.o)
 .comment       0x0000000000000028       0x29 c:/freedomstudio/sifive/riscv64-unknown-elf-gcc-8.3.0-2020.04.1/bin/../lib/gcc/riscv64-unknown-elf/8.3.0/../../../../riscv64-unknown-elf/lib/rv32imac/ilp32\libc_nano.a(lib_a-reent.o)
 .comment       0x0000000000000028       0x29 c:/freedomstudio/sifive/riscv64-unknown-elf-gcc-8.3.0-2020.04.1/bin/../lib/gcc/riscv64-unknown-elf/8.3.0/../../../../riscv64-unknown-elf/lib/rv32imac/ilp32\libc_nano.a(lib_a-fstatr.o)
 .comment       0x0000000000000028       0x29 c:/freedomstudio/sifive/riscv64-unknown-elf-gcc-8.3.0-2020.04.1/bin/../lib/gcc/riscv64-unknown-elf/8.3.0/../../../../riscv64-unknown-elf/lib/rv32imac/ilp32\libc_nano.a(lib_a-isattyr.o)
 .comment       0x0000000000000028       0x29 C:/Users/YoungBeom/wsFreedomStudio/qemu_sifive_e31_hello/bsp/install/lib/release/\libmetal-gloss.a(sys_close.o)
 .comment       0x0000000000000028       0x29 C:/Users/YoungBeom/wsFreedomStudio/qemu_sifive_e31_hello/bsp/install/lib/release/\libmetal-gloss.a(sys_fstat.o)
 .comment       0x0000000000000028       0x29 C:/Users/YoungBeom/wsFreedomStudio/qemu_sifive_e31_hello/bsp/install/lib/release/\libmetal-gloss.a(sys_isatty.o)
 .comment       0x0000000000000028       0x29 C:/Users/YoungBeom/wsFreedomStudio/qemu_sifive_e31_hello/bsp/install/lib/release/\libmetal-gloss.a(sys_lseek.o)
 .comment       0x0000000000000028       0x29 C:/Users/YoungBeom/wsFreedomStudio/qemu_sifive_e31_hello/bsp/install/lib/release/\libmetal-gloss.a(sys_read.o)
 .comment       0x0000000000000028       0x29 C:/Users/YoungBeom/wsFreedomStudio/qemu_sifive_e31_hello/bsp/install/lib/release/\libmetal-gloss.a(sys_sbrk.o)
 .comment       0x0000000000000028       0x29 C:/Users/YoungBeom/wsFreedomStudio/qemu_sifive_e31_hello/bsp/install/lib/release/\libmetal-gloss.a(sys_write.o)
 .comment       0x0000000000000028       0x29 c:/freedomstudio/sifive/riscv64-unknown-elf-gcc-8.3.0-2020.04.1/bin/../lib/gcc/riscv64-unknown-elf/8.3.0/../../../../riscv64-unknown-elf/lib/rv32imac/ilp32\libc_nano.a(lib_a-atexit.o)
 .comment       0x0000000000000028       0x29 c:/freedomstudio/sifive/riscv64-unknown-elf-gcc-8.3.0-2020.04.1/bin/../lib/gcc/riscv64-unknown-elf/8.3.0/../../../../riscv64-unknown-elf/lib/rv32imac/ilp32\libc_nano.a(lib_a-errno.o)
 .comment       0x0000000000000028       0x29 c:/freedomstudio/sifive/riscv64-unknown-elf-gcc-8.3.0-2020.04.1/bin/../lib/gcc/riscv64-unknown-elf/8.3.0/../../../../riscv64-unknown-elf/lib/rv32imac/ilp32\libc_nano.a(lib_a-exit.o)
 .comment       0x0000000000000028       0x29 c:/freedomstudio/sifive/riscv64-unknown-elf-gcc-8.3.0-2020.04.1/bin/../lib/gcc/riscv64-unknown-elf/8.3.0/../../../../riscv64-unknown-elf/lib/rv32imac/ilp32\libc_nano.a(lib_a-fini.o)
 .comment       0x0000000000000028       0x29 c:/freedomstudio/sifive/riscv64-unknown-elf-gcc-8.3.0-2020.04.1/bin/../lib/gcc/riscv64-unknown-elf/8.3.0/../../../../riscv64-unknown-elf/lib/rv32imac/ilp32\libc_nano.a(lib_a-init.o)
 .comment       0x0000000000000028       0x29 c:/freedomstudio/sifive/riscv64-unknown-elf-gcc-8.3.0-2020.04.1/bin/../lib/gcc/riscv64-unknown-elf/8.3.0/../../../../riscv64-unknown-elf/lib/rv32imac/ilp32\libc_nano.a(lib_a-__atexit.o)
 .comment       0x0000000000000028       0x29 c:/freedomstudio/sifive/riscv64-unknown-elf-gcc-8.3.0-2020.04.1/bin/../lib/gcc/riscv64-unknown-elf/8.3.0/../../../../riscv64-unknown-elf/lib/rv32imac/ilp32\libc_nano.a(lib_a-__call_atexit.o)
 .comment       0x0000000000000028       0x29 C:/Users/YoungBeom/wsFreedomStudio/qemu_sifive_e31_hello/bsp/install/lib/release/\libmetal.a(init.o)
 .comment       0x0000000000000028       0x29 C:/Users/YoungBeom/wsFreedomStudio/qemu_sifive_e31_hello/bsp/install/lib/release/\libmetal.a(synchronize_harts.o)
 .comment       0x0000000000000028       0x29 C:/Users/YoungBeom/wsFreedomStudio/qemu_sifive_e31_hello/bsp/install/lib/release/\libmetal.a(tty.o)
 .comment       0x0000000000000028       0x29 C:/Users/YoungBeom/wsFreedomStudio/qemu_sifive_e31_hello/bsp/install/lib/release/\libmetal.a(uart.o)
 .comment       0x0000000000000028       0x29 C:/Users/YoungBeom/wsFreedomStudio/qemu_sifive_e31_hello/bsp/install/lib/release/\libmetal.a(inline.o)
 .comment       0x0000000000000028       0x29 C:/Users/YoungBeom/wsFreedomStudio/qemu_sifive_e31_hello/bsp/install/lib/release/\libmetal.a(riscv_clint0.o)
 .comment       0x0000000000000028       0x29 C:/Users/YoungBeom/wsFreedomStudio/qemu_sifive_e31_hello/bsp/install/lib/release/\libmetal.a(riscv_cpu.o)
 .comment       0x0000000000000028       0x29 C:/Users/YoungBeom/wsFreedomStudio/qemu_sifive_e31_hello/bsp/install/lib/release/\libmetal.a(riscv_plic0.o)
 .comment       0x0000000000000028       0x29 C:/Users/YoungBeom/wsFreedomStudio/qemu_sifive_e31_hello/bsp/install/lib/release/\libmetal.a(sifive_fe310-g000_hfrosc.o)
 .comment       0x0000000000000028       0x29 C:/Users/YoungBeom/wsFreedomStudio/qemu_sifive_e31_hello/bsp/install/lib/release/\libmetal.a(sifive_fe310-g000_hfxosc.o)
 .comment       0x0000000000000028       0x29 C:/Users/YoungBeom/wsFreedomStudio/qemu_sifive_e31_hello/bsp/install/lib/release/\libmetal.a(sifive_fe310-g000_pll.o)
 .comment       0x0000000000000028       0x29 C:/Users/YoungBeom/wsFreedomStudio/qemu_sifive_e31_hello/bsp/install/lib/release/\libmetal.a(sifive_fe310-g000_prci.o)
 .comment       0x0000000000000028       0x29 C:/Users/YoungBeom/wsFreedomStudio/qemu_sifive_e31_hello/bsp/install/lib/release/\libmetal.a(sifive_gpio0.o)