Archive member included to satisfy reference by file (symbol)

c:/freedomstudio/sifive/riscv64-unknown-elf-gcc-8.3.0-2020.04.1/bin/../lib/gcc/riscv64-unknown-elf/8.3.0/../../../../riscv64-unknown-elf/lib/rv32imac/ilp32\libc_nano.a(lib_a-memcpy-asm.o)
                              C:\Users\YOUNGB~1\AppData\Local\Temp\ccebLbNt.o (memcpy)
c:/freedomstudio/sifive/riscv64-unknown-elf-gcc-8.3.0-2020.04.1/bin/../lib/gcc/riscv64-unknown-elf/8.3.0/../../../../riscv64-unknown-elf/lib/rv32imac/ilp32\libc_nano.a(lib_a-memset.o)
                              C:\Users\YOUNGB~1\AppData\Local\Temp\ccebLbNt.o (memset)
c:/freedomstudio/sifive/riscv64-unknown-elf-gcc-8.3.0-2020.04.1/bin/../lib/gcc/riscv64-unknown-elf/8.3.0/../../../../riscv64-unknown-elf/lib/rv32imac/ilp32\libc_nano.a(lib_a-printf.o)
                              C:\Users\YOUNGB~1\AppData\Local\Temp\ccebLbNt.o (printf)
c:/freedomstudio/sifive/riscv64-unknown-elf-gcc-8.3.0-2020.04.1/bin/../lib/gcc/riscv64-unknown-elf/8.3.0/../../../../riscv64-unknown-elf/lib/rv32imac/ilp32\libc_nano.a(lib_a-putchar.o)
                              C:\Users\YOUNGB~1\AppData\Local\Temp\ccebLbNt.o (putchar)
c:/freedomstudio/sifive/riscv64-unknown-elf-gcc-8.3.0-2020.04.1/bin/../lib/gcc/riscv64-unknown-elf/8.3.0/../../../../riscv64-unknown-elf/lib/rv32imac/ilp32\libc_nano.a(lib_a-putc.o)
                              c:/freedomstudio/sifive/riscv64-unknown-elf-gcc-8.3.0-2020.04.1/bin/../lib/gcc/riscv64-unknown-elf/8.3.0/../../../../riscv64-unknown-elf/lib/rv32imac/ilp32\libc_nano.a(lib_a-putchar.o) (_putc_r)
c:/freedomstudio/sifive/riscv64-unknown-elf-gcc-8.3.0-2020.04.1/bin/../lib/gcc/riscv64-unknown-elf/8.3.0/../../../../riscv64-unknown-elf/lib/rv32imac/ilp32\libc_nano.a(lib_a-puts.o)
                              C:\Users\YOUNGB~1\AppData\Local\Temp\ccebLbNt.o (puts)
c:/freedomstudio/sifive/riscv64-unknown-elf-gcc-8.3.0-2020.04.1/bin/../lib/gcc/riscv64-unknown-elf/8.3.0/../../../../riscv64-unknown-elf/lib/rv32imac/ilp32\libc_nano.a(lib_a-wbuf.o)
                              c:/freedomstudio/sifive/riscv64-unknown-elf-gcc-8.3.0-2020.04.1/bin/../lib/gcc/riscv64-unknown-elf/8.3.0/../../../../riscv64-unknown-elf/lib/rv32imac/ilp32\libc_nano.a(lib_a-putc.o) (__swbuf_r)
c:/freedomstudio/sifive/riscv64-unknown-elf-gcc-8.3.0-2020.04.1/bin/../lib/gcc/riscv64-unknown-elf/8.3.0/../../../../riscv64-unknown-elf/lib/rv32imac/ilp32\libc_nano.a(lib_a-wsetup.o)
                              c:/freedomstudio/sifive/riscv64-unknown-elf-gcc-8.3.0-2020.04.1/bin/../lib/gcc/riscv64-unknown-elf/8.3.0/../../../../riscv64-unknown-elf/lib/rv32imac/ilp32\libc_nano.a(lib_a-puts.o) (__swsetup_r)
c:/freedomstudio/sifive/riscv64-unknown-elf-gcc-8.3.0-2020.04.1/bin/../lib/gcc/riscv64-unknown-elf/8.3.0/../../../../riscv64-unknown-elf/lib/rv32imac/ilp32\libc_nano.a(lib_a-fflush.o)
                              c:/freedomstudio/sifive/riscv64-unknown-elf-gcc-8.3.0-2020.04.1/bin/../lib/gcc/riscv64-unknown-elf/8.3.0/../../../../riscv64-unknown-elf/lib/rv32imac/ilp32\libc_nano.a(lib_a-wbuf.o) (_fflush_r)
c:/freedomstudio/sifive/riscv64-unknown-elf-gcc-8.3.0-2020.04.1/bin/../lib/gcc/riscv64-unknown-elf/8.3.0/../../../../riscv64-unknown-elf/lib/rv32imac/ilp32\libc_nano.a(lib_a-findfp.o)
                              c:/freedomstudio/sifive/riscv64-unknown-elf-gcc-8.3.0-2020.04.1/bin/../lib/gcc/riscv64-unknown-elf/8.3.0/../../../../riscv64-unknown-elf/lib/rv32imac/ilp32\libc_nano.a(lib_a-printf.o) (__sinit)
c:/freedomstudio/sifive/riscv64-unknown-elf-gcc-8.3.0-2020.04.1/bin/../lib/gcc/riscv64-unknown-elf/8.3.0/../../../../riscv64-unknown-elf/lib/rv32imac/ilp32\libc_nano.a(lib_a-fwalk.o)
                              c:/freedomstudio/sifive/riscv64-unknown-elf-gcc-8.3.0-2020.04.1/bin/../lib/gcc/riscv64-unknown-elf/8.3.0/../../../../riscv64-unknown-elf/lib/rv32imac/ilp32\libc_nano.a(lib_a-findfp.o) (_fwalk)
c:/freedomstudio/sifive/riscv64-unknown-elf-gcc-8.3.0-2020.04.1/bin/../lib/gcc/riscv64-unknown-elf/8.3.0/../../../../riscv64-unknown-elf/lib/rv32imac/ilp32\libc_nano.a(lib_a-impure.o)
                              c:/freedomstudio/sifive/riscv64-unknown-elf-gcc-8.3.0-2020.04.1/bin/../lib/gcc/riscv64-unknown-elf/8.3.0/../../../../riscv64-unknown-elf/lib/rv32imac/ilp32\libc_nano.a(lib_a-fflush.o) (_global_impure_ptr)
c:/freedomstudio/sifive/riscv64-unknown-elf-gcc-8.3.0-2020.04.1/bin/../lib/gcc/riscv64-unknown-elf/8.3.0/../../../../riscv64-unknown-elf/lib/rv32imac/ilp32\libc_nano.a(lib_a-makebuf.o)
                              c:/freedomstudio/sifive/riscv64-unknown-elf-gcc-8.3.0-2020.04.1/bin/../lib/gcc/riscv64-unknown-elf/8.3.0/../../../../riscv64-unknown-elf/lib/rv32imac/ilp32\libc_nano.a(lib_a-wsetup.o) (__smakebuf_r)
c:/freedomstudio/sifive/riscv64-unknown-elf-gcc-8.3.0-2020.04.1/bin/../lib/gcc/riscv64-unknown-elf/8.3.0/../../../../riscv64-unknown-elf/lib/rv32imac/ilp32\libc_nano.a(lib_a-nano-freer.o)
[...]
Memory Configuration

Name             Origin             Length             Attributes
itim             0x0000000008000000 0x0000000000002000 axrwl
ram              0x0000000080000000 0x0000000000004000 arw !xl
rom              0x0000000020010000 0x000000000006a120 xrl !aw
*default*        0x0000000000000000 0xffffffffffffffff

Linker script and memory map

LOAD C:\Users\YOUNGB~1\AppData\Local\Temp\ccebLbNt.o
LOAD C:\Users\YOUNGB~1\AppData\Local\Temp\cc3Rbhas.o
LOAD C:\Users\YOUNGB~1\AppData\Local\Temp\ccdL9oYC.o
LOAD C:\Users\YOUNGB~1\AppData\Local\Temp\ccDgNGUO.o
LOAD C:\Users\YOUNGB~1\AppData\Local\Temp\cclHRRe9.o
LOAD C:\Users\YOUNGB~1\AppData\Local\Temp\ccPkUaAA.o
START GROUP
LOAD c:/freedomstudio/sifive/riscv64-unknown-elf-gcc-8.3.0-2020.04.1/bin/../lib/gcc/riscv64-unknown-elf/8.3.0/../../../../riscv64-unknown-elf/lib/rv32imac/ilp32\libc_nano.a
LOAD c:/freedomstudio/sifive/riscv64-unknown-elf-gcc-8.3.0-2020.04.1/bin/../lib/gcc/riscv64-unknown-elf/8.3.0/rv32imac/ilp32\libgcc.a
LOAD c:/freedomstudio/sifive/riscv64-unknown-elf-gcc-8.3.0-2020.04.1/bin/../lib/gcc/riscv64-unknown-elf/8.3.0/../../../../riscv64-unknown-elf/lib/rv32imac/ilp32\libm.a
LOAD C:/Users/YoungBeom/wsFreedomStudio/Curve25519_Reduction/bsp/install/lib/release/\libmetal.a
LOAD C:/Users/YoungBeom/wsFreedomStudio/Curve25519_Reduction/bsp/install/lib/release/\libmetal-gloss.a
END GROUP
                0x0000000000000400                __stack_size = DEFINED (__stack_size)?__stack_size:0x400
                [!provide]                        PROVIDE (__stack_size = __stack_size)
                0x0000000000000800                __heap_size = DEFINED (__heap_size)?__heap_size:0x800
                0x0000000000000000                PROVIDE (__metal_boot_hart = 0x0)
                0x0000000000000001                PROVIDE (__metal_chicken_bit = 0x1)
                0x0000000000000000                PROVIDE (__metal_eccscrub_bit = 0x0)
                0x0000000080000000                PROVIDE (metal_dtim_0_memory_start = 0x80000000)
                0x0000000080004000                PROVIDE (metal_dtim_0_memory_end = 0x80004000)
                0x0000000008000000                PROVIDE (metal_itim_0_memory_start = 0x8000000)
                0x0000000008002000                PROVIDE (metal_itim_0_memory_end = 0x8002000)

.init           0x0000000020010000      0x2ca
 *(.text.metal.init.enter)
 .text.metal.init.enter
                0x0000000020010000       0x90 C:/Users/YoungBeom/wsFreedomStudio/Curve25519_Reduction/bsp/install/lib/release/\libmetal.a(entry.o)
                0x0000000020010000                _enter
 *(.text.metal.init.*)
 .text.metal.init.__register_frame_info
                0x0000000020010090        0x2 C:/Users/YoungBeom/wsFreedomStudio/Curve25519_Reduction/bsp/install/lib/release/\libmetal.a(entry.o)
                0x0000000020010090                __register_frame_info
 .text.metal.init.scrub
                0x0000000020010092       0xe4 C:/Users/YoungBeom/wsFreedomStudio/Curve25519_Reduction/bsp/install/lib/release/\libmetal.a(scrub.o)
                0x000000002001009e                __metal_before_start
 *fill*         0x0000000020010176        0x2 
 .text.metal.init.trapvec
                0x0000000020010178        0xe C:/Users/YoungBeom/wsFreedomStudio/Curve25519_Reduction/bsp/install/lib/release/\libmetal.a(trap.o)
                0x0000000020010178                early_trap_vector
 *(SORT_NONE(.init))
 .init          0x0000000020010186        0x2 C:/Users/YoungBeom/wsFreedomStudio/Curve25519_Reduction/bsp/install/lib/release/\libmetal.a(synchronize_harts.o)
                0x0000000020010186                __metal_synchronize_harts
 *(.text.libgloss.start)
 .text.libgloss.start
                0x0000000020010188      0x142 C:/Users/YoungBeom/wsFreedomStudio/Curve25519_Reduction/bsp/install/lib/release/\libmetal-gloss.a(crt0.o)
                0x0000000020010188                _start
                0x00000000200102a8                _fini
                0x00000000200102a8                _init
                0x00000000200102aa                secondary_main

.fini
 *(SORT_NONE(.fini))

.preinit_array  0x00000000200102d0        0x0
                0x00000000200102d0                PROVIDE (__preinit_array_start = .)
 *(.preinit_array)
                0x00000000200102d0                PROVIDE (__preinit_array_end = .)

.init_array     0x00000000200102d0        0xc
                0x00000000200102d0                PROVIDE (__init_array_start = .)
 *(SORT_BY_INIT_PRIORITY(.init_array.*) SORT_BY_INIT_PRIORITY(.ctors.*))
 *(.init_array EXCLUDE_FILE(*crtend?.o *crtend.o *crtbegin?.o *crtbegin.o) .ctors)
                0x00000000200102d0                PROVIDE (__init_array_end = .)
                0x00000000200102d0                PROVIDE (metal_constructors_start = .)
 *(SORT_BY_INIT_PRIORITY(.metal.init_array.*))
 .metal.init_array.5000
                0x00000000200102d0        0x8 C:/Users/YoungBeom/wsFreedomStudio/Curve25519_Reduction/bsp/install/lib/release/\libmetal.a(sifive_fe310-g000_pll.o)
                0x00000000200102d0                _use_hfxosc_ptr
                0x00000000200102d4                _metal_sifive_fe310_g000_pll_init_ptr
 .metal.init_array.5000
                0x00000000200102d8        0x4 C:/Users/YoungBeom/wsFreedomStudio/Curve25519_Reduction/bsp/install/lib/release/\libmetal.a(tty.o)
                0x00000000200102d8                _metal_tty_init_ptr
 *(.metal.init_array)
                0x00000000200102dc                PROVIDE (metal_constructors_end = .)

.fini_array     0x00000000200102e0        0x0
                0x00000000200102e0                PROVIDE (__fini_array_start = .)
 *(SORT_BY_INIT_PRIORITY(.fini_array.*) SORT_BY_INIT_PRIORITY(.dtors.*))
 *(.fini_array EXCLUDE_FILE(*crtend?.o *crtend.o *crtbegin?.o *crtbegin.o) .dtors)
                0x00000000200102e0                PROVIDE (__fini_array_end = .)
                0x00000000200102e0                PROVIDE (metal_destructors_start = .)
 *(SORT_BY_INIT_PRIORITY(.metal.fini_array.*))
 *(.metal.fini_array)
                0x00000000200102e0                PROVIDE (metal_destructors_end = .)

.ctors          0x00000000200102dc       0x32
 *crtbegin.o(.ctors)
 *crtbegin?.o(.ctors)
 *(EXCLUDE_FILE(*crtend?.o *crtend.o) .ctors)
 *(SORT_BY_NAME(.ctors.*))
 *(.ctors)
 *(.metal.ctors .metal.ctors.*)
 .metal.ctors   0x00000000200102dc       0x20 C:/Users/YoungBeom/wsFreedomStudio/Curve25519_Reduction/bsp/install/lib/release/\libmetal.a(sifive_fe310-g000_pll.o)
                0x00000000200102dc                metal_sifive_fe310_g000_pll_init
                0x00000000200102e8                use_hfxosc
 .metal.ctors   0x00000000200102fc       0x12 C:/Users/YoungBeom/wsFreedomStudio/Curve25519_Reduction/bsp/install/lib/release/\libmetal.a(tty.o)
                0x00000000200102fc                metal_tty_init

.dtors
 *crtbegin.o(.dtors)
 *crtbegin?.o(.dtors)
 *(EXCLUDE_FILE(*crtend?.o *crtend.o) .dtors)
 *(SORT_BY_NAME(.dtors.*))
 *(.dtors)
 *(.metal.dtors .metal.dtors.*)

.rodata         0x0000000020010310      0xe10
 *(.rdata)
 *(.rodata .rodata.*)
 .rodata        0x0000000020010310       0x20 C:\Users\YOUNGB~1\AppData\Local\Temp\ccebLbNt.o
 .rodata.main.str1.4
                0x0000000020010330      0x13c C:\Users\YOUNGB~1\AppData\Local\Temp\ccebLbNt.o
 .rodata        0x000000002001046c       0x20 C:\Users\YOUNGB~1\AppData\Local\Temp\cc3Rbhas.o
 .rodata.__sf_fake_stderr
                0x000000002001048c       0x20 c:/freedomstudio/sifive/riscv64-unknown-elf-gcc-8.3.0-2020.04.1/bin/../lib/gcc/riscv64-unknown-elf/8.3.0/../../../../riscv64-unknown-elf/lib/rv32imac/ilp32\libc_nano.a(lib_a-findfp.o)
                0x000000002001048c                __sf_fake_stderr
 .rodata.__sf_fake_stdin
                0x00000000200104ac       0x20 c:/freedomstudio/sifive/riscv64-unknown-elf-gcc-8.3.0-2020.04.1/bin/../lib/gcc/riscv64-unknown-elf/8.3.0/../../../../riscv64-unknown-elf/lib/rv32imac/ilp32\libc_nano.a(lib_a-findfp.o)
                0x00000000200104ac                __sf_fake_stdin
 .rodata.__sf_fake_stdout
                0x00000000200104cc       0x20 c:/freedomstudio/sifive/riscv64-unknown-elf-gcc-8.3.0-2020.04.1/bin/../lib/gcc/riscv64-unknown-elf/8.3.0/../../../../riscv64-unknown-elf/lib/rv32imac/ilp32\libc_nano.a(lib_a-findfp.o)
                0x00000000200104cc                __sf_fake_stdout
 .rodata._vfprintf_r.str1.4
                0x00000000200104ec       0x13 c:/freedomstudio/sifive/riscv64-unknown-elf-gcc-8.3.0-2020.04.1/bin/../lib/gcc/riscv64-unknown-elf/8.3.0/../../../../riscv64-unknown-elf/lib/rv32imac/ilp32\libc_nano.a(lib_a-nano-vfprintf.o)
 *fill*         0x00000000200104ff        0x1 
 .rodata._printf_i.str1.4
                0x0000000020010500       0x25 c:/freedomstudio/sifive/riscv64-unknown-elf-gcc-8.3.0-2020.04.1/bin/../lib/gcc/riscv64-unknown-elf/8.3.0/../../../../riscv64-unknown-elf/lib/rv32imac/ilp32\libc_nano.a(lib_a-nano-vfprintf_i.o)
 *fill*         0x0000000020010525        0x3 
 .rodata        0x0000000020010528      0x100 c:/freedomstudio/sifive/riscv64-unknown-elf-gcc-8.3.0-2020.04.1/bin/../lib/gcc/riscv64-unknown-elf/8.3.0/rv32imac/ilp32\libgcc.a(_clz.o)
                0x0000000020010528                __clz_tab
 .rodata.__metal_driver_vtable_riscv_clint0
                0x0000000020010628       0x64 C:/Users/YoungBeom/wsFreedomStudio/Curve25519_Reduction/bsp/install/lib/release/\libmetal.a(riscv_clint0.o)
                0x0000000020010628                __metal_driver_vtable_riscv_clint0
 .rodata.__metal_driver_vtable_cpu
                0x000000002001068c       0x44 C:/Users/YoungBeom/wsFreedomStudio/Curve25519_Reduction/bsp/install/lib/release/\libmetal.a(riscv_cpu.o)
                0x000000002001068c                __metal_driver_vtable_cpu
 .rodata.__metal_driver_vtable_riscv_cpu_intc
                0x00000000200106d0       0x64 C:/Users/YoungBeom/wsFreedomStudio/Curve25519_Reduction/bsp/install/lib/release/\libmetal.a(riscv_cpu.o)
                0x00000000200106d0                __metal_driver_vtable_riscv_cpu_intc
 .rodata.__metal_driver_vtable_riscv_plic0
                0x0000000020010734       0x64 C:/Users/YoungBeom/wsFreedomStudio/Curve25519_Reduction/bsp/install/lib/release/\libmetal.a(riscv_plic0.o)
                0x0000000020010734                __metal_driver_vtable_riscv_plic0
 .rodata.__metal_driver_vtable_sifive_fe310_g000_pll
                0x0000000020010798        0xc C:/Users/YoungBeom/wsFreedomStudio/Curve25519_Reduction/bsp/install/lib/release/\libmetal.a(sifive_fe310-g000_pll.o)
                0x0000000020010798                __metal_driver_vtable_sifive_fe310_g000_pll
 .rodata.pll_configs
                0x00000000200107a4      0x880 C:/Users/YoungBeom/wsFreedomStudio/Curve25519_Reduction/bsp/install/lib/release/\libmetal.a(sifive_fe310-g000_pll.o)
 .rodata.__metal_driver_led_exist.str1.4
                0x0000000020011024       0x1c C:/Users/YoungBeom/wsFreedomStudio/Curve25519_Reduction/bsp/install/lib/release/\libmetal.a(sifive_gpio-leds.o)
                                         0x1d (size before relaxing)
 .rodata.__metal_driver_vtable_sifive_led
                0x0000000020011040       0x14 C:/Users/YoungBeom/wsFreedomStudio/Curve25519_Reduction/bsp/install/lib/release/\libmetal.a(sifive_gpio-leds.o)
                0x0000000020011040                __metal_driver_vtable_sifive_led
 .rodata.__metal_driver_sifive_gpio0_config_int
                0x0000000020011054       0x20 C:/Users/YoungBeom/wsFreedomStudio/Curve25519_Reduction/bsp/install/lib/release/\libmetal.a(sifive_gpio0.o)
 .rodata.__metal_driver_sifive_gpio0_clear_int
                0x0000000020011074       0x1c C:/Users/YoungBeom/wsFreedomStudio/Curve25519_Reduction/bsp/install/lib/release/\libmetal.a(sifive_gpio0.o)
 .rodata.__metal_driver_vtable_sifive_gpio0
                0x0000000020011090       0x3c C:/Users/YoungBeom/wsFreedomStudio/Curve25519_Reduction/bsp/install/lib/release/\libmetal.a(sifive_gpio0.o)
                0x0000000020011090                __metal_driver_vtable_sifive_gpio0
 .rodata.__metal_driver_vtable_sifive_uart0
                0x00000000200110cc       0x40 C:/Users/YoungBeom/wsFreedomStudio/Curve25519_Reduction/bsp/install/lib/release/\libmetal.a(sifive_uart0.o)
                0x00000000200110cc                __metal_driver_vtable_sifive_uart0
 .rodata.libgloss.start
                0x000000002001110c       0x11 C:/Users/YoungBeom/wsFreedomStudio/Curve25519_Reduction/bsp/install/lib/release/\libmetal-gloss.a(crt0.o)
 *(.gnu.linkonce.r.*)
                0x0000000020011120                . = ALIGN (0x8)
 *fill*         0x000000002001111d        0x3 
 *(.srodata.cst16)
 *(.srodata.cst8)
 *(.srodata.cst4)
 *(.srodata.cst2)
 *(.srodata .srodata.*)

.itim           0x0000000008000000        0x0 load address 0x0000000020011120
 *(.itim .itim.*)
                0x0000000020011120                PROVIDE (metal_segment_itim_source_start = LOADADDR (.itim))
                0x0000000008000000                PROVIDE (metal_segment_itim_target_start = ADDR (.itim))
                0x0000000008000000                PROVIDE (metal_segment_itim_target_end = (ADDR (.itim) + SIZEOF (.itim)))

.text           0x0000000020011180     0x5810
 *(.text.unlikely .text.unlikely.*)
 *(.text.startup .text.startup.*)
 .text.startup.main
                0x0000000020011180      0x33c C:\Users\YOUNGB~1\AppData\Local\Temp\ccebLbNt.o
                0x0000000020011180                main
 *(.text .text.*)
 .text.timer_isr
                0x00000000200114bc       0x1c C:\Users\YOUNGB~1\AppData\Local\Temp\ccebLbNt.o
                0x00000000200114bc                timer_isr
 .text.wait_for_timer
                0x00000000200114d8       0x58 C:\Users\YOUNGB~1\AppData\Local\Temp\ccebLbNt.o
                0x00000000200114d8                wait_for_timer
 .text.p25519_mul
                0x0000000020011530       0x7e C:\Users\YOUNGB~1\AppData\Local\Temp\cc3Rbhas.o
                0x0000000020011530                p25519_mul
 .text.BN_p25519_add
                0x00000000200115ae       0x6a C:\Users\YOUNGB~1\AppData\Local\Temp\cc3Rbhas.o
                0x00000000200115ae                BN_p25519_add
 .text.BN_p25519_sub
                0x0000000020011618       0x78 C:\Users\YOUNGB~1\AppData\Local\Temp\cc3Rbhas.o
                0x0000000020011618                BN_p25519_sub
 .text.BN_Compare
                0x0000000020011690       0x28 C:\Users\YOUNGB~1\AppData\Local\Temp\cc3Rbhas.o
                0x0000000020011690                BN_Compare
 .text.BN_modular
                0x00000000200116b8      0x138 C:\Users\YOUNGB~1\AppData\Local\Temp\cc3Rbhas.o
                0x00000000200116b8                BN_modular
 .text          0x00000000200117f0       0x12 C:\Users\YOUNGB~1\AppData\Local\Temp\ccdL9oYC.o
                0x00000000200117f0                getcycles
 *fill*         0x0000000020011802        0x6 
 .text          0x0000000020011808     0x10ec C:\Users\YOUNGB~1\AppData\Local\Temp\cclHRRe9.o
                0x0000000020011808                AES_128_keyschedule
                0x0000000020011cc8                AES_128_keyschedule_dec
                0x0000000020011cd0                AES_128_encrypt
                0x00000000200128f0                AES_128_decrypt
 *fill*         0x00000000200128f4        0x4 
 .text          0x00000000200128f8      0x38a C:\Users\YOUNGB~1\AppData\Local\Temp\ccPkUaAA.o
                0x00000000200128f8                curve25519_reduction_asm
 .text          0x0000000020012c82       0x16 c:/freedomstudio/sifive/riscv64-unknown-elf-gcc-8.3.0-2020.04.1/bin/../lib/gcc/riscv64-unknown-elf/8.3.0/../../../../riscv64-unknown-elf/lib/rv32imac/ilp32\libc_nano.a(lib_a-memcpy-asm.o)
                0x0000000020012c82                memcpy
 .text          0x0000000020012c98       0x10 c:/freedomstudio/sifive/riscv64-unknown-elf-gcc-8.3.0-2020.04.1/bin/../lib/gcc/riscv64-unknown-elf/8.3.0/../../../../riscv64-unknown-elf/lib/rv32imac/ilp32\libc_nano.a(lib_a-memset.o)
                0x0000000020012c98                memset
 .text.printf   0x0000000020012ca8       0x44 c:/freedomstudio/sifive/riscv64-unknown-elf-gcc-8.3.0-2020.04.1/bin/../lib/gcc/riscv64-unknown-elf/8.3.0/../../../../riscv64-unknown-elf/lib/rv32imac/ilp32\libc_nano.a(lib_a-printf.o)
                0x0000000020012ca8                iprintf
                0x0000000020012ca8                printf
 .text._puts_r  0x0000000020012cec       0xda c:/freedomstudio/sifive/riscv64-unknown-elf-gcc-8.3.0-2020.04.1/bin/../lib/gcc/riscv64-unknown-elf/8.3.0/../../../../riscv64-unknown-elf/lib/rv32imac/ilp32\libc_nano.a(lib_a-puts.o)
                0x0000000020012cec                _puts_r
 .text.puts     0x0000000020012dc6        0xe c:/freedomstudio/sifive/riscv64-unknown-elf-gcc-8.3.0-2020.04.1/bin/../lib/gcc/riscv64-unknown-elf/8.3.0/../../../../riscv64-unknown-elf/lib/rv32imac/ilp32\libc_nano.a(lib_a-puts.o)
                0x0000000020012dc6                puts
 .text.__swbuf_r
                0x0000000020012dd4       0xc0 c:/freedomstudio/sifive/riscv64-unknown-elf-gcc-8.3.0-2020.04.1/bin/../lib/gcc/riscv64-unknown-elf/8.3.0/../../../../riscv64-unknown-elf/lib/rv32imac/ilp32\libc_nano.a(lib_a-wbuf.o)
                0x0000000020012dd4                __swbuf_r
 .text.__swsetup_r
                0x0000000020012e94      0x110 c:/freedomstudio/sifive/riscv64-unknown-elf-gcc-8.3.0-2020.04.1/bin/../lib/gcc/riscv64-unknown-elf/8.3.0/../../../../riscv64-unknown-elf/lib/rv32imac/ilp32\libc_nano.a(lib_a-wsetup.o)
                0x0000000020012e94                __swsetup_r
 .text.__sflush_r
                0x0000000020012fa4      0x14a c:/freedomstudio/sifive/riscv64-unknown-elf-gcc-8.3.0-2020.04.1/bin/../lib/gcc/riscv64-unknown-elf/8.3.0/../../../../riscv64-unknown-elf/lib/rv32imac/ilp32\libc_nano.a(lib_a-fflush.o)
                0x0000000020012fa4                __sflush_r
 .text._fflush_r
                0x00000000200130ee       0x64 c:/freedomstudio/sifive/riscv64-unknown-elf-gcc-8.3.0-2020.04.1/bin/../lib/gcc/riscv64-unknown-elf/8.3.0/../../../../riscv64-unknown-elf/lib/rv32imac/ilp32\libc_nano.a(lib_a-fflush.o)
                0x00000000200130ee                _fflush_r
 .text.std      0x0000000020013152       0x68 c:/freedomstudio/sifive/riscv64-unknown-elf-gcc-8.3.0-2020.04.1/bin/../lib/gcc/riscv64-unknown-elf/8.3.0/../../../../riscv64-unknown-elf/lib/rv32imac/ilp32\libc_nano.a(lib_a-findfp.o)
 .text._cleanup_r
                0x00000000200131ba        0xa c:/freedomstudio/sifive/riscv64-unknown-elf-gcc-8.3.0-2020.04.1/bin/../lib/gcc/riscv64-unknown-elf/8.3.0/../../../../riscv64-unknown-elf/lib/rv32imac/ilp32\libc_nano.a(lib_a-findfp.o)
                0x00000000200131ba                _cleanup_r
 .text.__sfmoreglue
                0x00000000200131c4       0x44 c:/freedomstudio/sifive/riscv64-unknown-elf-gcc-8.3.0-2020.04.1/bin/../lib/gcc/riscv64-unknown-elf/8.3.0/../../../../riscv64-unknown-elf/lib/rv32imac/ilp32\libc_nano.a(lib_a-findfp.o)
                0x00000000200131c4                __sfmoreglue
 .text.__sinit  0x0000000020013208       0x6a c:/freedomstudio/sifive/riscv64-unknown-elf-gcc-8.3.0-2020.04.1/bin/../lib/gcc/riscv64-unknown-elf/8.3.0/../../../../riscv64-unknown-elf/lib/rv32imac/ilp32\libc_nano.a(lib_a-findfp.o)
                0x0000000020013208                __sinit
 .text.__sfp    0x0000000020013272       0xa0 c:/freedomstudio/sifive/riscv64-unknown-elf-gcc-8.3.0-2020.04.1/bin/../lib/gcc/riscv64-unknown-elf/8.3.0/../../../../riscv64-unknown-elf/lib/rv32imac/ilp32\libc_nano.a(lib_a-findfp.o)
                0x0000000020013272                __sfp
 .text._fwalk_reent
                0x0000000020013312       0x6c c:/freedomstudio/sifive/riscv64-unknown-elf-gcc-8.3.0-2020.04.1/bin/../lib/gcc/riscv64-unknown-elf/8.3.0/../../../../riscv64-unknown-elf/lib/rv32imac/ilp32\libc_nano.a(lib_a-fwalk.o)
                0x0000000020013312                _fwalk_reent
 .text.__swhatbuf_r
                0x000000002001337e       0x58 c:/freedomstudio/sifive/riscv64-unknown-elf-gcc-8.3.0-2020.04.1/bin/../lib/gcc/riscv64-unknown-elf/8.3.0/../../../../riscv64-unknown-elf/lib/rv32imac/ilp32\libc_nano.a(lib_a-makebuf.o)
                0x000000002001337e                __swhatbuf_r
 .text.__smakebuf_r
                0x00000000200133d6       0x9c c:/freedomstudio/sifive/riscv64-unknown-elf-gcc-8.3.0-2020.04.1/bin/../lib/gcc/riscv64-unknown-elf/8.3.0/../../../../riscv64-unknown-elf/lib/rv32imac/ilp32\libc_nano.a(lib_a-makebuf.o)
                0x00000000200133d6                __smakebuf_r
 .text._free_r  0x0000000020013472       0xac c:/freedomstudio/sifive/riscv64-unknown-elf-gcc-8.3.0-2020.04.1/bin/../lib/gcc/riscv64-unknown-elf/8.3.0/../../../../riscv64-unknown-elf/lib/rv32imac/ilp32\libc_nano.a(lib_a-nano-freer.o)
                0x0000000020013472                _free_r
 .text._malloc_r
                0x000000002001351e       0xde c:/freedomstudio/sifive/riscv64-unknown-elf-gcc-8.3.0-2020.04.1/bin/../lib/gcc/riscv64-unknown-elf/8.3.0/../../../../riscv64-unknown-elf/lib/rv32imac/ilp32\libc_nano.a(lib_a-nano-mallocr.o)
                0x000000002001351e                _malloc_r
 .text.__sfputc_r
                0x00000000200135fc       0x2a c:/freedomstudio/sifive/riscv64-unknown-elf-gcc-8.3.0-2020.04.1/bin/../lib/gcc/riscv64-unknown-elf/8.3.0/../../../../riscv64-unknown-elf/lib/rv32imac/ilp32\libc_nano.a(lib_a-nano-vfprintf.o)
 .text.__sfputs_r
                0x0000000020013626       0x42 c:/freedomstudio/sifive/riscv64-unknown-elf-gcc-8.3.0-2020.04.1/bin/../lib/gcc/riscv64-unknown-elf/8.3.0/../../../../riscv64-unknown-elf/lib/rv32imac/ilp32\libc_nano.a(lib_a-nano-vfprintf.o)
                0x0000000020013626                __sfputs_r
 .text._vfprintf_r
                0x0000000020013668      0x298 c:/freedomstudio/sifive/riscv64-unknown-elf-gcc-8.3.0-2020.04.1/bin/../lib/gcc/riscv64-unknown-elf/8.3.0/../../../../riscv64-unknown-elf/lib/rv32imac/ilp32\libc_nano.a(lib_a-nano-vfprintf.o)
                0x0000000020013668                _vfprintf_r
                0x0000000020013668                _vfiprintf_r
 .text._sbrk_r  0x0000000020013900       0x2a c:/freedomstudio/sifive/riscv64-unknown-elf-gcc-8.3.0-2020.04.1/bin/../lib/gcc/riscv64-unknown-elf/8.3.0/../../../../riscv64-unknown-elf/lib/rv32imac/ilp32\libc_nano.a(lib_a-sbrkr.o)
                0x0000000020013900                _sbrk_r
 .text.__sread  0x000000002001392a       0x30 c:/freedomstudio/sifive/riscv64-unknown-elf-gcc-8.3.0-2020.04.1/bin/../lib/gcc/riscv64-unknown-elf/8.3.0/../../../../riscv64-unknown-elf/lib/rv32imac/ilp32\libc_nano.a(lib_a-stdio.o)
                0x000000002001392a                __sread
 .text.__swrite
                0x000000002001395a       0x4e c:/freedomstudio/sifive/riscv64-unknown-elf-gcc-8.3.0-2020.04.1/bin/../lib/gcc/riscv64-unknown-elf/8.3.0/../../../../riscv64-unknown-elf/lib/rv32imac/ilp32\libc_nano.a(lib_a-stdio.o)
                0x000000002001395a                __swrite
 .text.__sseek  0x00000000200139a8       0x36 c:/freedomstudio/sifive/riscv64-unknown-elf-gcc-8.3.0-2020.04.1/bin/../lib/gcc/riscv64-unknown-elf/8.3.0/../../../../riscv64-unknown-elf/lib/rv32imac/ilp32\libc_nano.a(lib_a-stdio.o)
                0x00000000200139a8                __sseek
 .text.__sclose
                0x00000000200139de        0x6 c:/freedomstudio/sifive/riscv64-unknown-elf-gcc-8.3.0-2020.04.1/bin/../lib/gcc/riscv64-unknown-elf/8.3.0/../../../../riscv64-unknown-elf/lib/rv32imac/ilp32\libc_nano.a(lib_a-stdio.o)
                0x00000000200139de                __sclose
 .text._write_r
                0x00000000200139e4       0x2e c:/freedomstudio/sifive/riscv64-unknown-elf-gcc-8.3.0-2020.04.1/bin/../lib/gcc/riscv64-unknown-elf/8.3.0/../../../../riscv64-unknown-elf/lib/rv32imac/ilp32\libc_nano.a(lib_a-writer.o)
                0x00000000200139e4                _write_r
 .text._close_r
                0x0000000020013a12       0x2a c:/freedomstudio/sifive/riscv64-unknown-elf-gcc-8.3.0-2020.04.1/bin/../lib/gcc/riscv64-unknown-elf/8.3.0/../../../../riscv64-unknown-elf/lib/rv32imac/ilp32\libc_nano.a(lib_a-closer.o)
                0x0000000020013a12                _close_r
 .text._fstat_r
                0x0000000020013a3c       0x2c c:/freedomstudio/sifive/riscv64-unknown-elf-gcc-8.3.0-2020.04.1/bin/../lib/gcc/riscv64-unknown-elf/8.3.0/../../../../riscv64-unknown-elf/lib/rv32imac/ilp32\libc_nano.a(lib_a-fstatr.o)
                0x0000000020013a3c                _fstat_r
 .text._isatty_r
                0x0000000020013a68       0x2a c:/freedomstudio/sifive/riscv64-unknown-elf-gcc-8.3.0-2020.04.1/bin/../lib/gcc/riscv64-unknown-elf/8.3.0/../../../../riscv64-unknown-elf/lib/rv32imac/ilp32\libc_nano.a(lib_a-isattyr.o)
                0x0000000020013a68                _isatty_r
 .text._lseek_r
                0x0000000020013a92       0x2e c:/freedomstudio/sifive/riscv64-unknown-elf-gcc-8.3.0-2020.04.1/bin/../lib/gcc/riscv64-unknown-elf/8.3.0/../../../../riscv64-unknown-elf/lib/rv32imac/ilp32\libc_nano.a(lib_a-lseekr.o)
                0x0000000020013a92                _lseek_r
 .text.memchr   0x0000000020013ac0       0x1a c:/freedomstudio/sifive/riscv64-unknown-elf-gcc-8.3.0-2020.04.1/bin/../lib/gcc/riscv64-unknown-elf/8.3.0/../../../../riscv64-unknown-elf/lib/rv32imac/ilp32\libc_nano.a(lib_a-memchr.o)
                0x0000000020013ac0                memchr
 .text.__malloc_lock
                0x0000000020013ada        0x2 c:/freedomstudio/sifive/riscv64-unknown-elf-gcc-8.3.0-2020.04.1/bin/../lib/gcc/riscv64-unknown-elf/8.3.0/../../../../riscv64-unknown-elf/lib/rv32imac/ilp32\libc_nano.a(lib_a-mlock.o)
                0x0000000020013ada                __malloc_lock
 .text.__malloc_unlock
                0x0000000020013adc        0x2 c:/freedomstudio/sifive/riscv64-unknown-elf-gcc-8.3.0-2020.04.1/bin/../lib/gcc/riscv64-unknown-elf/8.3.0/../../../../riscv64-unknown-elf/lib/rv32imac/ilp32\libc_nano.a(lib_a-mlock.o)
                0x0000000020013adc                __malloc_unlock
 .text._printf_common
                0x0000000020013ade      0x10c c:/freedomstudio/sifive/riscv64-unknown-elf-gcc-8.3.0-2020.04.1/bin/../lib/gcc/riscv64-unknown-elf/8.3.0/../../../../riscv64-unknown-elf/lib/rv32imac/ilp32\libc_nano.a(lib_a-nano-vfprintf_i.o)
                0x0000000020013ade                _printf_common
 .text._printf_i
                0x0000000020013bea      0x2a2 c:/freedomstudio/sifive/riscv64-unknown-elf-gcc-8.3.0-2020.04.1/bin/../lib/gcc/riscv64-unknown-elf/8.3.0/../../../../riscv64-unknown-elf/lib/rv32imac/ilp32\libc_nano.a(lib_a-nano-vfprintf_i.o)
                0x0000000020013bea                _printf_i
 .text._read_r  0x0000000020013e8c       0x2e c:/freedomstudio/sifive/riscv64-unknown-elf-gcc-8.3.0-2020.04.1/bin/../lib/gcc/riscv64-unknown-elf/8.3.0/../../../../riscv64-unknown-elf/lib/rv32imac/ilp32\libc_nano.a(lib_a-readr.o)
                0x0000000020013e8c                _read_r
 .text          0x0000000020013eba      0x35e c:/freedomstudio/sifive/riscv64-unknown-elf-gcc-8.3.0-2020.04.1/bin/../lib/gcc/riscv64-unknown-elf/8.3.0/rv32imac/ilp32\libgcc.a(_udivdi3.o)
                0x0000000020013eba                __udivdi3
 .text.metal_cpu_get_mtime
                0x0000000020014218        0x8 C:/Users/YoungBeom/wsFreedomStudio/Curve25519_Reduction/bsp/install/lib/release/\libmetal.a(cpu.o)
                0x0000000020014218                metal_cpu_get_mtime
 .text.metal_cpu_set_mtimecmp
                0x0000000020014220        0x8 C:/Users/YoungBeom/wsFreedomStudio/Curve25519_Reduction/bsp/install/lib/release/\libmetal.a(cpu.o)
                0x0000000020014220                metal_cpu_set_mtimecmp
 .text.metal_cpu_timer_interrupt_controller
                0x0000000020014228        0x8 C:/Users/YoungBeom/wsFreedomStudio/Curve25519_Reduction/bsp/install/lib/release/\libmetal.a(cpu.o)
                0x0000000020014228                metal_cpu_timer_interrupt_controller
 .text.metal_cpu_timer_get_interrupt_id
                0x0000000020014230        0x8 C:/Users/YoungBeom/wsFreedomStudio/Curve25519_Reduction/bsp/install/lib/release/\libmetal.a(cpu.o)
                0x0000000020014230                metal_cpu_timer_get_interrupt_id
 .text.metal_cpu_interrupt_controller
                0x0000000020014238        0x8 C:/Users/YoungBeom/wsFreedomStudio/Curve25519_Reduction/bsp/install/lib/release/\libmetal.a(cpu.o)
                0x0000000020014238                metal_cpu_interrupt_controller
 .text.metal_cpu_get
                0x0000000020014240        0xc C:/Users/YoungBeom/wsFreedomStudio/Curve25519_Reduction/bsp/install/lib/release/\libmetal.a(cpu.o)
                0x0000000020014240                metal_cpu_get
 .text.metal_cpu_get_current_hartid
                0x000000002001424c        0x6 C:/Users/YoungBeom/wsFreedomStudio/Curve25519_Reduction/bsp/install/lib/release/\libmetal.a(cpu.o)
                0x000000002001424c                metal_cpu_get_current_hartid
 .text.metal_interrupt_init
                0x0000000020014252        0x8 C:/Users/YoungBeom/wsFreedomStudio/Curve25519_Reduction/bsp/install/lib/release/\libmetal.a(interrupt.o)
                0x0000000020014252                metal_interrupt_init
 .text.metal_interrupt_register_handler
                0x000000002001425a        0x8 C:/Users/YoungBeom/wsFreedomStudio/Curve25519_Reduction/bsp/install/lib/release/\libmetal.a(interrupt.o)
                0x000000002001425a                metal_interrupt_register_handler
 .text.metal_interrupt_enable
                0x0000000020014262        0x8 C:/Users/YoungBeom/wsFreedomStudio/Curve25519_Reduction/bsp/install/lib/release/\libmetal.a(interrupt.o)
                0x0000000020014262                metal_interrupt_enable
 .text.metal_interrupt_disable
                0x000000002001426a        0x8 C:/Users/YoungBeom/wsFreedomStudio/Curve25519_Reduction/bsp/install/lib/release/\libmetal.a(interrupt.o)
                0x000000002001426a                metal_interrupt_disable
 .text.metal_led_enable
                0x0000000020014272        0x8 C:/Users/YoungBeom/wsFreedomStudio/Curve25519_Reduction/bsp/install/lib/release/\libmetal.a(led.o)
                0x0000000020014272                metal_led_enable
 .text.metal_led_on
                0x000000002001427a        0x8 C:/Users/YoungBeom/wsFreedomStudio/Curve25519_Reduction/bsp/install/lib/release/\libmetal.a(led.o)
                0x000000002001427a                metal_led_on
 .text.metal_led_off
                0x0000000020014282        0x8 C:/Users/YoungBeom/wsFreedomStudio/Curve25519_Reduction/bsp/install/lib/release/\libmetal.a(led.o)
                0x0000000020014282                metal_led_off
 .text.metal_led_get_rgb
                0x000000002001428a       0x50 C:/Users/YoungBeom/wsFreedomStudio/Curve25519_Reduction/bsp/install/lib/release/\libmetal.a(led.o)
                0x000000002001428a                metal_led_get_rgb
 .text.__metal_driver_riscv_clint0_mtimecmp_set
                0x00000000200142da       0x2c C:/Users/YoungBeom/wsFreedomStudio/Curve25519_Reduction/bsp/install/lib/release/\libmetal.a(riscv_clint0.o)
                0x00000000200142da                __metal_driver_riscv_clint0_mtimecmp_set
 .text.__metal_driver_riscv_clint0_vector_register
                0x0000000020014306        0x4 C:/Users/YoungBeom/wsFreedomStudio/Curve25519_Reduction/bsp/install/lib/release/\libmetal.a(riscv_clint0.o)
                0x0000000020014306                __metal_driver_riscv_clint0_vector_register
 .text.__metal_driver_riscv_clint0_get_vector_mode
                0x000000002001430a        0x4 C:/Users/YoungBeom/wsFreedomStudio/Curve25519_Reduction/bsp/install/lib/release/\libmetal.a(riscv_clint0.o)
                0x000000002001430a                __metal_driver_riscv_clint0_get_vector_mode
 .text._get_cpu_intc
                0x000000002001430e       0x10 C:/Users/YoungBeom/wsFreedomStudio/Curve25519_Reduction/bsp/install/lib/release/\libmetal.a(riscv_clint0.o)
 .text.__metal_driver_riscv_clint0_set_vector_mode
                0x000000002001431e       0x26 C:/Users/YoungBeom/wsFreedomStudio/Curve25519_Reduction/bsp/install/lib/release/\libmetal.a(riscv_clint0.o)
                0x000000002001431e                __metal_driver_riscv_clint0_set_vector_mode
 .text.__metal_driver_riscv_clint0_init
                0x0000000020014344       0x56 C:/Users/YoungBeom/wsFreedomStudio/Curve25519_Reduction/bsp/install/lib/release/\libmetal.a(riscv_clint0.o)
                0x0000000020014344                __metal_driver_riscv_clint0_init
 .text.__metal_driver_riscv_clint0_disable
                0x000000002001439a       0x4e C:/Users/YoungBeom/wsFreedomStudio/Curve25519_Reduction/bsp/install/lib/release/\libmetal.a(riscv_clint0.o)
                0x000000002001439a                __metal_driver_riscv_clint0_disable
 .text.__metal_driver_riscv_clint0_enable
                0x00000000200143e8       0x4e C:/Users/YoungBeom/wsFreedomStudio/Curve25519_Reduction/bsp/install/lib/release/\libmetal.a(riscv_clint0.o)
                0x00000000200143e8                __metal_driver_riscv_clint0_enable
 .text.__metal_driver_riscv_clint0_register
                0x0000000020014436       0x64 C:/Users/YoungBeom/wsFreedomStudio/Curve25519_Reduction/bsp/install/lib/release/\libmetal.a(riscv_clint0.o)
                0x0000000020014436                __metal_driver_riscv_clint0_register
 .text.__metal_clint0_mtime_get
                0x000000002001449a       0x2a C:/Users/YoungBeom/wsFreedomStudio/Curve25519_Reduction/bsp/install/lib/release/\libmetal.a(riscv_clint0.o)
                0x000000002001449a                __metal_clint0_mtime_get
 .text.__metal_driver_riscv_clint0_command_request
                0x00000000200144c4       0x88 C:/Users/YoungBeom/wsFreedomStudio/Curve25519_Reduction/bsp/install/lib/release/\libmetal.a(riscv_clint0.o)
                0x00000000200144c4                __metal_driver_riscv_clint0_command_request
 .text.__metal_driver_riscv_clint0_clear_interrupt
                0x000000002001454c       0x1c C:/Users/YoungBeom/wsFreedomStudio/Curve25519_Reduction/bsp/install/lib/release/\libmetal.a(riscv_clint0.o)
                0x000000002001454c                __metal_driver_riscv_clint0_clear_interrupt
 .text.__metal_driver_riscv_clint0_set_interrupt
                0x0000000020014568       0x1c C:/Users/YoungBeom/wsFreedomStudio/Curve25519_Reduction/bsp/install/lib/release/\libmetal.a(riscv_clint0.o)
                0x0000000020014568                __metal_driver_riscv_clint0_set_interrupt
 .text.__metal_default_sw_handler
                0x0000000020014584       0x42 C:/Users/YoungBeom/wsFreedomStudio/Curve25519_Reduction/bsp/install/lib/release/\libmetal.a(riscv_cpu.o)
                0x0000000020014584                __metal_default_sw_handler
 .text.__metal_default_beu_handler
                0x00000000200145c6        0x2 C:/Users/YoungBeom/wsFreedomStudio/Curve25519_Reduction/bsp/install/lib/release/\libmetal.a(riscv_cpu.o)
                0x00000000200145c6                __metal_default_beu_handler
 *fill*         0x00000000200145c8       0x38 
 .text.__metal_exception_handler
                0x0000000020014600       0xfa C:/Users/YoungBeom/wsFreedomStudio/Curve25519_Reduction/bsp/install/lib/release/\libmetal.a(riscv_cpu.o)
                0x0000000020014600                __metal_exception_handler
 .text.__metal_driver_riscv_cpu_controller_command_request
                0x00000000200146fa        0x4 C:/Users/YoungBeom/wsFreedomStudio/Curve25519_Reduction/bsp/install/lib/release/\libmetal.a(riscv_cpu.o)
                0x00000000200146fa                __metal_driver_riscv_cpu_controller_command_request
 .text.__metal_driver_cpu_mcycle_get
                0x00000000200146fe       0x12 C:/Users/YoungBeom/wsFreedomStudio/Curve25519_Reduction/bsp/install/lib/release/\libmetal.a(riscv_cpu.o)
                0x00000000200146fe                __metal_driver_cpu_mcycle_get
 .text.__metal_driver_cpu_timebase_get
                0x0000000020014710       0x22 C:/Users/YoungBeom/wsFreedomStudio/Curve25519_Reduction/bsp/install/lib/release/\libmetal.a(riscv_cpu.o)
                0x0000000020014710                __metal_driver_cpu_timebase_get
 .text.__metal_driver_cpu_mtime_get
                0x0000000020014732       0x32 C:/Users/YoungBeom/wsFreedomStudio/Curve25519_Reduction/bsp/install/lib/release/\libmetal.a(riscv_cpu.o)
                0x0000000020014732                __metal_driver_cpu_mtime_get
 .text.__metal_driver_cpu_timer_controller_interrupt
                0x0000000020014764        0xa C:/Users/YoungBeom/wsFreedomStudio/Curve25519_Reduction/bsp/install/lib/release/\libmetal.a(riscv_cpu.o)
                0x0000000020014764                __metal_driver_cpu_timer_controller_interrupt
 .text.__metal_driver_cpu_get_timer_interrupt_id
                0x000000002001476e        0x4 C:/Users/YoungBeom/wsFreedomStudio/Curve25519_Reduction/bsp/install/lib/release/\libmetal.a(riscv_cpu.o)
                0x000000002001476e                __metal_driver_cpu_get_timer_interrupt_id
 .text.__metal_driver_cpu_get_sw_interrupt_id
                0x0000000020014772        0x4 C:/Users/YoungBeom/wsFreedomStudio/Curve25519_Reduction/bsp/install/lib/release/\libmetal.a(riscv_cpu.o)
                0x0000000020014772                __metal_driver_cpu_get_sw_interrupt_id
 .text.__metal_driver_cpu_set_sw_ipi
                0x0000000020014776       0x30 C:/Users/YoungBeom/wsFreedomStudio/Curve25519_Reduction/bsp/install/lib/release/\libmetal.a(riscv_cpu.o)
                0x0000000020014776                __metal_driver_cpu_set_sw_ipi
 .text.__metal_driver_cpu_clear_sw_ipi
                0x00000000200147a6       0x30 C:/Users/YoungBeom/wsFreedomStudio/Curve25519_Reduction/bsp/install/lib/release/\libmetal.a(riscv_cpu.o)
                0x00000000200147a6                __metal_driver_cpu_clear_sw_ipi
 .text.__metal_driver_cpu_get_msip
                0x00000000200147d6       0x30 C:/Users/YoungBeom/wsFreedomStudio/Curve25519_Reduction/bsp/install/lib/release/\libmetal.a(riscv_cpu.o)
                0x00000000200147d6                __metal_driver_cpu_get_msip
 .text.__metal_driver_cpu_controller_interrupt
                0x0000000020014806       0x16 C:/Users/YoungBeom/wsFreedomStudio/Curve25519_Reduction/bsp/install/lib/release/\libmetal.a(riscv_cpu.o)
                0x0000000020014806                __metal_driver_cpu_controller_interrupt
 .text.__metal_driver_cpu_get_instruction_length
                0x000000002001481c       0x12 C:/Users/YoungBeom/wsFreedomStudio/Curve25519_Reduction/bsp/install/lib/release/\libmetal.a(riscv_cpu.o)
                0x000000002001481c                __metal_driver_cpu_get_instruction_length
 .text.__metal_driver_cpu_get_exception_pc
                0x000000002001482e        0x6 C:/Users/YoungBeom/wsFreedomStudio/Curve25519_Reduction/bsp/install/lib/release/\libmetal.a(riscv_cpu.o)
                0x000000002001482e                __metal_driver_cpu_get_exception_pc
 .text.__metal_driver_cpu_set_exception_pc
                0x0000000020014834        0x8 C:/Users/YoungBeom/wsFreedomStudio/Curve25519_Reduction/bsp/install/lib/release/\libmetal.a(riscv_cpu.o)
                0x0000000020014834                __metal_driver_cpu_set_exception_pc
 .text.__metal_driver_cpu_get_buserror
                0x000000002001483c        0x4 C:/Users/YoungBeom/wsFreedomStudio/Curve25519_Reduction/bsp/install/lib/release/\libmetal.a(riscv_cpu.o)
                0x000000002001483c                __metal_driver_cpu_get_buserror
 .text.__metal_default_exception_handler
                0x0000000020014840        0xc C:/Users/YoungBeom/wsFreedomStudio/Curve25519_Reduction/bsp/install/lib/release/\libmetal.a(riscv_cpu.o)
                0x0000000020014840                __metal_default_exception_handler
 .text.__metal_default_interrupt_handler
                0x000000002001484c        0xc C:/Users/YoungBeom/wsFreedomStudio/Curve25519_Reduction/bsp/install/lib/release/\libmetal.a(riscv_cpu.o)
                0x000000002001484c                __metal_default_interrupt_handler
 .text.__metal_driver_cpu_mtimecmp_set
                0x0000000020014858       0x24 C:/Users/YoungBeom/wsFreedomStudio/Curve25519_Reduction/bsp/install/lib/release/\libmetal.a(riscv_cpu.o)
                0x0000000020014858                __metal_driver_cpu_mtimecmp_set
 .text.__metal_default_timer_handler
                0x000000002001487c       0x38 C:/Users/YoungBeom/wsFreedomStudio/Curve25519_Reduction/bsp/install/lib/release/\libmetal.a(riscv_cpu.o)
                0x000000002001487c                __metal_default_timer_handler
 .text.__metal_driver_riscv_cpu_controller_interrupt_init
                0x00000000200148b4       0x5e C:/Users/YoungBeom/wsFreedomStudio/Curve25519_Reduction/bsp/install/lib/release/\libmetal.a(riscv_cpu.o)
                0x00000000200148b4                __metal_driver_riscv_cpu_controller_interrupt_init
 .text.__metal_driver_cpu_exception_register
                0x0000000020014912       0x2c C:/Users/YoungBeom/wsFreedomStudio/Curve25519_Reduction/bsp/install/lib/release/\libmetal.a(riscv_cpu.o)
                0x0000000020014912                __metal_driver_cpu_exception_register
 .text.__metal_driver_cpu_sw_controller_interrupt
                0x000000002001493e        0xa C:/Users/YoungBeom/wsFreedomStudio/Curve25519_Reduction/bsp/install/lib/release/\libmetal.a(riscv_cpu.o)
                0x000000002001493e                __metal_driver_cpu_sw_controller_interrupt
 .text.__metal_driver_riscv_cpu_controller_set_vector_mode
                0x0000000020014948       0x32 C:/Users/YoungBeom/wsFreedomStudio/Curve25519_Reduction/bsp/install/lib/release/\libmetal.a(riscv_cpu.o)
                0x0000000020014948                __metal_driver_riscv_cpu_controller_set_vector_mode
 .text.__metal_myhart_id
                0x000000002001497a        0x6 C:/Users/YoungBeom/wsFreedomStudio/Curve25519_Reduction/bsp/install/lib/release/\libmetal.a(riscv_cpu.o)
                0x000000002001497a                __metal_myhart_id
 .text.metal_interrupt_vector_handler
                0x0000000020014980       0x2a C:/Users/YoungBeom/wsFreedomStudio/Curve25519_Reduction/bsp/install/lib/release/\libmetal.a(riscv_cpu.o)
                0x0000000020014980                metal_interrupt_vector_handler
 .text.metal_software_interrupt_vector_handler
                0x00000000200149aa       0x7c C:/Users/YoungBeom/wsFreedomStudio/Curve25519_Reduction/bsp/install/lib/release/\libmetal.a(riscv_cpu.o)
                0x00000000200149aa                metal_software_interrupt_vector_handler
 .text.metal_timer_interrupt_vector_handler
                0x0000000020014a26       0x7c C:/Users/YoungBeom/wsFreedomStudio/Curve25519_Reduction/bsp/install/lib/release/\libmetal.a(riscv_cpu.o)
                0x0000000020014a26                metal_timer_interrupt_vector_handler
 .text.metal_lc0_interrupt_vector_handler
                0x0000000020014aa2       0x7c C:/Users/YoungBeom/wsFreedomStudio/Curve25519_Reduction/bsp/install/lib/release/\libmetal.a(riscv_cpu.o)
                0x0000000020014aa2                metal_lc0_interrupt_vector_handler
 .text.metal_lc1_interrupt_vector_handler
                0x0000000020014b1e       0x7c C:/Users/YoungBeom/wsFreedomStudio/Curve25519_Reduction/bsp/install/lib/release/\libmetal.a(riscv_cpu.o)
                0x0000000020014b1e                metal_lc1_interrupt_vector_handler
 .text.metal_lc2_interrupt_vector_handler
                0x0000000020014b9a       0x7c C:/Users/YoungBeom/wsFreedomStudio/Curve25519_Reduction/bsp/install/lib/release/\libmetal.a(riscv_cpu.o)
                0x0000000020014b9a                metal_lc2_interrupt_vector_handler
 .text.metal_lc3_interrupt_vector_handler
                0x0000000020014c16       0x7c C:/Users/YoungBeom/wsFreedomStudio/Curve25519_Reduction/bsp/install/lib/release/\libmetal.a(riscv_cpu.o)
                0x0000000020014c16                metal_lc3_interrupt_vector_handler
 .text.metal_lc4_interrupt_vector_handler
                0x0000000020014c92       0x7c C:/Users/YoungBeom/wsFreedomStudio/Curve25519_Reduction/bsp/install/lib/release/\libmetal.a(riscv_cpu.o)
                0x0000000020014c92                metal_lc4_interrupt_vector_handler
 .text.metal_lc5_interrupt_vector_handler
                0x0000000020014d0e       0x7c C:/Users/YoungBeom/wsFreedomStudio/Curve25519_Reduction/bsp/install/lib/release/\libmetal.a(riscv_cpu.o)
                0x0000000020014d0e                metal_lc5_interrupt_vector_handler
 .text.metal_lc6_interrupt_vector_handler
                0x0000000020014d8a       0x7c C:/Users/YoungBeom/wsFreedomStudio/Curve25519_Reduction/bsp/install/lib/release/\libmetal.a(riscv_cpu.o)
                0x0000000020014d8a                metal_lc6_interrupt_vector_handler
 .text.metal_lc7_interrupt_vector_handler
                0x0000000020014e06       0x7c C:/Users/YoungBeom/wsFreedomStudio/Curve25519_Reduction/bsp/install/lib/release/\libmetal.a(riscv_cpu.o)
                0x0000000020014e06                metal_lc7_interrupt_vector_handler
 .text.metal_lc8_interrupt_vector_handler
                0x0000000020014e82       0x7c C:/Users/YoungBeom/wsFreedomStudio/Curve25519_Reduction/bsp/install/lib/release/\libmetal.a(riscv_cpu.o)
                0x0000000020014e82                metal_lc8_interrupt_vector_handler
 .text.metal_lc9_interrupt_vector_handler
                0x0000000020014efe       0x7c C:/Users/YoungBeom/wsFreedomStudio/Curve25519_Reduction/bsp/install/lib/release/\libmetal.a(riscv_cpu.o)
                0x0000000020014efe                metal_lc9_interrupt_vector_handler
 .text.metal_lc10_interrupt_vector_handler
                0x0000000020014f7a       0x7c C:/Users/YoungBeom/wsFreedomStudio/Curve25519_Reduction/bsp/install/lib/release/\libmetal.a(riscv_cpu.o)
                0x0000000020014f7a                metal_lc10_interrupt_vector_handler
 .text.metal_lc11_interrupt_vector_handler
                0x0000000020014ff6       0x7c C:/Users/YoungBeom/wsFreedomStudio/Curve25519_Reduction/bsp/install/lib/release/\libmetal.a(riscv_cpu.o)
                0x0000000020014ff6                metal_lc11_interrupt_vector_handler
 .text.metal_lc12_interrupt_vector_handler
                0x0000000020015072       0x7c C:/Users/YoungBeom/wsFreedomStudio/Curve25519_Reduction/bsp/install/lib/release/\libmetal.a(riscv_cpu.o)
                0x0000000020015072                metal_lc12_interrupt_vector_handler
 .text.metal_lc13_interrupt_vector_handler
                0x00000000200150ee       0x7c C:/Users/YoungBeom/wsFreedomStudio/Curve25519_Reduction/bsp/install/lib/release/\libmetal.a(riscv_cpu.o)
                0x00000000200150ee                metal_lc13_interrupt_vector_handler
 .text.metal_lc14_interrupt_vector_handler
                0x000000002001516a       0x7c C:/Users/YoungBeom/wsFreedomStudio/Curve25519_Reduction/bsp/install/lib/release/\libmetal.a(riscv_cpu.o)
                0x000000002001516a                metal_lc14_interrupt_vector_handler
 .text.metal_lc15_interrupt_vector_handler
                0x00000000200151e6       0x7c C:/Users/YoungBeom/wsFreedomStudio/Curve25519_Reduction/bsp/install/lib/release/\libmetal.a(riscv_cpu.o)
                0x00000000200151e6                metal_lc15_interrupt_vector_handler
 .text.__metal_controller_interrupt_vector_mode
                0x0000000020015262       0x1e C:/Users/YoungBeom/wsFreedomStudio/Curve25519_Reduction/bsp/install/lib/release/\libmetal.a(riscv_cpu.o)
                0x0000000020015262                __metal_controller_interrupt_vector_mode
 .text.__metal_driver_riscv_cpu_controller_get_vector_mode
                0x0000000020015280        0x2 C:/Users/YoungBeom/wsFreedomStudio/Curve25519_Reduction/bsp/install/lib/release/\libmetal.a(riscv_cpu.o)
                0x0000000020015280                __metal_driver_riscv_cpu_controller_get_vector_mode
 .text.__metal_valid_interrupt_id
                0x0000000020015282       0x36 C:/Users/YoungBeom/wsFreedomStudio/Curve25519_Reduction/bsp/install/lib/release/\libmetal.a(riscv_cpu.o)
                0x0000000020015282                __metal_valid_interrupt_id
 .text.__metal_driver_riscv_cpu_controller_interrupt_register
                0x00000000200152b8       0xd2 C:/Users/YoungBeom/wsFreedomStudio/Curve25519_Reduction/bsp/install/lib/release/\libmetal.a(riscv_cpu.o)
                0x00000000200152b8                __metal_driver_riscv_cpu_controller_interrupt_register
 .text.__metal_local_interrupt_enable
                0x000000002001538a       0x72 C:/Users/YoungBeom/wsFreedomStudio/Curve25519_Reduction/bsp/install/lib/release/\libmetal.a(riscv_cpu.o)
                0x000000002001538a                __metal_local_interrupt_enable
 .text.__metal_driver_riscv_cpu_controller_interrupt_enable
                0x00000000200153fc        0x4 C:/Users/YoungBeom/wsFreedomStudio/Curve25519_Reduction/bsp/install/lib/release/\libmetal.a(riscv_cpu.o)
                0x00000000200153fc                __metal_driver_riscv_cpu_controller_interrupt_enable
 .text.__metal_driver_riscv_cpu_controller_interrupt_disable
                0x0000000020015400        0x4 C:/Users/YoungBeom/wsFreedomStudio/Curve25519_Reduction/bsp/install/lib/release/\libmetal.a(riscv_cpu.o)
                0x0000000020015400                __metal_driver_riscv_cpu_controller_interrupt_disable
 .text.__metal_driver_riscv_plic0_set_priority
                0x0000000020015404       0x26 C:/Users/YoungBeom/wsFreedomStudio/Curve25519_Reduction/bsp/install/lib/release/\libmetal.a(riscv_plic0.o)
                0x0000000020015404                __metal_driver_riscv_plic0_set_priority
 .text.__metal_driver_riscv_plic0_get_priority
                0x000000002001542a       0x1c C:/Users/YoungBeom/wsFreedomStudio/Curve25519_Reduction/bsp/install/lib/release/\libmetal.a(riscv_plic0.o)
                0x000000002001542a                __metal_driver_riscv_plic0_get_priority
 .text.__metal_plic0_default_handler
                0x0000000020015446        0xc C:/Users/YoungBeom/wsFreedomStudio/Curve25519_Reduction/bsp/install/lib/release/\libmetal.a(riscv_plic0.o)
                0x0000000020015446                __metal_plic0_default_handler
 .text.__metal_driver_riscv_plic0_register
                0x0000000020015452       0x80 C:/Users/YoungBeom/wsFreedomStudio/Curve25519_Reduction/bsp/install/lib/release/\libmetal.a(riscv_plic0.o)
                0x0000000020015452                __metal_driver_riscv_plic0_register
 .text.__metal_plic0_claim_interrupt
                0x00000000200154d2       0x22 C:/Users/YoungBeom/wsFreedomStudio/Curve25519_Reduction/bsp/install/lib/release/\libmetal.a(riscv_plic0.o)
                0x00000000200154d2                __metal_plic0_claim_interrupt
 .text.__metal_plic0_complete_interrupt
                0x00000000200154f4       0x22 C:/Users/YoungBeom/wsFreedomStudio/Curve25519_Reduction/bsp/install/lib/release/\libmetal.a(riscv_plic0.o)
                0x00000000200154f4                __metal_plic0_complete_interrupt
 .text.__metal_plic0_handler
                0x0000000020015516       0x5c C:/Users/YoungBeom/wsFreedomStudio/Curve25519_Reduction/bsp/install/lib/release/\libmetal.a(riscv_plic0.o)
                0x0000000020015516                __metal_plic0_handler
 .text.__metal_plic0_set_threshold
                0x0000000020015572       0x22 C:/Users/YoungBeom/wsFreedomStudio/Curve25519_Reduction/bsp/install/lib/release/\libmetal.a(riscv_plic0.o)
                0x0000000020015572                __metal_plic0_set_threshold
 .text.__metal_driver_riscv_plic0_set_threshold
                0x0000000020015594       0x1c C:/Users/YoungBeom/wsFreedomStudio/Curve25519_Reduction/bsp/install/lib/release/\libmetal.a(riscv_plic0.o)
                0x0000000020015594                __metal_driver_riscv_plic0_set_threshold
 .text.__metal_driver_riscv_plic0_affinity_set_threshold
                0x00000000200155b0       0x48 C:/Users/YoungBeom/wsFreedomStudio/Curve25519_Reduction/bsp/install/lib/release/\libmetal.a(riscv_plic0.o)
                0x00000000200155b0                __metal_driver_riscv_plic0_affinity_set_threshold
 .text.__metal_plic0_get_threshold
                0x00000000200155f8       0x22 C:/Users/YoungBeom/wsFreedomStudio/Curve25519_Reduction/bsp/install/lib/release/\libmetal.a(riscv_plic0.o)
                0x00000000200155f8                __metal_plic0_get_threshold
 .text.__metal_driver_riscv_plic0_get_threshold
                0x000000002001561a       0x18 C:/Users/YoungBeom/wsFreedomStudio/Curve25519_Reduction/bsp/install/lib/release/\libmetal.a(riscv_plic0.o)
                0x000000002001561a                __metal_driver_riscv_plic0_get_threshold
 .text.__metal_driver_riscv_plic0_affinity_get_threshold
                0x0000000020015632        0xe C:/Users/YoungBeom/wsFreedomStudio/Curve25519_Reduction/bsp/install/lib/release/\libmetal.a(riscv_plic0.o)
                0x0000000020015632                __metal_driver_riscv_plic0_affinity_get_threshold
 .text.__metal_plic0_enable
                0x0000000020015640       0x3e C:/Users/YoungBeom/wsFreedomStudio/Curve25519_Reduction/bsp/install/lib/release/\libmetal.a(riscv_plic0.o)
                0x0000000020015640                __metal_plic0_enable
 .text.__metal_driver_riscv_plic0_init
                0x000000002001567e       0xd0 C:/Users/YoungBeom/wsFreedomStudio/Curve25519_Reduction/bsp/install/lib/release/\libmetal.a(riscv_plic0.o)
                0x000000002001567e                __metal_driver_riscv_plic0_init
 .text.__metal_driver_riscv_plic0_enable
                0x000000002001574e       0x40 C:/Users/YoungBeom/wsFreedomStudio/Curve25519_Reduction/bsp/install/lib/release/\libmetal.a(riscv_plic0.o)
                0x000000002001574e                __metal_driver_riscv_plic0_enable
 .text.__metal_driver_riscv_plic0_disable
                0x000000002001578e       0x40 C:/Users/YoungBeom/wsFreedomStudio/Curve25519_Reduction/bsp/install/lib/release/\libmetal.a(riscv_plic0.o)
                0x000000002001578e                __metal_driver_riscv_plic0_disable
 .text.__metal_driver_riscv_plic0_affinity_enable
                0x00000000200157ce       0x60 C:/Users/YoungBeom/wsFreedomStudio/Curve25519_Reduction/bsp/install/lib/release/\libmetal.a(riscv_plic0.o)
                0x00000000200157ce                __metal_driver_riscv_plic0_affinity_enable
 .text.__metal_driver_riscv_plic0_affinity_disable
                0x000000002001582e       0x60 C:/Users/YoungBeom/wsFreedomStudio/Curve25519_Reduction/bsp/install/lib/release/\libmetal.a(riscv_plic0.o)
                0x000000002001582e                __metal_driver_riscv_plic0_affinity_disable
 .text.__metal_driver_sifive_fe310_g000_hfrosc_get_rate_hz
                0x000000002001588e       0x40 C:/Users/YoungBeom/wsFreedomStudio/Curve25519_Reduction/bsp/install/lib/release/\libmetal.a(sifive_fe310-g000_hfrosc.o)
                0x000000002001588e                __metal_driver_sifive_fe310_g000_hfrosc_get_rate_hz
 .text.__metal_driver_sifive_fe310_g000_hfrosc_set_rate_hz
                0x00000000200158ce        0x2 C:/Users/YoungBeom/wsFreedomStudio/Curve25519_Reduction/bsp/install/lib/release/\libmetal.a(sifive_fe310-g000_hfrosc.o)
                0x00000000200158ce                __metal_driver_sifive_fe310_g000_hfrosc_set_rate_hz
 .text.__metal_driver_sifive_fe310_g000_hfxosc_get_rate_hz
                0x00000000200158d0       0x34 C:/Users/YoungBeom/wsFreedomStudio/Curve25519_Reduction/bsp/install/lib/release/\libmetal.a(sifive_fe310-g000_hfxosc.o)
                0x00000000200158d0                __metal_driver_sifive_fe310_g000_hfxosc_get_rate_hz
 .text.__metal_driver_sifive_fe310_g000_hfxosc_set_rate_hz
                0x0000000020015904        0x2 C:/Users/YoungBeom/wsFreedomStudio/Curve25519_Reduction/bsp/install/lib/release/\libmetal.a(sifive_fe310-g000_hfxosc.o)
                0x0000000020015904                __metal_driver_sifive_fe310_g000_hfxosc_set_rate_hz
 .text.__metal_driver_sifive_fe310_g000_pll_config_base
                0x0000000020015906        0x6 C:/Users/YoungBeom/wsFreedomStudio/Curve25519_Reduction/bsp/install/lib/release/\libmetal.a(sifive_fe310-g000_pll.o)
 .text.__metal_driver_sifive_fe310_g000_pll_config_offset
                0x000000002001590c        0x4 C:/Users/YoungBeom/wsFreedomStudio/Curve25519_Reduction/bsp/install/lib/release/\libmetal.a(sifive_fe310-g000_pll.o)
 .text.__metal_driver_sifive_fe310_g000_pll_init
                0x0000000020015910       0x50 C:/Users/YoungBeom/wsFreedomStudio/Curve25519_Reduction/bsp/install/lib/release/\libmetal.a(sifive_fe310-g000_pll.o)
                0x0000000020015910                __metal_driver_sifive_fe310_g000_pll_init
 .text.__metal_driver_sifive_fe310_g000_pll_get_rate_hz
                0x0000000020015960       0xbe C:/Users/YoungBeom/wsFreedomStudio/Curve25519_Reduction/bsp/install/lib/release/\libmetal.a(sifive_fe310-g000_pll.o)
                0x0000000020015960                __metal_driver_sifive_fe310_g000_pll_get_rate_hz
 .text.__metal_driver_sifive_fe310_g000_pll_set_rate_hz
                0x0000000020015a1e      0x1c8 C:/Users/YoungBeom/wsFreedomStudio/Curve25519_Reduction/bsp/install/lib/release/\libmetal.a(sifive_fe310-g000_pll.o)
                0x0000000020015a1e                __metal_driver_sifive_fe310_g000_pll_set_rate_hz
 .text.__metal_driver_sifive_fe310_g000_prci_get_reg
                0x0000000020015be6        0xa C:/Users/YoungBeom/wsFreedomStudio/Curve25519_Reduction/bsp/install/lib/release/\libmetal.a(sifive_fe310-g000_prci.o)
                0x0000000020015be6                __metal_driver_sifive_fe310_g000_prci_get_reg
 .text.__metal_driver_sifive_fe310_g000_prci_set_reg
                0x0000000020015bf0        0xc C:/Users/YoungBeom/wsFreedomStudio/Curve25519_Reduction/bsp/install/lib/release/\libmetal.a(sifive_fe310-g000_prci.o)
                0x0000000020015bf0                __metal_driver_sifive_fe310_g000_prci_set_reg
 .text.__metal_driver_sifive_gpio_led_gpio
                0x0000000020015bfc       0x22 C:/Users/YoungBeom/wsFreedomStudio/Curve25519_Reduction/bsp/install/lib/release/\libmetal.a(sifive_gpio-leds.o)
 .text.__metal_driver_sifive_gpio_led_pin
                0x0000000020015c1e       0x26 C:/Users/YoungBeom/wsFreedomStudio/Curve25519_Reduction/bsp/install/lib/release/\libmetal.a(sifive_gpio-leds.o)
 .text.__metal_driver_led_enable
                0x0000000020015c44       0x38 C:/Users/YoungBeom/wsFreedomStudio/Curve25519_Reduction/bsp/install/lib/release/\libmetal.a(sifive_gpio-leds.o)
                0x0000000020015c44                __metal_driver_led_enable
 .text.__metal_driver_led_on
                0x0000000020015c7c       0x30 C:/Users/YoungBeom/wsFreedomStudio/Curve25519_Reduction/bsp/install/lib/release/\libmetal.a(sifive_gpio-leds.o)
                0x0000000020015c7c                __metal_driver_led_on
 .text.__metal_driver_led_off
                0x0000000020015cac       0x30 C:/Users/YoungBeom/wsFreedomStudio/Curve25519_Reduction/bsp/install/lib/release/\libmetal.a(sifive_gpio-leds.o)
                0x0000000020015cac                __metal_driver_led_off
 .text.__metal_driver_led_toggle
                0x0000000020015cdc       0x2e C:/Users/YoungBeom/wsFreedomStudio/Curve25519_Reduction/bsp/install/lib/release/\libmetal.a(sifive_gpio-leds.o)
                0x0000000020015cdc                __metal_driver_led_toggle
 .text.__metal_driver_led_exist
                0x0000000020015d0a       0x50 C:/Users/YoungBeom/wsFreedomStudio/Curve25519_Reduction/bsp/install/lib/release/\libmetal.a(sifive_gpio-leds.o)
                0x0000000020015d0a                __metal_driver_led_exist
 .text.__metal_driver_sifive_gpio0_enable_input
                0x0000000020015d5a       0x18 C:/Users/YoungBeom/wsFreedomStudio/Curve25519_Reduction/bsp/install/lib/release/\libmetal.a(sifive_gpio0.o)
                0x0000000020015d5a                __metal_driver_sifive_gpio0_enable_input
 .text.__metal_driver_sifive_gpio0_disable_input
                0x0000000020015d72       0x1c C:/Users/YoungBeom/wsFreedomStudio/Curve25519_Reduction/bsp/install/lib/release/\libmetal.a(sifive_gpio0.o)
                0x0000000020015d72                __metal_driver_sifive_gpio0_disable_input
 .text.__metal_driver_sifive_gpio0_input
                0x0000000020015d8e       0x14 C:/Users/YoungBeom/wsFreedomStudio/Curve25519_Reduction/bsp/install/lib/release/\libmetal.a(sifive_gpio0.o)
                0x0000000020015d8e                __metal_driver_sifive_gpio0_input
 .text.__metal_driver_sifive_gpio0_output
                0x0000000020015da2       0x14 C:/Users/YoungBeom/wsFreedomStudio/Curve25519_Reduction/bsp/install/lib/release/\libmetal.a(sifive_gpio0.o)
                0x0000000020015da2                __metal_driver_sifive_gpio0_output
 .text.__metal_driver_sifive_gpio0_disable_output
                0x0000000020015db6       0x1c C:/Users/YoungBeom/wsFreedomStudio/Curve25519_Reduction/bsp/install/lib/release/\libmetal.a(sifive_gpio0.o)
                0x0000000020015db6                __metal_driver_sifive_gpio0_disable_output
 .text.__metal_driver_sifive_gpio0_enable_output
                0x0000000020015dd2       0x18 C:/Users/YoungBeom/wsFreedomStudio/Curve25519_Reduction/bsp/install/lib/release/\libmetal.a(sifive_gpio0.o)
                0x0000000020015dd2                __metal_driver_sifive_gpio0_enable_output
 .text.__metal_driver_sifive_gpio0_output_set
                0x0000000020015dea       0x18 C:/Users/YoungBeom/wsFreedomStudio/Curve25519_Reduction/bsp/install/lib/release/\libmetal.a(sifive_gpio0.o)
                0x0000000020015dea                __metal_driver_sifive_gpio0_output_set
 .text.__metal_driver_sifive_gpio0_output_clear
                0x0000000020015e02       0x1c C:/Users/YoungBeom/wsFreedomStudio/Curve25519_Reduction/bsp/install/lib/release/\libmetal.a(sifive_gpio0.o)
                0x0000000020015e02                __metal_driver_sifive_gpio0_output_clear
 .text.__metal_driver_sifive_gpio0_output_toggle
                0x0000000020015e1e       0x18 C:/Users/YoungBeom/wsFreedomStudio/Curve25519_Reduction/bsp/install/lib/release/\libmetal.a(sifive_gpio0.o)
                0x0000000020015e1e                __metal_driver_sifive_gpio0_output_toggle
 .text.__metal_driver_sifive_gpio0_enable_io
                0x0000000020015e36       0x1e C:/Users/YoungBeom/wsFreedomStudio/Curve25519_Reduction/bsp/install/lib/release/\libmetal.a(sifive_gpio0.o)
                0x0000000020015e36                __metal_driver_sifive_gpio0_enable_io
 .text.__metal_driver_sifive_gpio0_disable_io
                0x0000000020015e54       0x1c C:/Users/YoungBeom/wsFreedomStudio/Curve25519_Reduction/bsp/install/lib/release/\libmetal.a(sifive_gpio0.o)
                0x0000000020015e54                __metal_driver_sifive_gpio0_disable_io
 .text.__metal_driver_sifive_gpio0_config_int
                0x0000000020015e70       0x7a C:/Users/YoungBeom/wsFreedomStudio/Curve25519_Reduction/bsp/install/lib/release/\libmetal.a(sifive_gpio0.o)
                0x0000000020015e70                __metal_driver_sifive_gpio0_config_int
 .text.__metal_driver_sifive_gpio0_clear_int
                0x0000000020015eea       0x60 C:/Users/YoungBeom/wsFreedomStudio/Curve25519_Reduction/bsp/install/lib/release/\libmetal.a(sifive_gpio0.o)
                0x0000000020015eea                __metal_driver_sifive_gpio0_clear_int
 .text.__metal_driver_gpio_interrupt_controller
                0x0000000020015f4a       0x16 C:/Users/YoungBeom/wsFreedomStudio/Curve25519_Reduction/bsp/install/lib/release/\libmetal.a(sifive_gpio0.o)
                0x0000000020015f4a                __metal_driver_gpio_interrupt_controller
 .text.__metal_driver_gpio_get_interrupt_id
                0x0000000020015f60      0x118 C:/Users/YoungBeom/wsFreedomStudio/Curve25519_Reduction/bsp/install/lib/release/\libmetal.a(sifive_gpio0.o)
                0x0000000020015f60                __metal_driver_gpio_get_interrupt_id
 .text.__metal_driver_sifive_uart0_control_base
                0x0000000020016078       0x28 C:/Users/YoungBeom/wsFreedomStudio/Curve25519_Reduction/bsp/install/lib/release/\libmetal.a(sifive_uart0.o)
 .text.__metal_driver_sifive_uart0_interrupt_controller
                0x00000000200160a0       0x26 C:/Users/YoungBeom/wsFreedomStudio/Curve25519_Reduction/bsp/install/lib/release/\libmetal.a(sifive_uart0.o)
                0x00000000200160a0                __metal_driver_sifive_uart0_interrupt_controller
 .text.__metal_driver_sifive_uart0_get_interrupt_id
                0x00000000200160c6       0x24 C:/Users/YoungBeom/wsFreedomStudio/Curve25519_Reduction/bsp/install/lib/release/\libmetal.a(sifive_uart0.o)
                0x00000000200160c6                __metal_driver_sifive_uart0_get_interrupt_id
 .text.__metal_driver_sifive_uart0_tx_interrupt_enable
                0x00000000200160ea       0x16 C:/Users/YoungBeom/wsFreedomStudio/Curve25519_Reduction/bsp/install/lib/release/\libmetal.a(sifive_uart0.o)
                0x00000000200160ea                __metal_driver_sifive_uart0_tx_interrupt_enable
 .text.__metal_driver_sifive_uart0_tx_interrupt_disable
                0x0000000020016100       0x14 C:/Users/YoungBeom/wsFreedomStudio/Curve25519_Reduction/bsp/install/lib/release/\libmetal.a(sifive_uart0.o)
                0x0000000020016100                __metal_driver_sifive_uart0_tx_interrupt_disable
 .text.__metal_driver_sifive_uart0_rx_interrupt_enable
                0x0000000020016114       0x16 C:/Users/YoungBeom/wsFreedomStudio/Curve25519_Reduction/bsp/install/lib/release/\libmetal.a(sifive_uart0.o)
                0x0000000020016114                __metal_driver_sifive_uart0_rx_interrupt_enable
 .text.__metal_driver_sifive_uart0_rx_interrupt_disable
                0x000000002001612a       0x14 C:/Users/YoungBeom/wsFreedomStudio/Curve25519_Reduction/bsp/install/lib/release/\libmetal.a(sifive_uart0.o)
                0x000000002001612a                __metal_driver_sifive_uart0_rx_interrupt_disable
 .text.__metal_driver_sifive_uart0_txready
                0x000000002001613e       0x10 C:/Users/YoungBeom/wsFreedomStudio/Curve25519_Reduction/bsp/install/lib/release/\libmetal.a(sifive_uart0.o)
                0x000000002001613e                __metal_driver_sifive_uart0_txready
 .text.__metal_driver_sifive_uart0_set_tx_watermark
                0x000000002001614e       0x20 C:/Users/YoungBeom/wsFreedomStudio/Curve25519_Reduction/bsp/install/lib/release/\libmetal.a(sifive_uart0.o)
                0x000000002001614e                __metal_driver_sifive_uart0_set_tx_watermark
 .text.__metal_driver_sifive_uart0_get_tx_watermark
                0x000000002001616e       0x12 C:/Users/YoungBeom/wsFreedomStudio/Curve25519_Reduction/bsp/install/lib/release/\libmetal.a(sifive_uart0.o)
                0x000000002001616e                __metal_driver_sifive_uart0_get_tx_watermark
 .text.__metal_driver_sifive_uart0_set_rx_watermark
                0x0000000020016180       0x20 C:/Users/YoungBeom/wsFreedomStudio/Curve25519_Reduction/bsp/install/lib/release/\libmetal.a(sifive_uart0.o)
                0x0000000020016180                __metal_driver_sifive_uart0_set_rx_watermark
 .text.__metal_driver_sifive_uart0_get_rx_watermark
                0x00000000200161a0       0x12 C:/Users/YoungBeom/wsFreedomStudio/Curve25519_Reduction/bsp/install/lib/release/\libmetal.a(sifive_uart0.o)
                0x00000000200161a0                __metal_driver_sifive_uart0_get_rx_watermark
 .text.__metal_driver_sifive_uart0_putc
                0x00000000200161b2       0x26 C:/Users/YoungBeom/wsFreedomStudio/Curve25519_Reduction/bsp/install/lib/release/\libmetal.a(sifive_uart0.o)
                0x00000000200161b2                __metal_driver_sifive_uart0_putc
 .text.__metal_driver_sifive_uart0_getc
                0x00000000200161d8       0x20 C:/Users/YoungBeom/wsFreedomStudio/Curve25519_Reduction/bsp/install/lib/release/\libmetal.a(sifive_uart0.o)
                0x00000000200161d8                __metal_driver_sifive_uart0_getc
 .text.__metal_driver_sifive_uart0_get_baud_rate
                0x00000000200161f8        0x4 C:/Users/YoungBeom/wsFreedomStudio/Curve25519_Reduction/bsp/install/lib/release/\libmetal.a(sifive_uart0.o)
                0x00000000200161f8                __metal_driver_sifive_uart0_get_baud_rate
 .text.pre_rate_change_callback_func
                0x00000000200161fc       0x82 C:/Users/YoungBeom/wsFreedomStudio/Curve25519_Reduction/bsp/install/lib/release/\libmetal.a(sifive_uart0.o)
 .text.post_rate_change_callback_func
                0x000000002001627e        0x4 C:/Users/YoungBeom/wsFreedomStudio/Curve25519_Reduction/bsp/install/lib/release/\libmetal.a(sifive_uart0.o)
 .text.__metal_driver_sifive_uart0_set_baud_rate
                0x0000000020016282       0x74 C:/Users/YoungBeom/wsFreedomStudio/Curve25519_Reduction/bsp/install/lib/release/\libmetal.a(sifive_uart0.o)
                0x0000000020016282                __metal_driver_sifive_uart0_set_baud_rate
 .text.__metal_driver_sifive_uart0_init
                0x00000000200162f6       0xaa C:/Users/YoungBeom/wsFreedomStudio/Curve25519_Reduction/bsp/install/lib/release/\libmetal.a(sifive_uart0.o)
                0x00000000200162f6                __metal_driver_sifive_uart0_init
 .text._metal_clock_call_all_callbacks
                0x00000000200163a0       0x1c C:/Users/YoungBeom/wsFreedomStudio/Curve25519_Reduction/bsp/install/lib/release/\libmetal.a(clock.o)
                0x00000000200163a0                _metal_clock_call_all_callbacks
 .text._metal_clock_append_to_callbacks
                0x00000000200163bc       0x18 C:/Users/YoungBeom/wsFreedomStudio/Curve25519_Reduction/bsp/install/lib/release/\libmetal.a(clock.o)
                0x00000000200163bc                _metal_clock_append_to_callbacks
 .text.metal_clock_get_rate_hz
                0x00000000200163d4        0x8 C:/Users/YoungBeom/wsFreedomStudio/Curve25519_Reduction/bsp/install/lib/release/\libmetal.a(clock.o)
                0x00000000200163d4                metal_clock_get_rate_hz
 .text.metal_clock_set_rate_hz
                0x00000000200163dc       0x2c C:/Users/YoungBeom/wsFreedomStudio/Curve25519_Reduction/bsp/install/lib/release/\libmetal.a(clock.o)
                0x00000000200163dc                metal_clock_set_rate_hz
 .text.metal_gpio_disable_input
                0x0000000020016408       0x14 C:/Users/YoungBeom/wsFreedomStudio/Curve25519_Reduction/bsp/install/lib/release/\libmetal.a(gpio.o)
                0x0000000020016408                metal_gpio_disable_input
 .text.metal_gpio_enable_output
                0x000000002001641c       0x14 C:/Users/YoungBeom/wsFreedomStudio/Curve25519_Reduction/bsp/install/lib/release/\libmetal.a(gpio.o)
                0x000000002001641c                metal_gpio_enable_output
 .text.metal_gpio_set_pin
                0x0000000020016430       0x1c C:/Users/YoungBeom/wsFreedomStudio/Curve25519_Reduction/bsp/install/lib/release/\libmetal.a(gpio.o)
                0x0000000020016430                metal_gpio_set_pin
 .text.metal_gpio_toggle_pin
                0x000000002001644c       0x14 C:/Users/YoungBeom/wsFreedomStudio/Curve25519_Reduction/bsp/install/lib/release/\libmetal.a(gpio.o)
                0x000000002001644c                metal_gpio_toggle_pin
 .text.metal_shutdown
                0x0000000020016460        0x4 C:/Users/YoungBeom/wsFreedomStudio/Curve25519_Reduction/bsp/install/lib/release/\libmetal.a(shutdown.o)
                0x0000000020016460                metal_shutdown
 .text.metal_uart_init
                0x0000000020016464        0x8 C:/Users/YoungBeom/wsFreedomStudio/Curve25519_Reduction/bsp/install/lib/release/\libmetal.a(uart.o)
                0x0000000020016464                metal_uart_init
 .text.metal_uart_putc
                0x000000002001646c        0x8 C:/Users/YoungBeom/wsFreedomStudio/Curve25519_Reduction/bsp/install/lib/release/\libmetal.a(uart.o)
                0x000000002001646c                metal_uart_putc
 .text.metal_uart_set_baud_rate
                0x0000000020016474        0x8 C:/Users/YoungBeom/wsFreedomStudio/Curve25519_Reduction/bsp/install/lib/release/\libmetal.a(uart.o)
                0x0000000020016474                metal_uart_set_baud_rate
 *fill*         0x000000002001647c        0x4 
 .text          0x0000000020016480       0x80 C:/Users/YoungBeom/wsFreedomStudio/Curve25519_Reduction/bsp/install/lib/release/\libmetal.a(vector.o)
                0x0000000020016480                __metal_vector_table
 .text.__metal_driver_fixed_clock_get_rate_hz
                0x0000000020016500       0x4c C:/Users/YoungBeom/wsFreedomStudio/Curve25519_Reduction/bsp/install/lib/release/\libmetal.a(fixed-clock.o)
                0x0000000020016500                __metal_driver_fixed_clock_get_rate_hz
 .text.__metal_driver_fixed_clock_set_rate_hz
                0x000000002001654c       0x4c C:/Users/YoungBeom/wsFreedomStudio/Curve25519_Reduction/bsp/install/lib/release/\libmetal.a(fixed-clock.o)
                0x000000002001654c                __metal_driver_fixed_clock_set_rate_hz
 .text._close   0x0000000020016598       0x14 C:/Users/YoungBeom/wsFreedomStudio/Curve25519_Reduction/bsp/install/lib/release/\libmetal-gloss.a(sys_close.o)
                0x0000000020016598                _close
 .text._fstat   0x00000000200165ac       0x14 C:/Users/YoungBeom/wsFreedomStudio/Curve25519_Reduction/bsp/install/lib/release/\libmetal-gloss.a(sys_fstat.o)
                0x00000000200165ac                _fstat
 .text._isatty  0x00000000200165c0        0x8 C:/Users/YoungBeom/wsFreedomStudio/Curve25519_Reduction/bsp/install/lib/release/\libmetal-gloss.a(sys_isatty.o)
                0x00000000200165c0                _isatty
 .text._lseek   0x00000000200165c8       0x14 C:/Users/YoungBeom/wsFreedomStudio/Curve25519_Reduction/bsp/install/lib/release/\libmetal-gloss.a(sys_lseek.o)
                0x00000000200165c8                _lseek
 .text._read    0x00000000200165dc       0x14 C:/Users/YoungBeom/wsFreedomStudio/Curve25519_Reduction/bsp/install/lib/release/\libmetal-gloss.a(sys_read.o)
                0x00000000200165dc                _read
 .text._sbrk    0x00000000200165f0       0x24 C:/Users/YoungBeom/wsFreedomStudio/Curve25519_Reduction/bsp/install/lib/release/\libmetal-gloss.a(sys_sbrk.o)
                0x00000000200165f0                _sbrk
 .text._write   0x0000000020016614       0x3a C:/Users/YoungBeom/wsFreedomStudio/Curve25519_Reduction/bsp/install/lib/release/\libmetal-gloss.a(sys_write.o)
                0x0000000020016614                _write
                0x0000000020016614                write
 .text.atexit   0x000000002001664e        0xa c:/freedomstudio/sifive/riscv64-unknown-elf-gcc-8.3.0-2020.04.1/bin/../lib/gcc/riscv64-unknown-elf/8.3.0/../../../../riscv64-unknown-elf/lib/rv32imac/ilp32\libc_nano.a(lib_a-atexit.o)
                0x000000002001664e                atexit
 .text.__errno  0x0000000020016658        0xc c:/freedomstudio/sifive/riscv64-unknown-elf-gcc-8.3.0-2020.04.1/bin/../lib/gcc/riscv64-unknown-elf/8.3.0/../../../../riscv64-unknown-elf/lib/rv32imac/ilp32\libc_nano.a(lib_a-errno.o)
                0x0000000020016658                __errno
 .text.exit     0x0000000020016664       0x2a c:/freedomstudio/sifive/riscv64-unknown-elf-gcc-8.3.0-2020.04.1/bin/../lib/gcc/riscv64-unknown-elf/8.3.0/../../../../riscv64-unknown-elf/lib/rv32imac/ilp32\libc_nano.a(lib_a-exit.o)
                0x0000000020016664                exit
 .text.__libc_fini_array
                0x000000002001668e       0x38 c:/freedomstudio/sifive/riscv64-unknown-elf-gcc-8.3.0-2020.04.1/bin/../lib/gcc/riscv64-unknown-elf/8.3.0/../../../../riscv64-unknown-elf/lib/rv32imac/ilp32\libc_nano.a(lib_a-fini.o)
                0x000000002001668e                __libc_fini_array
 .text.__libc_init_array
                0x00000000200166c6       0x6a c:/freedomstudio/sifive/riscv64-unknown-elf-gcc-8.3.0-2020.04.1/bin/../lib/gcc/riscv64-unknown-elf/8.3.0/../../../../riscv64-unknown-elf/lib/rv32imac/ilp32\libc_nano.a(lib_a-init.o)
                0x00000000200166c6                __libc_init_array
 .text.strcat   0x0000000020016730       0x20 c:/freedomstudio/sifive/riscv64-unknown-elf-gcc-8.3.0-2020.04.1/bin/../lib/gcc/riscv64-unknown-elf/8.3.0/../../../../riscv64-unknown-elf/lib/rv32imac/ilp32\libc_nano.a(lib_a-strcat.o)
                0x0000000020016730                strcat
 .text          0x0000000020016750       0x18 c:/freedomstudio/sifive/riscv64-unknown-elf-gcc-8.3.0-2020.04.1/bin/../lib/gcc/riscv64-unknown-elf/8.3.0/../../../../riscv64-unknown-elf/lib/rv32imac/ilp32\libc_nano.a(lib_a-strcmp.o)
                0x0000000020016750                strcmp
 .text.strcpy   0x0000000020016768       0x12 c:/freedomstudio/sifive/riscv64-unknown-elf-gcc-8.3.0-2020.04.1/bin/../lib/gcc/riscv64-unknown-elf/8.3.0/../../../../riscv64-unknown-elf/lib/rv32imac/ilp32\libc_nano.a(lib_a-strcpy.o)
                0x0000000020016768                strcpy
 .text.__register_exitproc
                0x000000002001677a       0x88 c:/freedomstudio/sifive/riscv64-unknown-elf-gcc-8.3.0-2020.04.1/bin/../lib/gcc/riscv64-unknown-elf/8.3.0/../../../../riscv64-unknown-elf/lib/rv32imac/ilp32\libc_nano.a(lib_a-__atexit.o)
                0x000000002001677a                __register_exitproc
 .text.__call_exitprocs
                0x0000000020016802       0xc8 c:/freedomstudio/sifive/riscv64-unknown-elf-gcc-8.3.0-2020.04.1/bin/../lib/gcc/riscv64-unknown-elf/8.3.0/../../../../riscv64-unknown-elf/lib/rv32imac/ilp32\libc_nano.a(lib_a-__call_atexit.o)
                0x0000000020016802                __call_exitprocs
 .text.metal_init
                0x00000000200168ca       0x48 C:/Users/YoungBeom/wsFreedomStudio/Curve25519_Reduction/bsp/install/lib/release/\libmetal.a(init.o)
                0x00000000200168ca                metal_init
 .text.metal_fini
                0x0000000020016912       0x48 C:/Users/YoungBeom/wsFreedomStudio/Curve25519_Reduction/bsp/install/lib/release/\libmetal.a(init.o)
                0x0000000020016912                metal_fini
 .text.metal_init_run
                0x000000002001695a        0x2 C:/Users/YoungBeom/wsFreedomStudio/Curve25519_Reduction/bsp/install/lib/release/\libmetal.a(init.o)
                0x000000002001695a                metal_init_run
 .text.metal_fini_run
                0x000000002001695c        0x2 C:/Users/YoungBeom/wsFreedomStudio/Curve25519_Reduction/bsp/install/lib/release/\libmetal.a(init.o)
                0x000000002001695c                metal_fini_run
 .text.metal_tty_putc_raw
                0x000000002001695e        0xe C:/Users/YoungBeom/wsFreedomStudio/Curve25519_Reduction/bsp/install/lib/release/\libmetal.a(tty.o)
                0x000000002001695e                metal_tty_putc_raw
 .text.metal_tty_putc
                0x000000002001696c       0x1c C:/Users/YoungBeom/wsFreedomStudio/Curve25519_Reduction/bsp/install/lib/release/\libmetal.a(tty.o)
                0x000000002001696c                metal_tty_putc
 .text._exit    0x0000000020016988        0x8 C:/Users/YoungBeom/wsFreedomStudio/Curve25519_Reduction/bsp/install/lib/release/\libmetal-gloss.a(sys_exit.o)
                0x0000000020016988                _exit
 *(.gnu.linkonce.t.*)

.rela.dyn       0x0000000020016990        0x0
 .rela.text.timer_isr
                0x0000000020016990        0x0 C:\Users\YOUNGB~1\AppData\Local\Temp\ccebLbNt.o
 .rela.text.wait_for_timer
                0x0000000020016990        0x0 C:\Users\YOUNGB~1\AppData\Local\Temp\ccebLbNt.o
 .rela.text.startup.main
                0x0000000020016990        0x0 C:\Users\YOUNGB~1\AppData\Local\Temp\ccebLbNt.o
 .rela.text._vfprintf_r
                0x0000000020016990        0x0 C:\Users\YOUNGB~1\AppData\Local\Temp\ccebLbNt.o
 .rela.text._sbrk_r
                0x0000000020016990        0x0 C:\Users\YOUNGB~1\AppData\Local\Temp\ccebLbNt.o
 .rela.text._write_r
                0x0000000020016990        0x0 C:\Users\YOUNGB~1\AppData\Local\Temp\ccebLbNt.o
 .rela.text._close_r
                0x0000000020016990        0x0 C:\Users\YOUNGB~1\AppData\Local\Temp\ccebLbNt.o
 .rela.text._fstat_r
                0x0000000020016990        0x0 C:\Users\YOUNGB~1\AppData\Local\Temp\ccebLbNt.o
 .rela.text._isatty_r
                0x0000000020016990        0x0 C:\Users\YOUNGB~1\AppData\Local\Temp\ccebLbNt.o
 .rela.text._lseek_r
                0x0000000020016990        0x0 C:\Users\YOUNGB~1\AppData\Local\Temp\ccebLbNt.o
 .rela.text._read_r
                0x0000000020016990        0x0 C:\Users\YOUNGB~1\AppData\Local\Temp\ccebLbNt.o
 .rela.text.metal.init.enter
                0x0000000020016990        0x0 C:\Users\YOUNGB~1\AppData\Local\Temp\ccebLbNt.o
 .rela.text.metal.init.scrub
                0x0000000020016990        0x0 C:\Users\YOUNGB~1\AppData\Local\Temp\ccebLbNt.o
 .rela.text     0x0000000020016990        0x0 C:\Users\YOUNGB~1\AppData\Local\Temp\ccebLbNt.o
 .rela.text.libgloss.start
                0x0000000020016990        0x0 C:\Users\YOUNGB~1\AppData\Local\Temp\ccebLbNt.o
 .rela.text._sbrk
                0x0000000020016990        0x0 C:\Users\YOUNGB~1\AppData\Local\Temp\ccebLbNt.o
 .rela.sdata.__brk
                0x0000000020016990        0x0 C:\Users\YOUNGB~1\AppData\Local\Temp\ccebLbNt.o
 .rela.text.__libc_fini_array
                0x0000000020016990        0x0 C:\Users\YOUNGB~1\AppData\Local\Temp\ccebLbNt.o
 .rela.text.__libc_init_array
                0x0000000020016990        0x0 C:\Users\YOUNGB~1\AppData\Local\Temp\ccebLbNt.o
 .rela.text.__register_exitproc
                0x0000000020016990        0x0 C:\Users\YOUNGB~1\AppData\Local\Temp\ccebLbNt.o
 .rela.text.metal_init
                0x0000000020016990        0x0 C:\Users\YOUNGB~1\AppData\Local\Temp\ccebLbNt.o
 .rela.text.metal_fini
                0x0000000020016990        0x0 C:\Users\YOUNGB~1\AppData\Local\Temp\ccebLbNt.o

.data           0x0000000080000000     0x1b04 load address 0x0000000020016990
 *(.data .data.*)
 .data          0x0000000080000000     0x1000 C:\Users\YOUNGB~1\AppData\Local\Temp\cclHRRe9.o
 .data.impure_data
                0x0000000080001000       0x60 c:/freedomstudio/sifive/riscv64-unknown-elf-gcc-8.3.0-2020.04.1/bin/../lib/gcc/riscv64-unknown-elf/8.3.0/../../../../riscv64-unknown-elf/lib/rv32imac/ilp32\libc_nano.a(lib_a-impure.o)
 .data.__metal_led_table
                0x0000000080001060        0xc C:/Users/YoungBeom/wsFreedomStudio/Curve25519_Reduction/bsp/install/lib/release/\libmetal.a(led.o)
 .data.__metal_dt_clock_0
                0x000000008000106c        0xc C:/Users/YoungBeom/wsFreedomStudio/Curve25519_Reduction/bsp/install/lib/release/\libmetal.a(inline.o)
                0x000000008000106c                __metal_dt_clock_0
 .data.__metal_dt_clock_1
                0x0000000080001078        0xc C:/Users/YoungBeom/wsFreedomStudio/Curve25519_Reduction/bsp/install/lib/release/\libmetal.a(inline.o)
                0x0000000080001078                __metal_dt_clock_1
 .data.__metal_dt_clock_2
                0x0000000080001084        0xc C:/Users/YoungBeom/wsFreedomStudio/Curve25519_Reduction/bsp/install/lib/release/\libmetal.a(inline.o)
                0x0000000080001084                __metal_dt_clock_2
 .data.__metal_dt_clock_3
                0x0000000080001090        0xc C:/Users/YoungBeom/wsFreedomStudio/Curve25519_Reduction/bsp/install/lib/release/\libmetal.a(inline.o)
                0x0000000080001090                __metal_dt_clock_3
 .data.__metal_dt_clock_4
                0x000000008000109c        0xc C:/Users/YoungBeom/wsFreedomStudio/Curve25519_Reduction/bsp/install/lib/release/\libmetal.a(inline.o)
                0x000000008000109c                __metal_dt_clock_4
 .data.__metal_dt_clock_5
                0x00000000800010a8        0xc C:/Users/YoungBeom/wsFreedomStudio/Curve25519_Reduction/bsp/install/lib/release/\libmetal.a(inline.o)
                0x00000000800010a8                __metal_dt_clock_5
 .data.__metal_dt_clock_6
                0x00000000800010b4        0xc C:/Users/YoungBeom/wsFreedomStudio/Curve25519_Reduction/bsp/install/lib/release/\libmetal.a(inline.o)
                0x00000000800010b4                __metal_dt_clock_6
 .data.__metal_dt_cpu_0_interrupt_controller
                0x00000000800010c0      0x3d0 C:/Users/YoungBeom/wsFreedomStudio/Curve25519_Reduction/bsp/install/lib/release/\libmetal.a(inline.o)
                0x00000000800010c0                __metal_dt_cpu_0_interrupt_controller
 .data.__metal_dt_interrupt_controller_c000000
                0x0000000080001490      0x5d8 C:/Users/YoungBeom/wsFreedomStudio/Curve25519_Reduction/bsp/install/lib/release/\libmetal.a(inline.o)
                0x0000000080001490                __metal_dt_interrupt_controller_c000000
 .data.__metal_dt_serial_10013000
                0x0000000080001a68       0x20 C:/Users/YoungBeom/wsFreedomStudio/Curve25519_Reduction/bsp/install/lib/release/\libmetal.a(inline.o)
                0x0000000080001a68                __metal_dt_serial_10013000
 .data.__metal_dt_serial_10023000
                0x0000000080001a88       0x20 C:/Users/YoungBeom/wsFreedomStudio/Curve25519_Reduction/bsp/install/lib/release/\libmetal.a(inline.o)
                0x0000000080001a88                __metal_dt_serial_10023000
 *(.gnu.linkonce.d.*)
                0x0000000080001aa8                . = ALIGN (0x8)
                0x00000000800022a8                PROVIDE (__global_pointer$ = (. + 0x800))
 *(.sdata .sdata.* .sdata2.*)
 .sdata._impure_ptr
                0x0000000080001aa8        0x4 c:/freedomstudio/sifive/riscv64-unknown-elf-gcc-8.3.0-2020.04.1/bin/../lib/gcc/riscv64-unknown-elf/8.3.0/../../../../riscv64-unknown-elf/lib/rv32imac/ilp32\libc_nano.a(lib_a-impure.o)
                0x0000000080001aa8                _impure_ptr
 .sdata2._global_impure_ptr
                0x0000000080001aac        0x4 c:/freedomstudio/sifive/riscv64-unknown-elf-gcc-8.3.0-2020.04.1/bin/../lib/gcc/riscv64-unknown-elf/8.3.0/../../../../riscv64-unknown-elf/lib/rv32imac/ilp32\libc_nano.a(lib_a-impure.o)
                0x0000000080001aac                _global_impure_ptr
 .sdata.__metal_cpu_table
                0x0000000080001ab0        0x4 C:/Users/YoungBeom/wsFreedomStudio/Curve25519_Reduction/bsp/install/lib/release/\libmetal.a(cpu.o)
                0x0000000080001ab0                __metal_cpu_table
 .sdata.__metal_dt_clint_2000000
                0x0000000080001ab4        0x8 C:/Users/YoungBeom/wsFreedomStudio/Curve25519_Reduction/bsp/install/lib/release/\libmetal.a(inline.o)
                0x0000000080001ab4                __metal_dt_clint_2000000
 .sdata.__metal_dt_cpu_0
                0x0000000080001abc        0x8 C:/Users/YoungBeom/wsFreedomStudio/Curve25519_Reduction/bsp/install/lib/release/\libmetal.a(inline.o)
                0x0000000080001abc                __metal_dt_cpu_0
 .sdata.__metal_dt_gpio_10012000
                0x0000000080001ac4        0x4 C:/Users/YoungBeom/wsFreedomStudio/Curve25519_Reduction/bsp/install/lib/release/\libmetal.a(inline.o)
                0x0000000080001ac4                __metal_dt_gpio_10012000
 .sdata.__metal_dt_led_0
                0x0000000080001ac8        0x4 C:/Users/YoungBeom/wsFreedomStudio/Curve25519_Reduction/bsp/install/lib/release/\libmetal.a(inline.o)
                0x0000000080001ac8                __metal_dt_led_0
 .sdata.__metal_dt_led_1
                0x0000000080001acc        0x4 C:/Users/YoungBeom/wsFreedomStudio/Curve25519_Reduction/bsp/install/lib/release/\libmetal.a(inline.o)
                0x0000000080001acc                __metal_dt_led_1
 .sdata.__metal_dt_led_2
                0x0000000080001ad0        0x4 C:/Users/YoungBeom/wsFreedomStudio/Curve25519_Reduction/bsp/install/lib/release/\libmetal.a(inline.o)
                0x0000000080001ad0                __metal_dt_led_2
 .sdata.__metal_dt_prci_10008000
                0x0000000080001ad4        0x4 C:/Users/YoungBeom/wsFreedomStudio/Curve25519_Reduction/bsp/install/lib/release/\libmetal.a(inline.o)
                0x0000000080001ad4                __metal_dt_prci_10008000
 .sdata.__metal_cpu_table
                0x0000000080001ad8        0x4 C:/Users/YoungBeom/wsFreedomStudio/Curve25519_Reduction/bsp/install/lib/release/\libmetal.a(riscv_cpu.o)
 .sdata2.CSWTCH.18
                0x0000000080001adc        0x3 C:/Users/YoungBeom/wsFreedomStudio/Curve25519_Reduction/bsp/install/lib/release/\libmetal.a(riscv_cpu.o)
 *fill*         0x0000000080001adf        0x1 
 .sdata2.__metal_driver_vtable_sifive_fe310_g000_hfrosc
                0x0000000080001ae0        0x8 C:/Users/YoungBeom/wsFreedomStudio/Curve25519_Reduction/bsp/install/lib/release/\libmetal.a(sifive_fe310-g000_hfrosc.o)
                0x0000000080001ae0                __metal_driver_vtable_sifive_fe310_g000_hfrosc
 .sdata2.__metal_driver_vtable_sifive_fe310_g000_hfxosc
                0x0000000080001ae8        0x8 C:/Users/YoungBeom/wsFreedomStudio/Curve25519_Reduction/bsp/install/lib/release/\libmetal.a(sifive_fe310-g000_hfxosc.o)
                0x0000000080001ae8                __metal_driver_vtable_sifive_fe310_g000_hfxosc
 .sdata2.__metal_driver_vtable_sifive_fe310_g000_prci
                0x0000000080001af0        0x8 C:/Users/YoungBeom/wsFreedomStudio/Curve25519_Reduction/bsp/install/lib/release/\libmetal.a(sifive_fe310-g000_prci.o)
                0x0000000080001af0                __metal_driver_vtable_sifive_fe310_g000_prci
 .sdata2.__metal_driver_vtable_fixed_clock
                0x0000000080001af8        0x8 C:/Users/YoungBeom/wsFreedomStudio/Curve25519_Reduction/bsp/install/lib/release/\libmetal.a(fixed-clock.o)
                0x0000000080001af8                __metal_driver_vtable_fixed_clock
 .sdata.__brk   0x0000000080001b00        0x4 C:/Users/YoungBeom/wsFreedomStudio/Curve25519_Reduction/bsp/install/lib/release/\libmetal-gloss.a(sys_sbrk.o)
 *(.gnu.linkonce.s.*)

.tdata          0x0000000080001b08        0x0 load address 0x0000000020018498
                0x0000000080001b08                PROVIDE (__tls_base = .)
 *(.tdata .tdata.* .gnu.linkonce.td.*)
                [!provide]                        PROVIDE (__tdata_source = LOADADDR (.tdata))
                [!provide]                        PROVIDE (__tdata_size = SIZEOF (.tdata))
                0x0000000020016990                PROVIDE (metal_segment_data_source_start = LOADADDR (.data))
                0x0000000080000000                PROVIDE (metal_segment_data_target_start = ADDR (.data))
                0x0000000080001b08                PROVIDE (metal_segment_data_target_end = (ADDR (.tdata) + SIZEOF (.tdata)))

.tbss           0x0000000080001b08        0x0
 *(.tbss .tbss.* .gnu.linkonce.tb.*)
 *(.tcommon .tcommon.*)
                [!provide]                        PROVIDE (__tls_end = .)
                0x0000000000000000                PROVIDE (__tbss_size = SIZEOF (.tbss))
                [!provide]                        PROVIDE (__tls_size = (__tls_end - __tls_base))

.tbss_space     0x0000000080001b08        0x0
                0x0000000080001b08                . = (. + __tbss_size)

.bss            0x0000000080001b08       0xc8
 *(.sbss*)
 .sbss.__malloc_free_list
                0x0000000080001b08        0x4 c:/freedomstudio/sifive/riscv64-unknown-elf-gcc-8.3.0-2020.04.1/bin/../lib/gcc/riscv64-unknown-elf/8.3.0/../../../../riscv64-unknown-elf/lib/rv32imac/ilp32\libc_nano.a(lib_a-nano-mallocr.o)
                0x0000000080001b08                __malloc_free_list
 .sbss.__malloc_sbrk_start
                0x0000000080001b0c        0x4 c:/freedomstudio/sifive/riscv64-unknown-elf-gcc-8.3.0-2020.04.1/bin/../lib/gcc/riscv64-unknown-elf/8.3.0/../../../../riscv64-unknown-elf/lib/rv32imac/ilp32\libc_nano.a(lib_a-nano-mallocr.o)
                0x0000000080001b0c                __malloc_sbrk_start
 .sbss._global_atexit
                0x0000000080001b10        0x4 c:/freedomstudio/sifive/riscv64-unknown-elf-gcc-8.3.0-2020.04.1/bin/../lib/gcc/riscv64-unknown-elf/8.3.0/../../../../riscv64-unknown-elf/lib/rv32imac/ilp32\libc_nano.a(lib_a-__call_atexit.o)
                0x0000000080001b10                _global_atexit
 .sbss.fini_done.1540
                0x0000000080001b14        0x4 C:/Users/YoungBeom/wsFreedomStudio/Curve25519_Reduction/bsp/install/lib/release/\libmetal.a(init.o)
 .sbss.init_done.1531
                0x0000000080001b18        0x4 C:/Users/YoungBeom/wsFreedomStudio/Curve25519_Reduction/bsp/install/lib/release/\libmetal.a(init.o)
 *(.gnu.linkonce.sb.*)
 *(.bss .bss.*)
 .bss._global_atexit0
                0x0000000080001b1c       0x8c c:/freedomstudio/sifive/riscv64-unknown-elf-gcc-8.3.0-2020.04.1/bin/../lib/gcc/riscv64-unknown-elf/8.3.0/../../../../riscv64-unknown-elf/lib/rv32imac/ilp32\libc_nano.a(lib_a-__atexit.o)
 *(.gnu.linkonce.b.*)
 *(COMMON)
 COMMON         0x0000000080001ba8       0x24 C:\Users\YOUNGB~1\AppData\Local\Temp\ccebLbNt.o
                0x0000000080001ba8                cpu
                0x0000000080001bac                tmr_intr
                0x0000000080001bb0                cpu_intr
                0x0000000080001bb4                CBC_Key
                0x0000000080001bc4                timer_isr_flag
                0x0000000080001bc8                tmr_id