Archive member included to satisfy reference by file (symbol)

c:/freedomstudio/sifive/riscv64-unknown-elf-gcc-8.3.0-2020.04.1/bin/../lib/gcc/riscv64-unknown-elf/8.3.0/../../../../riscv64-unknown-elf/lib/rv32imac/ilp32\libc_nano.a(lib_a-printf.o)
                              C:\Users\YOUNGB~1\AppData\Local\Temp\ccT6Ha2i.o (printf)
c:/freedomstudio/sifive/riscv64-unknown-elf-gcc-8.3.0-2020.04.1/bin/../lib/gcc/riscv64-unknown-elf/8.3.0/../../../../riscv64-unknown-elf/lib/rv32imac/ilp32\libc_nano.a(lib_a-findfp.o)
                              c:/freedomstudio/sifive/riscv64-unknown-elf-gcc-8.3.0-2020.04.1/bin/../lib/gcc/riscv64-unknown-elf/8.3.0/../../../../riscv64-unknown-elf/lib/rv32imac/ilp32\libc_nano.a(lib_a-printf.o) (__sinit)
c:/freedomstudio/sifive/riscv64-unknown-elf-gcc-8.3.0-2020.04.1/bin/../lib/gcc/riscv64-unknown-elf/8.3.0/../../../../riscv64-unknown-elf/lib/rv32imac/ilp32\libc_nano.a(lib_a-fwalk.o)
                              c:/freedomstudio/sifive/riscv64-unknown-elf-gcc-8.3.0-2020.04.1/bin/../lib/gcc/riscv64-unknown-elf/8.3.0/../../../../riscv64-unknown-elf/lib/rv32imac/ilp32\libc_nano.a(lib_a-findfp.o) (_fwalk)
c:/freedomstudio/sifive/riscv64-unknown-elf-gcc-8.3.0-2020.04.1/bin/../lib/gcc/riscv64-unknown-elf/8.3.0/../../../../riscv64-unknown-elf/lib/rv32imac/ilp32\libc_nano.a(lib_a-impure.o)
                              c:/freedomstudio/sifive/riscv64-unknown-elf-gcc-8.3.0-2020.04.1/bin/../lib/gcc/riscv64-unknown-elf/8.3.0/../../../../riscv64-unknown-elf/lib/rv32imac/ilp32\libc_nano.a(lib_a-findfp.o) (_global_impure_ptr)
c:/freedomstudio/sifive/riscv64-unknown-elf-gcc-8.3.0-2020.04.1/bin/../lib/gcc/riscv64-unknown-elf/8.3.0/../../../../riscv64-unknown-elf/lib/rv32imac/ilp32\libc_nano.a(lib_a-memset.o)
                              c:/freedomstudio/sifive/riscv64-unknown-elf-gcc-8.3.0-2020.04.1/bin/../lib/gcc/riscv64-unknown-elf/8.3.0/../../../../riscv64-unknown-elf/lib/rv32imac/ilp32\libc_nano.a(lib_a-findfp.o) (memset)
c:/freedomstudio/sifive/riscv64-unknown-elf-gcc-8.3.0-2020.04.1/bin/../lib/gcc/riscv64-unknown-elf/8.3.0/../../../../riscv64-unknown-elf/lib/rv32imac/ilp32\libc_nano.a(lib_a-nano-mallocr.o)
                              c:/freedomstudio/sifive/riscv64-unknown-elf-gcc-8.3.0-2020.04.1/bin/../lib/gcc/riscv64-unknown-elf/8.3.0/../../../../riscv64-unknown-elf/lib/rv32imac/ilp32\libc_nano.a(lib_a-findfp.o) (_malloc_r)
c:/freedomstudio/sifive/riscv64-unknown-elf-gcc-8.3.0-2020.04.1/bin/../lib/gcc/riscv64-unknown-elf/8.3.0/../../../../riscv64-unknown-elf/lib/rv32imac/ilp32\libc_nano.a(lib_a-nano-vfprintf.o)
                              c:/freedomstudio/sifive/riscv64-unknown-elf-gcc-8.3.0-2020.04.1/bin/../lib/gcc/riscv64-unknown-elf/8.3.0/../../../../riscv64-unknown-elf/lib/rv32imac/ilp32\libc_nano.a(lib_a-printf.o) (_vfprintf_r)
c:/freedomstudio/sifive/riscv64-unknown-elf-gcc-8.3.0-2020.04.1/bin/../lib/gcc/riscv64-unknown-elf/8.3.0/../../../../riscv64-unknown-elf/lib/rv32imac/ilp32\libc_nano.a(lib_a-sbrkr.o)
                              c:/freedomstudio/sifive/riscv64-unknown-elf-gcc-8.3.0-2020.04.1/bin/../lib/gcc/riscv64-unknown-elf/8.3.0/../../../../riscv64-unknown-elf/lib/rv32imac/ilp32\libc_nano.a(lib_a-nano-mallocr.o) (_sbrk_r)
c:/freedomstudio/sifive/riscv64-unknown-elf-gcc-8.3.0-2020.04.1/bin/../lib/gcc/riscv64-unknown-elf/8.3.0/../../../../riscv64-unknown-elf/lib/rv32imac/ilp32\libc_nano.a(lib_a-stdio.o)
                              c:/freedomstudio/sifive/riscv64-unknown-elf-gcc-8.3.0-2020.04.1/bin/../lib/gcc/riscv64-unknown-elf/8.3.0/../../../../riscv64-unknown-elf/lib/rv32imac/ilp32\libc_nano.a(lib_a-findfp.o) (__sread)
c:/freedomstudio/sifive/riscv64-unknown-elf-gcc-8.3.0-2020.04.1/bin/../lib/gcc/riscv64-unknown-elf/8.3.0/../../../../riscv64-unknown-elf/lib/rv32imac/ilp32\libc_nano.a(lib_a-wbuf.o)
                              c:/freedomstudio/sifive/riscv64-unknown-elf-gcc-8.3.0-2020.04.1/bin/../lib/gcc/riscv64-unknown-elf/8.3.0/../../../../riscv64-unknown-elf/lib/rv32imac/ilp32\libc_nano.a(lib_a-nano-vfprintf.o) (__swbuf_r)
c:/freedomstudio/sifive/riscv64-unknown-elf-gcc-8.3.0-2020.04.1/bin/../lib/gcc/riscv64-unknown-elf/8.3.0/../../../../riscv64-unknown-elf/lib/rv32imac/ilp32\libc_nano.a(lib_a-writer.o)
                              c:/freedomstudio/sifive/riscv64-unknown-elf-gcc-8.3.0-2020.04.1/bin/../lib/gcc/riscv64-unknown-elf/8.3.0/../../../../riscv64-unknown-elf/lib/rv32imac/ilp32\libc_nano.a(lib_a-stdio.o) (_write_r)
c:/freedomstudio/sifive/riscv64-unknown-elf-gcc-8.3.0-2020.04.1/bin/../lib/gcc/riscv64-unknown-elf/8.3.0/../../../../riscv64-unknown-elf/lib/rv32imac/ilp32\libc_nano.a(lib_a-wsetup.o)
                              c:/freedomstudio/sifive/riscv64-unknown-elf-gcc-8.3.0-2020.04.1/bin/../lib/gcc/riscv64-unknown-elf/8.3.0/../../../../riscv64-unknown-elf/lib/rv32imac/ilp32\libc_nano.a(lib_a-nano-vfprintf.o) (__swsetup_r)
[...]
Memory Configuration

Name             Origin             Length             Attributes
ram              0x0000000080000000 0x0000000000400000 axrwl
rom              0x0000000020400000 0x000000001fc00000 xrl !aw
*default*        0x0000000000000000 0xffffffffffffffff

Linker script and memory map

LOAD C:\Users\YOUNGB~1\AppData\Local\Temp\ccmpYhEN.o
LOAD C:\Users\YOUNGB~1\AppData\Local\Temp\ccT6Ha2i.o
START GROUP
LOAD c:/freedomstudio/sifive/riscv64-unknown-elf-gcc-8.3.0-2020.04.1/bin/../lib/gcc/riscv64-unknown-elf/8.3.0/../../../../riscv64-unknown-elf/lib/rv32imac/ilp32\libc_nano.a
LOAD c:/freedomstudio/sifive/riscv64-unknown-elf-gcc-8.3.0-2020.04.1/bin/../lib/gcc/riscv64-unknown-elf/8.3.0/rv32imac/ilp32\libgcc.a
LOAD c:/freedomstudio/sifive/riscv64-unknown-elf-gcc-8.3.0-2020.04.1/bin/../lib/gcc/riscv64-unknown-elf/8.3.0/../../../../riscv64-unknown-elf/lib/rv32imac/ilp32\libm.a
LOAD C:/Users/YoungBeom/wsFreedomStudio/qemu_sifive_e31_hello/bsp/install/lib/debug/\libmetal.a
LOAD C:/Users/YoungBeom/wsFreedomStudio/qemu_sifive_e31_hello/bsp/install/lib/debug/\libmetal-gloss.a
END GROUP
                0x0000000000000400                __stack_size = DEFINED (__stack_size)?__stack_size:0x400
                [!provide]                        PROVIDE (__stack_size = __stack_size)
                0x0000000000000800                __heap_size = DEFINED (__heap_size)?__heap_size:0x800
                0x0000000000000000                PROVIDE (__metal_boot_hart = 0x0)
                0x0000000000000001                PROVIDE (__metal_chicken_bit = 0x1)
                0x0000000000000000                PROVIDE (__metal_eccscrub_bit = 0x0)
                0x0000000080000000                PROVIDE (metal_dtim_0_memory_start = 0x80000000)
                0x0000000080010000                PROVIDE (metal_dtim_0_memory_end = 0x80010000)

.init           0x0000000020400000      0x2d6
 *(.text.metal.init.enter)
 .text.metal.init.enter
                0x0000000020400000       0x90 C:/Users/YoungBeom/wsFreedomStudio/qemu_sifive_e31_hello/bsp/install/lib/debug/\libmetal.a(entry.o)
                0x0000000020400000                _enter
 *(.text.metal.init.*)
 .text.metal.init.__register_frame_info
                0x0000000020400090        0x2 C:/Users/YoungBeom/wsFreedomStudio/qemu_sifive_e31_hello/bsp/install/lib/debug/\libmetal.a(entry.o)
                0x0000000020400090                __register_frame_info
 .text.metal.init.scrub
                0x0000000020400092       0xe4 C:/Users/YoungBeom/wsFreedomStudio/qemu_sifive_e31_hello/bsp/install/lib/debug/\libmetal.a(scrub.o)
                0x000000002040009e                __metal_before_start
 *fill*         0x0000000020400176        0x2 
 .text.metal.init.trapvec
                0x0000000020400178        0xe C:/Users/YoungBeom/wsFreedomStudio/qemu_sifive_e31_hello/bsp/install/lib/debug/\libmetal.a(trap.o)
                0x0000000020400178                early_trap_vector
 *(SORT_NONE(.init))
 .init          0x0000000020400186        0xe C:/Users/YoungBeom/wsFreedomStudio/qemu_sifive_e31_hello/bsp/install/lib/debug/\libmetal.a(synchronize_harts.o)
                0x0000000020400186                __metal_synchronize_harts
 *(.text.libgloss.start)
 .text.libgloss.start
                0x0000000020400194      0x142 C:/Users/YoungBeom/wsFreedomStudio/qemu_sifive_e31_hello/bsp/install/lib/debug/\libmetal-gloss.a(crt0.o)
                0x0000000020400194                _start
                0x00000000204002b4                _fini
                0x00000000204002b4                _init
                0x00000000204002b6                secondary_main

.fini
 *(SORT_NONE(.fini))

.preinit_array  0x00000000204002d8        0x0
                0x00000000204002d8                PROVIDE (__preinit_array_start = .)
 *(.preinit_array)
                0x00000000204002d8                PROVIDE (__preinit_array_end = .)

.init_array     0x00000000204002d8        0xc
                0x00000000204002d8                PROVIDE (__init_array_start = .)
 *(SORT_BY_INIT_PRIORITY(.init_array.*) SORT_BY_INIT_PRIORITY(.ctors.*))
 *(.init_array EXCLUDE_FILE(*crtend?.o *crtend.o *crtbegin?.o *crtbegin.o) .ctors)
                0x00000000204002d8                PROVIDE (__init_array_end = .)
                0x00000000204002d8                PROVIDE (metal_constructors_start = .)
 *(SORT_BY_INIT_PRIORITY(.metal.init_array.*))
 .metal.init_array.5000
                0x00000000204002d8        0x4 C:/Users/YoungBeom/wsFreedomStudio/qemu_sifive_e31_hello/bsp/install/lib/debug/\libmetal.a(tty.o)
                0x00000000204002d8                _metal_tty_init_ptr
 .metal.init_array.5000
                0x00000000204002dc        0x8 C:/Users/YoungBeom/wsFreedomStudio/qemu_sifive_e31_hello/bsp/install/lib/debug/\libmetal.a(sifive_fe310-g000_pll.o)
                0x00000000204002dc                _metal_sifive_fe310_g000_pll_init_ptr
                0x00000000204002e0                _use_hfxosc_ptr
 *(.metal.init_array)
                0x00000000204002e4                PROVIDE (metal_constructors_end = .)

.fini_array     0x00000000204002e8        0x0
                0x00000000204002e8                PROVIDE (__fini_array_start = .)
 *(SORT_BY_INIT_PRIORITY(.fini_array.*) SORT_BY_INIT_PRIORITY(.dtors.*))
 *(.fini_array EXCLUDE_FILE(*crtend?.o *crtend.o *crtbegin?.o *crtbegin.o) .dtors)
                0x00000000204002e8                PROVIDE (__fini_array_end = .)
                0x00000000204002e8                PROVIDE (metal_destructors_start = .)
 *(SORT_BY_INIT_PRIORITY(.metal.fini_array.*))
 *(.metal.fini_array)
                0x00000000204002e8                PROVIDE (metal_destructors_end = .)

.ctors          0x00000000204002e4       0x7a
 *crtbegin.o(.ctors)
 *crtbegin?.o(.ctors)
 *(EXCLUDE_FILE(*crtend?.o *crtend.o) .ctors)
 *(SORT_BY_NAME(.ctors.*))
 *(.ctors)
 *(.metal.ctors .metal.ctors.*)
 .metal.ctors   0x00000000204002e4       0x24 C:/Users/YoungBeom/wsFreedomStudio/qemu_sifive_e31_hello/bsp/install/lib/debug/\libmetal.a(tty.o)
                0x00000000204002e4                metal_tty_init
 .metal.ctors   0x0000000020400308       0x56 C:/Users/YoungBeom/wsFreedomStudio/qemu_sifive_e31_hello/bsp/install/lib/debug/\libmetal.a(sifive_fe310-g000_pll.o)
                0x0000000020400308                metal_sifive_fe310_g000_pll_init
                0x0000000020400334                use_hfxosc

.dtors
 *crtbegin.o(.dtors)
 *crtbegin?.o(.dtors)
 *(EXCLUDE_FILE(*crtend?.o *crtend.o) .dtors)
 *(SORT_BY_NAME(.dtors.*))
 *(.dtors)
 *(.metal.dtors .metal.dtors.*)

.rodata         0x0000000020400360      0xc38
 *(.rdata)
 *(.rodata .rodata.*)
 .rodata        0x0000000020400360       0x3b C:\Users\YOUNGB~1\AppData\Local\Temp\ccT6Ha2i.o
 *fill*         0x000000002040039b        0x1 
 .rodata.__sf_fake_stderr
                0x000000002040039c       0x20 c:/freedomstudio/sifive/riscv64-unknown-elf-gcc-8.3.0-2020.04.1/bin/../lib/gcc/riscv64-unknown-elf/8.3.0/../../../../riscv64-unknown-elf/lib/rv32imac/ilp32\libc_nano.a(lib_a-findfp.o)
                0x000000002040039c                __sf_fake_stderr
 .rodata.__sf_fake_stdin
                0x00000000204003bc       0x20 c:/freedomstudio/sifive/riscv64-unknown-elf-gcc-8.3.0-2020.04.1/bin/../lib/gcc/riscv64-unknown-elf/8.3.0/../../../../riscv64-unknown-elf/lib/rv32imac/ilp32\libc_nano.a(lib_a-findfp.o)
                0x00000000204003bc                __sf_fake_stdin
 .rodata.__sf_fake_stdout
                0x00000000204003dc       0x20 c:/freedomstudio/sifive/riscv64-unknown-elf-gcc-8.3.0-2020.04.1/bin/../lib/gcc/riscv64-unknown-elf/8.3.0/../../../../riscv64-unknown-elf/lib/rv32imac/ilp32\libc_nano.a(lib_a-findfp.o)
                0x00000000204003dc                __sf_fake_stdout
 .rodata._vfprintf_r.str1.4
                0x00000000204003fc       0x13 c:/freedomstudio/sifive/riscv64-unknown-elf-gcc-8.3.0-2020.04.1/bin/../lib/gcc/riscv64-unknown-elf/8.3.0/../../../../riscv64-unknown-elf/lib/rv32imac/ilp32\libc_nano.a(lib_a-nano-vfprintf.o)
 *fill*         0x000000002040040f        0x1 
 .rodata._printf_i.str1.4
                0x0000000020400410       0x28 c:/freedomstudio/sifive/riscv64-unknown-elf-gcc-8.3.0-2020.04.1/bin/../lib/gcc/riscv64-unknown-elf/8.3.0/../../../../riscv64-unknown-elf/lib/rv32imac/ilp32\libc_nano.a(lib_a-nano-vfprintf_i.o)
                                         0x25 (size before relaxing)
 .rodata.libgloss.start
                0x0000000020400438       0x11 C:/Users/YoungBeom/wsFreedomStudio/qemu_sifive_e31_hello/bsp/install/lib/debug/\libmetal-gloss.a(crt0.o)
 *fill*         0x0000000020400449        0x3 
 .rodata.__metal_driver_vtable_riscv_clint0
                0x000000002040044c       0x64 C:/Users/YoungBeom/wsFreedomStudio/qemu_sifive_e31_hello/bsp/install/lib/debug/\libmetal.a(riscv_clint0.o)
                0x000000002040044c                __metal_driver_vtable_riscv_clint0
 .rodata.__metal_controller_interrupt_vector
                0x00000000204004b0       0x14 C:/Users/YoungBeom/wsFreedomStudio/qemu_sifive_e31_hello/bsp/install/lib/debug/\libmetal.a(riscv_cpu.o)
 .rodata.__metal_local_interrupt_enable
                0x00000000204004c4       0x80 C:/Users/YoungBeom/wsFreedomStudio/qemu_sifive_e31_hello/bsp/install/lib/debug/\libmetal.a(riscv_cpu.o)
 .rodata.__metal_driver_vtable_riscv_cpu_intc
                0x0000000020400544       0x64 C:/Users/YoungBeom/wsFreedomStudio/qemu_sifive_e31_hello/bsp/install/lib/debug/\libmetal.a(riscv_cpu.o)
                0x0000000020400544                __metal_driver_vtable_riscv_cpu_intc
 .rodata.__metal_driver_vtable_cpu
                0x00000000204005a8       0x44 C:/Users/YoungBeom/wsFreedomStudio/qemu_sifive_e31_hello/bsp/install/lib/debug/\libmetal.a(riscv_cpu.o)
                0x00000000204005a8                __metal_driver_vtable_cpu
 .rodata.__metal_driver_vtable_riscv_plic0
                0x00000000204005ec       0x64 C:/Users/YoungBeom/wsFreedomStudio/qemu_sifive_e31_hello/bsp/install/lib/debug/\libmetal.a(riscv_plic0.o)
                0x00000000204005ec                __metal_driver_vtable_riscv_plic0
 .rodata.pll_configs
                0x0000000020400650      0x880 C:/Users/YoungBeom/wsFreedomStudio/qemu_sifive_e31_hello/bsp/install/lib/debug/\libmetal.a(sifive_fe310-g000_pll.o)
 .rodata.__metal_driver_vtable_sifive_fe310_g000_pll
                0x0000000020400ed0        0xc C:/Users/YoungBeom/wsFreedomStudio/qemu_sifive_e31_hello/bsp/install/lib/debug/\libmetal.a(sifive_fe310-g000_pll.o)
                0x0000000020400ed0                __metal_driver_vtable_sifive_fe310_g000_pll
 .rodata.__metal_driver_sifive_gpio0_config_int
                0x0000000020400edc       0x20 C:/Users/YoungBeom/wsFreedomStudio/qemu_sifive_e31_hello/bsp/install/lib/debug/\libmetal.a(sifive_gpio0.o)
 .rodata.__metal_driver_sifive_gpio0_clear_int
                0x0000000020400efc       0x20 C:/Users/YoungBeom/wsFreedomStudio/qemu_sifive_e31_hello/bsp/install/lib/debug/\libmetal.a(sifive_gpio0.o)
 .rodata.__metal_driver_vtable_sifive_gpio0
                0x0000000020400f1c       0x3c C:/Users/YoungBeom/wsFreedomStudio/qemu_sifive_e31_hello/bsp/install/lib/debug/\libmetal.a(sifive_gpio0.o)
                0x0000000020400f1c                __metal_driver_vtable_sifive_gpio0
 .rodata.__metal_driver_vtable_sifive_uart0
                0x0000000020400f58       0x40 C:/Users/YoungBeom/wsFreedomStudio/qemu_sifive_e31_hello/bsp/install/lib/debug/\libmetal.a(sifive_uart0.o)
                0x0000000020400f58                __metal_driver_vtable_sifive_uart0
 *(.gnu.linkonce.r.*)
                0x0000000020400f98                . = ALIGN (0x8)
 *fill*         0x0000000020400f98        0x0 
 *(.srodata.cst16)
 *(.srodata.cst8)
 *(.srodata.cst4)
 *(.srodata.cst2)
 *(.srodata .srodata.*)

.itim           0x0000000080000000        0x0 load address 0x0000000020400f98
 *(.itim .itim.*)
                0x0000000020400f98                PROVIDE (metal_segment_itim_source_start = LOADADDR (.itim))
                0x0000000080000000                PROVIDE (metal_segment_itim_target_start = ADDR (.itim))
                0x0000000080000000                PROVIDE (metal_segment_itim_target_end = (ADDR (.itim) + SIZEOF (.itim)))

.text           0x0000000020401000     0x5e36
 *(.text.unlikely .text.unlikely.*)
 *(.text.startup .text.startup.*)
 *(.text .text.*)
 .text.main     0x0000000020401000       0x44 C:\Users\YOUNGB~1\AppData\Local\Temp\ccmpYhEN.o
                0x0000000020401000                main
 .text          0x0000000020401044       0xdc C:\Users\YOUNGB~1\AppData\Local\Temp\ccT6Ha2i.o
                0x0000000020401044                mul
                0x0000000020401062                test
                0x00000000204010e0                test_branch
 .text.printf   0x0000000020401120       0x42 c:/freedomstudio/sifive/riscv64-unknown-elf-gcc-8.3.0-2020.04.1/bin/../lib/gcc/riscv64-unknown-elf/8.3.0/../../../../riscv64-unknown-elf/lib/rv32imac/ilp32\libc_nano.a(lib_a-printf.o)
                0x0000000020401120                iprintf
                0x0000000020401120                printf
 .text.std      0x0000000020401162       0x68 c:/freedomstudio/sifive/riscv64-unknown-elf-gcc-8.3.0-2020.04.1/bin/../lib/gcc/riscv64-unknown-elf/8.3.0/../../../../riscv64-unknown-elf/lib/rv32imac/ilp32\libc_nano.a(lib_a-findfp.o)
 .text._cleanup_r
                0x00000000204011ca        0xa c:/freedomstudio/sifive/riscv64-unknown-elf-gcc-8.3.0-2020.04.1/bin/../lib/gcc/riscv64-unknown-elf/8.3.0/../../../../riscv64-unknown-elf/lib/rv32imac/ilp32\libc_nano.a(lib_a-findfp.o)
                0x00000000204011ca                _cleanup_r
 .text.__sfmoreglue
                0x00000000204011d4       0x44 c:/freedomstudio/sifive/riscv64-unknown-elf-gcc-8.3.0-2020.04.1/bin/../lib/gcc/riscv64-unknown-elf/8.3.0/../../../../riscv64-unknown-elf/lib/rv32imac/ilp32\libc_nano.a(lib_a-findfp.o)
                0x00000000204011d4                __sfmoreglue
 .text.__sinit  0x0000000020401218       0x6a c:/freedomstudio/sifive/riscv64-unknown-elf-gcc-8.3.0-2020.04.1/bin/../lib/gcc/riscv64-unknown-elf/8.3.0/../../../../riscv64-unknown-elf/lib/rv32imac/ilp32\libc_nano.a(lib_a-findfp.o)
                0x0000000020401218                __sinit
 .text.__sfp    0x0000000020401282       0x9e c:/freedomstudio/sifive/riscv64-unknown-elf-gcc-8.3.0-2020.04.1/bin/../lib/gcc/riscv64-unknown-elf/8.3.0/../../../../riscv64-unknown-elf/lib/rv32imac/ilp32\libc_nano.a(lib_a-findfp.o)
                0x0000000020401282                __sfp
 .text._fwalk_reent
                0x0000000020401320       0x6c c:/freedomstudio/sifive/riscv64-unknown-elf-gcc-8.3.0-2020.04.1/bin/../lib/gcc/riscv64-unknown-elf/8.3.0/../../../../riscv64-unknown-elf/lib/rv32imac/ilp32\libc_nano.a(lib_a-fwalk.o)
                0x0000000020401320                _fwalk_reent
 .text          0x000000002040138c       0x10 c:/freedomstudio/sifive/riscv64-unknown-elf-gcc-8.3.0-2020.04.1/bin/../lib/gcc/riscv64-unknown-elf/8.3.0/../../../../riscv64-unknown-elf/lib/rv32imac/ilp32\libc_nano.a(lib_a-memset.o)
                0x000000002040138c                memset
 .text._malloc_r
                0x000000002040139c       0xe4 c:/freedomstudio/sifive/riscv64-unknown-elf-gcc-8.3.0-2020.04.1/bin/../lib/gcc/riscv64-unknown-elf/8.3.0/../../../../riscv64-unknown-elf/lib/rv32imac/ilp32\libc_nano.a(lib_a-nano-mallocr.o)
                0x000000002040139c                _malloc_r
 .text.__sfputc_r
                0x0000000020401480       0x28 c:/freedomstudio/sifive/riscv64-unknown-elf-gcc-8.3.0-2020.04.1/bin/../lib/gcc/riscv64-unknown-elf/8.3.0/../../../../riscv64-unknown-elf/lib/rv32imac/ilp32\libc_nano.a(lib_a-nano-vfprintf.o)
 .text.__sfputs_r
                0x00000000204014a8       0x42 c:/freedomstudio/sifive/riscv64-unknown-elf-gcc-8.3.0-2020.04.1/bin/../lib/gcc/riscv64-unknown-elf/8.3.0/../../../../riscv64-unknown-elf/lib/rv32imac/ilp32\libc_nano.a(lib_a-nano-vfprintf.o)
                0x00000000204014a8                __sfputs_r
 .text._vfprintf_r
                0x00000000204014ea      0x29a c:/freedomstudio/sifive/riscv64-unknown-elf-gcc-8.3.0-2020.04.1/bin/../lib/gcc/riscv64-unknown-elf/8.3.0/../../../../riscv64-unknown-elf/lib/rv32imac/ilp32\libc_nano.a(lib_a-nano-vfprintf.o)
                0x00000000204014ea                _vfprintf_r
                0x00000000204014ea                _vfiprintf_r
 .text._sbrk_r  0x0000000020401784       0x2a c:/freedomstudio/sifive/riscv64-unknown-elf-gcc-8.3.0-2020.04.1/bin/../lib/gcc/riscv64-unknown-elf/8.3.0/../../../../riscv64-unknown-elf/lib/rv32imac/ilp32\libc_nano.a(lib_a-sbrkr.o)
                0x0000000020401784                _sbrk_r
 .text.__sread  0x00000000204017ae       0x32 c:/freedomstudio/sifive/riscv64-unknown-elf-gcc-8.3.0-2020.04.1/bin/../lib/gcc/riscv64-unknown-elf/8.3.0/../../../../riscv64-unknown-elf/lib/rv32imac/ilp32\libc_nano.a(lib_a-stdio.o)
                0x00000000204017ae                __sread
 .text.__swrite
                0x00000000204017e0       0x4e c:/freedomstudio/sifive/riscv64-unknown-elf-gcc-8.3.0-2020.04.1/bin/../lib/gcc/riscv64-unknown-elf/8.3.0/../../../../riscv64-unknown-elf/lib/rv32imac/ilp32\libc_nano.a(lib_a-stdio.o)
                0x00000000204017e0                __swrite
 .text.__sseek  0x000000002040182e       0x36 c:/freedomstudio/sifive/riscv64-unknown-elf-gcc-8.3.0-2020.04.1/bin/../lib/gcc/riscv64-unknown-elf/8.3.0/../../../../riscv64-unknown-elf/lib/rv32imac/ilp32\libc_nano.a(lib_a-stdio.o)
                0x000000002040182e                __sseek
 .text.__sclose
                0x0000000020401864        0x6 c:/freedomstudio/sifive/riscv64-unknown-elf-gcc-8.3.0-2020.04.1/bin/../lib/gcc/riscv64-unknown-elf/8.3.0/../../../../riscv64-unknown-elf/lib/rv32imac/ilp32\libc_nano.a(lib_a-stdio.o)
                0x0000000020401864                __sclose
 .text.__swbuf_r
                0x000000002040186a       0xc0 c:/freedomstudio/sifive/riscv64-unknown-elf-gcc-8.3.0-2020.04.1/bin/../lib/gcc/riscv64-unknown-elf/8.3.0/../../../../riscv64-unknown-elf/lib/rv32imac/ilp32\libc_nano.a(lib_a-wbuf.o)
                0x000000002040186a                __swbuf_r
 .text._write_r
                0x000000002040192a       0x2e c:/freedomstudio/sifive/riscv64-unknown-elf-gcc-8.3.0-2020.04.1/bin/../lib/gcc/riscv64-unknown-elf/8.3.0/../../../../riscv64-unknown-elf/lib/rv32imac/ilp32\libc_nano.a(lib_a-writer.o)
                0x000000002040192a                _write_r
 .text.__swsetup_r
                0x0000000020401958      0x112 c:/freedomstudio/sifive/riscv64-unknown-elf-gcc-8.3.0-2020.04.1/bin/../lib/gcc/riscv64-unknown-elf/8.3.0/../../../../riscv64-unknown-elf/lib/rv32imac/ilp32\libc_nano.a(lib_a-wsetup.o)
                0x0000000020401958                __swsetup_r
 .text._close_r
                0x0000000020401a6a       0x2a c:/freedomstudio/sifive/riscv64-unknown-elf-gcc-8.3.0-2020.04.1/bin/../lib/gcc/riscv64-unknown-elf/8.3.0/../../../../riscv64-unknown-elf/lib/rv32imac/ilp32\libc_nano.a(lib_a-closer.o)
                0x0000000020401a6a                _close_r
 .text.__sflush_r
                0x0000000020401a94      0x14a c:/freedomstudio/sifive/riscv64-unknown-elf-gcc-8.3.0-2020.04.1/bin/../lib/gcc/riscv64-unknown-elf/8.3.0/../../../../riscv64-unknown-elf/lib/rv32imac/ilp32\libc_nano.a(lib_a-fflush.o)
                0x0000000020401a94                __sflush_r
 .text._fflush_r
                0x0000000020401bde       0x66 c:/freedomstudio/sifive/riscv64-unknown-elf-gcc-8.3.0-2020.04.1/bin/../lib/gcc/riscv64-unknown-elf/8.3.0/../../../../riscv64-unknown-elf/lib/rv32imac/ilp32\libc_nano.a(lib_a-fflush.o)
                0x0000000020401bde                _fflush_r
 .text._lseek_r
                0x0000000020401c44       0x2c c:/freedomstudio/sifive/riscv64-unknown-elf-gcc-8.3.0-2020.04.1/bin/../lib/gcc/riscv64-unknown-elf/8.3.0/../../../../riscv64-unknown-elf/lib/rv32imac/ilp32\libc_nano.a(lib_a-lseekr.o)
                0x0000000020401c44                _lseek_r
 .text.__swhatbuf_r
                0x0000000020401c70       0x58 c:/freedomstudio/sifive/riscv64-unknown-elf-gcc-8.3.0-2020.04.1/bin/../lib/gcc/riscv64-unknown-elf/8.3.0/../../../../riscv64-unknown-elf/lib/rv32imac/ilp32\libc_nano.a(lib_a-makebuf.o)
                0x0000000020401c70                __swhatbuf_r
 .text.__smakebuf_r
                0x0000000020401cc8       0x9e c:/freedomstudio/sifive/riscv64-unknown-elf-gcc-8.3.0-2020.04.1/bin/../lib/gcc/riscv64-unknown-elf/8.3.0/../../../../riscv64-unknown-elf/lib/rv32imac/ilp32\libc_nano.a(lib_a-makebuf.o)
                0x0000000020401cc8                __smakebuf_r
 .text.memchr   0x0000000020401d66       0x1a c:/freedomstudio/sifive/riscv64-unknown-elf-gcc-8.3.0-2020.04.1/bin/../lib/gcc/riscv64-unknown-elf/8.3.0/../../../../riscv64-unknown-elf/lib/rv32imac/ilp32\libc_nano.a(lib_a-memchr.o)
                0x0000000020401d66                memchr
 .text.__malloc_lock
                0x0000000020401d80        0x2 c:/freedomstudio/sifive/riscv64-unknown-elf-gcc-8.3.0-2020.04.1/bin/../lib/gcc/riscv64-unknown-elf/8.3.0/../../../../riscv64-unknown-elf/lib/rv32imac/ilp32\libc_nano.a(lib_a-mlock.o)
                0x0000000020401d80                __malloc_lock
 .text.__malloc_unlock
                0x0000000020401d82        0x2 c:/freedomstudio/sifive/riscv64-unknown-elf-gcc-8.3.0-2020.04.1/bin/../lib/gcc/riscv64-unknown-elf/8.3.0/../../../../riscv64-unknown-elf/lib/rv32imac/ilp32\libc_nano.a(lib_a-mlock.o)
                0x0000000020401d82                __malloc_unlock
 .text._free_r  0x0000000020401d84       0xac c:/freedomstudio/sifive/riscv64-unknown-elf-gcc-8.3.0-2020.04.1/bin/../lib/gcc/riscv64-unknown-elf/8.3.0/../../../../riscv64-unknown-elf/lib/rv32imac/ilp32\libc_nano.a(lib_a-nano-freer.o)
                0x0000000020401d84                _free_r
 .text._printf_common
                0x0000000020401e30      0x10c c:/freedomstudio/sifive/riscv64-unknown-elf-gcc-8.3.0-2020.04.1/bin/../lib/gcc/riscv64-unknown-elf/8.3.0/../../../../riscv64-unknown-elf/lib/rv32imac/ilp32\libc_nano.a(lib_a-nano-vfprintf_i.o)
                0x0000000020401e30                _printf_common
 .text._printf_i
                0x0000000020401f3c      0x2a2 c:/freedomstudio/sifive/riscv64-unknown-elf-gcc-8.3.0-2020.04.1/bin/../lib/gcc/riscv64-unknown-elf/8.3.0/../../../../riscv64-unknown-elf/lib/rv32imac/ilp32\libc_nano.a(lib_a-nano-vfprintf_i.o)
                0x0000000020401f3c                _printf_i
 .text._read_r  0x00000000204021de       0x2c c:/freedomstudio/sifive/riscv64-unknown-elf-gcc-8.3.0-2020.04.1/bin/../lib/gcc/riscv64-unknown-elf/8.3.0/../../../../riscv64-unknown-elf/lib/rv32imac/ilp32\libc_nano.a(lib_a-readr.o)
                0x00000000204021de                _read_r
 .text._fstat_r
                0x000000002040220a       0x2a c:/freedomstudio/sifive/riscv64-unknown-elf-gcc-8.3.0-2020.04.1/bin/../lib/gcc/riscv64-unknown-elf/8.3.0/../../../../riscv64-unknown-elf/lib/rv32imac/ilp32\libc_nano.a(lib_a-fstatr.o)
                0x000000002040220a                _fstat_r
 .text._isatty_r
                0x0000000020402234       0x28 c:/freedomstudio/sifive/riscv64-unknown-elf-gcc-8.3.0-2020.04.1/bin/../lib/gcc/riscv64-unknown-elf/8.3.0/../../../../riscv64-unknown-elf/lib/rv32imac/ilp32\libc_nano.a(lib_a-isattyr.o)
                0x0000000020402234                _isatty_r
 .text._close   0x000000002040225c       0x22 C:/Users/YoungBeom/wsFreedomStudio/qemu_sifive_e31_hello/bsp/install/lib/debug/\libmetal-gloss.a(sys_close.o)
                0x000000002040225c                _close
 .text._fstat   0x000000002040227e       0x26 C:/Users/YoungBeom/wsFreedomStudio/qemu_sifive_e31_hello/bsp/install/lib/debug/\libmetal-gloss.a(sys_fstat.o)
                0x000000002040227e                _fstat
 .text._isatty  0x00000000204022a4       0x20 C:/Users/YoungBeom/wsFreedomStudio/qemu_sifive_e31_hello/bsp/install/lib/debug/\libmetal-gloss.a(sys_isatty.o)
                0x00000000204022a4                _isatty
 .text._lseek   0x00000000204022c4       0x2a C:/Users/YoungBeom/wsFreedomStudio/qemu_sifive_e31_hello/bsp/install/lib/debug/\libmetal-gloss.a(sys_lseek.o)
                0x00000000204022c4                _lseek
 .text._read    0x00000000204022ee       0x2a C:/Users/YoungBeom/wsFreedomStudio/qemu_sifive_e31_hello/bsp/install/lib/debug/\libmetal-gloss.a(sys_read.o)
                0x00000000204022ee                _read
 .text._sbrk    0x0000000020402318       0x6e C:/Users/YoungBeom/wsFreedomStudio/qemu_sifive_e31_hello/bsp/install/lib/debug/\libmetal-gloss.a(sys_sbrk.o)
                0x0000000020402318                _sbrk
 .text._write   0x0000000020402386       0x6e C:/Users/YoungBeom/wsFreedomStudio/qemu_sifive_e31_hello/bsp/install/lib/debug/\libmetal-gloss.a(sys_write.o)
                0x0000000020402386                _write
                0x0000000020402386                write
 .text.atexit   0x00000000204023f4        0xa c:/freedomstudio/sifive/riscv64-unknown-elf-gcc-8.3.0-2020.04.1/bin/../lib/gcc/riscv64-unknown-elf/8.3.0/../../../../riscv64-unknown-elf/lib/rv32imac/ilp32\libc_nano.a(lib_a-atexit.o)
                0x00000000204023f4                atexit
 .text.__errno  0x00000000204023fe        0xc c:/freedomstudio/sifive/riscv64-unknown-elf-gcc-8.3.0-2020.04.1/bin/../lib/gcc/riscv64-unknown-elf/8.3.0/../../../../riscv64-unknown-elf/lib/rv32imac/ilp32\libc_nano.a(lib_a-errno.o)
                0x00000000204023fe                __errno
 .text.exit     0x000000002040240a       0x2c c:/freedomstudio/sifive/riscv64-unknown-elf-gcc-8.3.0-2020.04.1/bin/../lib/gcc/riscv64-unknown-elf/8.3.0/../../../../riscv64-unknown-elf/lib/rv32imac/ilp32\libc_nano.a(lib_a-exit.o)
                0x000000002040240a                exit
 .text.__libc_fini_array
                0x0000000020402436       0x38 c:/freedomstudio/sifive/riscv64-unknown-elf-gcc-8.3.0-2020.04.1/bin/../lib/gcc/riscv64-unknown-elf/8.3.0/../../../../riscv64-unknown-elf/lib/rv32imac/ilp32\libc_nano.a(lib_a-fini.o)
                0x0000000020402436                __libc_fini_array
 .text.__libc_init_array
                0x000000002040246e       0x6a c:/freedomstudio/sifive/riscv64-unknown-elf-gcc-8.3.0-2020.04.1/bin/../lib/gcc/riscv64-unknown-elf/8.3.0/../../../../riscv64-unknown-elf/lib/rv32imac/ilp32\libc_nano.a(lib_a-init.o)
                0x000000002040246e                __libc_init_array
 .text.__register_exitproc
                0x00000000204024d8       0x88 c:/freedomstudio/sifive/riscv64-unknown-elf-gcc-8.3.0-2020.04.1/bin/../lib/gcc/riscv64-unknown-elf/8.3.0/../../../../riscv64-unknown-elf/lib/rv32imac/ilp32\libc_nano.a(lib_a-__atexit.o)
                0x00000000204024d8                __register_exitproc
 .text.__call_exitprocs
                0x0000000020402560       0xc8 c:/freedomstudio/sifive/riscv64-unknown-elf-gcc-8.3.0-2020.04.1/bin/../lib/gcc/riscv64-unknown-elf/8.3.0/../../../../riscv64-unknown-elf/lib/rv32imac/ilp32\libc_nano.a(lib_a-__call_atexit.o)
                0x0000000020402560                __call_exitprocs
 .text.metal_init
                0x0000000020402628       0x78 C:/Users/YoungBeom/wsFreedomStudio/qemu_sifive_e31_hello/bsp/install/lib/debug/\libmetal.a(init.o)
                0x0000000020402628                metal_init
 .text.metal_fini
                0x00000000204026a0       0x78 C:/Users/YoungBeom/wsFreedomStudio/qemu_sifive_e31_hello/bsp/install/lib/debug/\libmetal.a(init.o)
                0x00000000204026a0                metal_fini
 .text.metal_init_run
                0x0000000020402718       0x14 C:/Users/YoungBeom/wsFreedomStudio/qemu_sifive_e31_hello/bsp/install/lib/debug/\libmetal.a(init.o)
                0x0000000020402718                metal_init_run
 .text.metal_fini_run
                0x000000002040272c       0x14 C:/Users/YoungBeom/wsFreedomStudio/qemu_sifive_e31_hello/bsp/install/lib/debug/\libmetal.a(init.o)
                0x000000002040272c                metal_fini_run
 .text.metal_tty_putc
                0x0000000020402740       0x2c C:/Users/YoungBeom/wsFreedomStudio/qemu_sifive_e31_hello/bsp/install/lib/debug/\libmetal.a(tty.o)
                0x0000000020402740                metal_tty_putc
 .text.metal_tty_putc_raw
                0x000000002040276c       0x26 C:/Users/YoungBeom/wsFreedomStudio/qemu_sifive_e31_hello/bsp/install/lib/debug/\libmetal.a(tty.o)
                0x000000002040276c                metal_tty_putc_raw
 .text.metal_uart_init
                0x0000000020402792       0x2c C:/Users/YoungBeom/wsFreedomStudio/qemu_sifive_e31_hello/bsp/install/lib/debug/\libmetal.a(uart.o)
                0x0000000020402792                metal_uart_init
 .text.metal_uart_putc
                0x00000000204027be       0x2e C:/Users/YoungBeom/wsFreedomStudio/qemu_sifive_e31_hello/bsp/install/lib/debug/\libmetal.a(uart.o)
                0x00000000204027be                metal_uart_putc
 .text.metal_uart_set_baud_rate
                0x00000000204027ec       0x2e C:/Users/YoungBeom/wsFreedomStudio/qemu_sifive_e31_hello/bsp/install/lib/debug/\libmetal.a(uart.o)
                0x00000000204027ec                metal_uart_set_baud_rate
 .text.__metal_driver_sifive_clint0_control_base
                0x000000002040281a       0x26 C:/Users/YoungBeom/wsFreedomStudio/qemu_sifive_e31_hello/bsp/install/lib/debug/\libmetal.a(riscv_clint0.o)
 .text.__metal_driver_sifive_clint0_num_interrupts
                0x0000000020402840       0x24 C:/Users/YoungBeom/wsFreedomStudio/qemu_sifive_e31_hello/bsp/install/lib/debug/\libmetal.a(riscv_clint0.o)
 .text.__metal_driver_sifive_clint0_interrupt_parents
                0x0000000020402864       0x3c C:/Users/YoungBeom/wsFreedomStudio/qemu_sifive_e31_hello/bsp/install/lib/debug/\libmetal.a(riscv_clint0.o)
 .text.__metal_driver_sifive_clint0_interrupt_lines
                0x00000000204028a0       0x30 C:/Users/YoungBeom/wsFreedomStudio/qemu_sifive_e31_hello/bsp/install/lib/debug/\libmetal.a(riscv_clint0.o)
 .text.__metal_clint0_mtime_get
                0x00000000204028d0       0x9a C:/Users/YoungBeom/wsFreedomStudio/qemu_sifive_e31_hello/bsp/install/lib/debug/\libmetal.a(riscv_clint0.o)
                0x00000000204028d0                __metal_clint0_mtime_get
 .text.__metal_driver_riscv_clint0_mtimecmp_set
                0x000000002040296a       0x96 C:/Users/YoungBeom/wsFreedomStudio/qemu_sifive_e31_hello/bsp/install/lib/debug/\libmetal.a(riscv_clint0.o)
                0x000000002040296a                __metal_driver_riscv_clint0_mtimecmp_set
 .text._get_cpu_intc
                0x0000000020402a00       0x36 C:/Users/YoungBeom/wsFreedomStudio/qemu_sifive_e31_hello/bsp/install/lib/debug/\libmetal.a(riscv_clint0.o)
 .text.__metal_driver_riscv_clint0_init
                0x0000000020402a36       0x88 C:/Users/YoungBeom/wsFreedomStudio/qemu_sifive_e31_hello/bsp/install/lib/debug/\libmetal.a(riscv_clint0.o)
                0x0000000020402a36                __metal_driver_riscv_clint0_init
 .text.__metal_driver_riscv_clint0_register
                0x0000000020402abe       0xda C:/Users/YoungBeom/wsFreedomStudio/qemu_sifive_e31_hello/bsp/install/lib/debug/\libmetal.a(riscv_clint0.o)
                0x0000000020402abe                __metal_driver_riscv_clint0_register
 .text.__metal_driver_riscv_clint0_vector_register
                0x0000000020402b98       0x28 C:/Users/YoungBeom/wsFreedomStudio/qemu_sifive_e31_hello/bsp/install/lib/debug/\libmetal.a(riscv_clint0.o)
                0x0000000020402b98                __metal_driver_riscv_clint0_vector_register
 .text.__metal_driver_riscv_clint0_get_vector_mode
                0x0000000020402bc0       0x1c C:/Users/YoungBeom/wsFreedomStudio/qemu_sifive_e31_hello/bsp/install/lib/debug/\libmetal.a(riscv_clint0.o)
                0x0000000020402bc0                __metal_driver_riscv_clint0_get_vector_mode
 .text.__metal_driver_riscv_clint0_set_vector_mode
                0x0000000020402bdc       0x58 C:/Users/YoungBeom/wsFreedomStudio/qemu_sifive_e31_hello/bsp/install/lib/debug/\libmetal.a(riscv_clint0.o)
                0x0000000020402bdc                __metal_driver_riscv_clint0_set_vector_mode
 .text.__metal_driver_riscv_clint0_enable
                0x0000000020402c34       0xb2 C:/Users/YoungBeom/wsFreedomStudio/qemu_sifive_e31_hello/bsp/install/lib/debug/\libmetal.a(riscv_clint0.o)
                0x0000000020402c34                __metal_driver_riscv_clint0_enable
 .text.__metal_driver_riscv_clint0_disable
                0x0000000020402ce6       0xb2 C:/Users/YoungBeom/wsFreedomStudio/qemu_sifive_e31_hello/bsp/install/lib/debug/\libmetal.a(riscv_clint0.o)
                0x0000000020402ce6                __metal_driver_riscv_clint0_disable
 .text.__metal_driver_riscv_clint0_command_request
                0x0000000020402d98      0x132 C:/Users/YoungBeom/wsFreedomStudio/qemu_sifive_e31_hello/bsp/install/lib/debug/\libmetal.a(riscv_clint0.o)
                0x0000000020402d98                __metal_driver_riscv_clint0_command_request
 .text.__metal_driver_riscv_clint0_clear_interrupt
                0x0000000020402eca       0x34 C:/Users/YoungBeom/wsFreedomStudio/qemu_sifive_e31_hello/bsp/install/lib/debug/\libmetal.a(riscv_clint0.o)
                0x0000000020402eca                __metal_driver_riscv_clint0_clear_interrupt
 .text.__metal_driver_riscv_clint0_set_interrupt
                0x0000000020402efe       0x34 C:/Users/YoungBeom/wsFreedomStudio/qemu_sifive_e31_hello/bsp/install/lib/debug/\libmetal.a(riscv_clint0.o)
                0x0000000020402efe                __metal_driver_riscv_clint0_set_interrupt
 .text.__metal_driver_cpu_hartid
                0x0000000020402f32       0x24 C:/Users/YoungBeom/wsFreedomStudio/qemu_sifive_e31_hello/bsp/install/lib/debug/\libmetal.a(riscv_cpu.o)
 .text.__metal_driver_cpu_timebase
                0x0000000020402f56       0x2a C:/Users/YoungBeom/wsFreedomStudio/qemu_sifive_e31_hello/bsp/install/lib/debug/\libmetal.a(riscv_cpu.o)
 .text.__metal_driver_cpu_interrupt_controller
                0x0000000020402f80       0x2a C:/Users/YoungBeom/wsFreedomStudio/qemu_sifive_e31_hello/bsp/install/lib/debug/\libmetal.a(riscv_cpu.o)
 .text.__metal_driver_cpu_buserror
                0x0000000020402faa       0x24 C:/Users/YoungBeom/wsFreedomStudio/qemu_sifive_e31_hello/bsp/install/lib/debug/\libmetal.a(riscv_cpu.o)
 .text.__metal_driver_cpu_get
                0x0000000020402fce       0x2c C:/Users/YoungBeom/wsFreedomStudio/qemu_sifive_e31_hello/bsp/install/lib/debug/\libmetal.a(riscv_cpu.o)
                0x0000000020402fce                __metal_driver_cpu_get
 .text.__metal_myhart_id
                0x0000000020402ffa       0x1a C:/Users/YoungBeom/wsFreedomStudio/qemu_sifive_e31_hello/bsp/install/lib/debug/\libmetal.a(riscv_cpu.o)
                0x0000000020402ffa                __metal_myhart_id
 .text.__metal_interrupt_global_enable
                0x0000000020403014       0x18 C:/Users/YoungBeom/wsFreedomStudio/qemu_sifive_e31_hello/bsp/install/lib/debug/\libmetal.a(riscv_cpu.o)
                0x0000000020403014                __metal_interrupt_global_enable
 .text.__metal_interrupt_global_disable
                0x000000002040302c       0x18 C:/Users/YoungBeom/wsFreedomStudio/qemu_sifive_e31_hello/bsp/install/lib/debug/\libmetal.a(riscv_cpu.o)
                0x000000002040302c                __metal_interrupt_global_disable
 .text.__metal_interrupt_software_enable
                0x0000000020403044       0x18 C:/Users/YoungBeom/wsFreedomStudio/qemu_sifive_e31_hello/bsp/install/lib/debug/\libmetal.a(riscv_cpu.o)
                0x0000000020403044                __metal_interrupt_software_enable
 .text.__metal_interrupt_software_disable
                0x000000002040305c       0x18 C:/Users/YoungBeom/wsFreedomStudio/qemu_sifive_e31_hello/bsp/install/lib/debug/\libmetal.a(riscv_cpu.o)
                0x000000002040305c                __metal_interrupt_software_disable
 .text.__metal_interrupt_timer_enable
                0x0000000020403074       0x1a C:/Users/YoungBeom/wsFreedomStudio/qemu_sifive_e31_hello/bsp/install/lib/debug/\libmetal.a(riscv_cpu.o)
                0x0000000020403074                __metal_interrupt_timer_enable
 .text.__metal_interrupt_timer_disable
                0x000000002040308e       0x1a C:/Users/YoungBeom/wsFreedomStudio/qemu_sifive_e31_hello/bsp/install/lib/debug/\libmetal.a(riscv_cpu.o)
                0x000000002040308e                __metal_interrupt_timer_disable
 .text.__metal_interrupt_external_enable
                0x00000000204030a8       0x1c C:/Users/YoungBeom/wsFreedomStudio/qemu_sifive_e31_hello/bsp/install/lib/debug/\libmetal.a(riscv_cpu.o)
                0x00000000204030a8                __metal_interrupt_external_enable
 .text.__metal_interrupt_external_disable
                0x00000000204030c4       0x1c C:/Users/YoungBeom/wsFreedomStudio/qemu_sifive_e31_hello/bsp/install/lib/debug/\libmetal.a(riscv_cpu.o)
                0x00000000204030c4                __metal_interrupt_external_disable
 .text.__metal_interrupt_local_enable
                0x00000000204030e0       0x2c C:/Users/YoungBeom/wsFreedomStudio/qemu_sifive_e31_hello/bsp/install/lib/debug/\libmetal.a(riscv_cpu.o)
                0x00000000204030e0                __metal_interrupt_local_enable
 .text.__metal_interrupt_local_disable
                0x000000002040310c       0x2c C:/Users/YoungBeom/wsFreedomStudio/qemu_sifive_e31_hello/bsp/install/lib/debug/\libmetal.a(riscv_cpu.o)
                0x000000002040310c                __metal_interrupt_local_disable
 .text.__metal_default_exception_handler
                0x0000000020403138       0x18 C:/Users/YoungBeom/wsFreedomStudio/qemu_sifive_e31_hello/bsp/install/lib/debug/\libmetal.a(riscv_cpu.o)
                0x0000000020403138                __metal_default_exception_handler
 .text.__metal_default_interrupt_handler
                0x0000000020403150       0x18 C:/Users/YoungBeom/wsFreedomStudio/qemu_sifive_e31_hello/bsp/install/lib/debug/\libmetal.a(riscv_cpu.o)
                0x0000000020403150                __metal_default_interrupt_handler
 .text.metal_interrupt_vector_handler
                0x0000000020403168       0x2e C:/Users/YoungBeom/wsFreedomStudio/qemu_sifive_e31_hello/bsp/install/lib/debug/\libmetal.a(riscv_cpu.o)
                0x0000000020403168                metal_interrupt_vector_handler
 .text.metal_software_interrupt_vector_handler
                0x0000000020403196       0x8e C:/Users/YoungBeom/wsFreedomStudio/qemu_sifive_e31_hello/bsp/install/lib/debug/\libmetal.a(riscv_cpu.o)
                0x0000000020403196                metal_software_interrupt_vector_handler
 .text.__metal_default_sw_handler
                0x0000000020403224       0x64 C:/Users/YoungBeom/wsFreedomStudio/qemu_sifive_e31_hello/bsp/install/lib/debug/\libmetal.a(riscv_cpu.o)
                0x0000000020403224                __metal_default_sw_handler
 .text.metal_timer_interrupt_vector_handler
                0x0000000020403288       0x8e C:/Users/YoungBeom/wsFreedomStudio/qemu_sifive_e31_hello/bsp/install/lib/debug/\libmetal.a(riscv_cpu.o)
                0x0000000020403288                metal_timer_interrupt_vector_handler
 .text.__metal_default_beu_handler
                0x0000000020403316       0x16 C:/Users/YoungBeom/wsFreedomStudio/qemu_sifive_e31_hello/bsp/install/lib/debug/\libmetal.a(riscv_cpu.o)
                0x0000000020403316                __metal_default_beu_handler
 .text.__metal_default_timer_handler
                0x000000002040332c       0x66 C:/Users/YoungBeom/wsFreedomStudio/qemu_sifive_e31_hello/bsp/install/lib/debug/\libmetal.a(riscv_cpu.o)
                0x000000002040332c                __metal_default_timer_handler
 *fill*         0x0000000020403392       0x6e 
 .text.__metal_exception_handler
                0x0000000020403400      0x1f4 C:/Users/YoungBeom/wsFreedomStudio/qemu_sifive_e31_hello/bsp/install/lib/debug/\libmetal.a(riscv_cpu.o)
                0x0000000020403400                __metal_exception_handler
 .text.metal_lc0_interrupt_vector_handler
                0x00000000204035f4       0x92 C:/Users/YoungBeom/wsFreedomStudio/qemu_sifive_e31_hello/bsp/install/lib/debug/\libmetal.a(riscv_cpu.o)
                0x00000000204035f4                metal_lc0_interrupt_vector_handler
 .text.metal_lc1_interrupt_vector_handler
                0x0000000020403686       0x92 C:/Users/YoungBeom/wsFreedomStudio/qemu_sifive_e31_hello/bsp/install/lib/debug/\libmetal.a(riscv_cpu.o)
                0x0000000020403686                metal_lc1_interrupt_vector_handler
 .text.metal_lc2_interrupt_vector_handler
                0x0000000020403718       0x92 C:/Users/YoungBeom/wsFreedomStudio/qemu_sifive_e31_hello/bsp/install/lib/debug/\libmetal.a(riscv_cpu.o)
                0x0000000020403718                metal_lc2_interrupt_vector_handler
 .text.metal_lc3_interrupt_vector_handler
                0x00000000204037aa       0x92 C:/Users/YoungBeom/wsFreedomStudio/qemu_sifive_e31_hello/bsp/install/lib/debug/\libmetal.a(riscv_cpu.o)
                0x00000000204037aa                metal_lc3_interrupt_vector_handler
 .text.metal_lc4_interrupt_vector_handler
                0x000000002040383c       0x92 C:/Users/YoungBeom/wsFreedomStudio/qemu_sifive_e31_hello/bsp/install/lib/debug/\libmetal.a(riscv_cpu.o)
                0x000000002040383c                metal_lc4_interrupt_vector_handler
 .text.metal_lc5_interrupt_vector_handler
                0x00000000204038ce       0x92 C:/Users/YoungBeom/wsFreedomStudio/qemu_sifive_e31_hello/bsp/install/lib/debug/\libmetal.a(riscv_cpu.o)
                0x00000000204038ce                metal_lc5_interrupt_vector_handler
 .text.metal_lc6_interrupt_vector_handler
                0x0000000020403960       0x92 C:/Users/YoungBeom/wsFreedomStudio/qemu_sifive_e31_hello/bsp/install/lib/debug/\libmetal.a(riscv_cpu.o)
                0x0000000020403960                metal_lc6_interrupt_vector_handler
 .text.metal_lc7_interrupt_vector_handler
                0x00000000204039f2       0x92 C:/Users/YoungBeom/wsFreedomStudio/qemu_sifive_e31_hello/bsp/install/lib/debug/\libmetal.a(riscv_cpu.o)
                0x00000000204039f2                metal_lc7_interrupt_vector_handler
 .text.metal_lc8_interrupt_vector_handler
                0x0000000020403a84       0x92 C:/Users/YoungBeom/wsFreedomStudio/qemu_sifive_e31_hello/bsp/install/lib/debug/\libmetal.a(riscv_cpu.o)
                0x0000000020403a84                metal_lc8_interrupt_vector_handler
 .text.metal_lc9_interrupt_vector_handler
                0x0000000020403b16       0x92 C:/Users/YoungBeom/wsFreedomStudio/qemu_sifive_e31_hello/bsp/install/lib/debug/\libmetal.a(riscv_cpu.o)
                0x0000000020403b16                metal_lc9_interrupt_vector_handler
 .text.metal_lc10_interrupt_vector_handler
                0x0000000020403ba8       0x92 C:/Users/YoungBeom/wsFreedomStudio/qemu_sifive_e31_hello/bsp/install/lib/debug/\libmetal.a(riscv_cpu.o)
                0x0000000020403ba8                metal_lc10_interrupt_vector_handler
 .text.metal_lc11_interrupt_vector_handler
                0x0000000020403c3a       0x92 C:/Users/YoungBeom/wsFreedomStudio/qemu_sifive_e31_hello/bsp/install/lib/debug/\libmetal.a(riscv_cpu.o)
                0x0000000020403c3a                metal_lc11_interrupt_vector_handler
 .text.metal_lc12_interrupt_vector_handler
                0x0000000020403ccc       0x92 C:/Users/YoungBeom/wsFreedomStudio/qemu_sifive_e31_hello/bsp/install/lib/debug/\libmetal.a(riscv_cpu.o)
                0x0000000020403ccc                metal_lc12_interrupt_vector_handler
 .text.metal_lc13_interrupt_vector_handler
                0x0000000020403d5e       0x92 C:/Users/YoungBeom/wsFreedomStudio/qemu_sifive_e31_hello/bsp/install/lib/debug/\libmetal.a(riscv_cpu.o)
                0x0000000020403d5e                metal_lc13_interrupt_vector_handler
 .text.metal_lc14_interrupt_vector_handler
                0x0000000020403df0       0x92 C:/Users/YoungBeom/wsFreedomStudio/qemu_sifive_e31_hello/bsp/install/lib/debug/\libmetal.a(riscv_cpu.o)
                0x0000000020403df0                metal_lc14_interrupt_vector_handler
 .text.metal_lc15_interrupt_vector_handler
                0x0000000020403e82       0x92 C:/Users/YoungBeom/wsFreedomStudio/qemu_sifive_e31_hello/bsp/install/lib/debug/\libmetal.a(riscv_cpu.o)
                0x0000000020403e82                metal_lc15_interrupt_vector_handler
 .text.__metal_controller_interrupt_vector_mode
                0x0000000020403f14       0x50 C:/Users/YoungBeom/wsFreedomStudio/qemu_sifive_e31_hello/bsp/install/lib/debug/\libmetal.a(riscv_cpu.o)
                0x0000000020403f14                __metal_controller_interrupt_vector_mode
 .text.__metal_controller_interrupt_vector
                0x0000000020403f64       0x98 C:/Users/YoungBeom/wsFreedomStudio/qemu_sifive_e31_hello/bsp/install/lib/debug/\libmetal.a(riscv_cpu.o)
                0x0000000020403f64                __metal_controller_interrupt_vector
 .text.__metal_valid_interrupt_id
                0x0000000020403ffc       0x64 C:/Users/YoungBeom/wsFreedomStudio/qemu_sifive_e31_hello/bsp/install/lib/debug/\libmetal.a(riscv_cpu.o)
                0x0000000020403ffc                __metal_valid_interrupt_id
 .text.__metal_local_interrupt_enable
                0x0000000020404060       0xbc C:/Users/YoungBeom/wsFreedomStudio/qemu_sifive_e31_hello/bsp/install/lib/debug/\libmetal.a(riscv_cpu.o)
                0x0000000020404060                __metal_local_interrupt_enable
 .text.__metal_exception_register
                0x000000002040411c       0x4e C:/Users/YoungBeom/wsFreedomStudio/qemu_sifive_e31_hello/bsp/install/lib/debug/\libmetal.a(riscv_cpu.o)
                0x000000002040411c                __metal_exception_register
 .text.__metal_driver_riscv_cpu_controller_interrupt_init
                0x000000002040416a       0xe2 C:/Users/YoungBeom/wsFreedomStudio/qemu_sifive_e31_hello/bsp/install/lib/debug/\libmetal.a(riscv_cpu.o)
                0x000000002040416a                __metal_driver_riscv_cpu_controller_interrupt_init
 .text.__metal_driver_riscv_cpu_controller_interrupt_register
                0x000000002040424c      0x1d6 C:/Users/YoungBeom/wsFreedomStudio/qemu_sifive_e31_hello/bsp/install/lib/debug/\libmetal.a(riscv_cpu.o)
                0x000000002040424c                __metal_driver_riscv_cpu_controller_interrupt_register
 .text.__metal_driver_riscv_cpu_controller_interrupt_enable
                0x0000000020404422       0x2a C:/Users/YoungBeom/wsFreedomStudio/qemu_sifive_e31_hello/bsp/install/lib/debug/\libmetal.a(riscv_cpu.o)
                0x0000000020404422                __metal_driver_riscv_cpu_controller_interrupt_enable
 .text.__metal_driver_riscv_cpu_controller_interrupt_disable
                0x000000002040444c       0x2c C:/Users/YoungBeom/wsFreedomStudio/qemu_sifive_e31_hello/bsp/install/lib/debug/\libmetal.a(riscv_cpu.o)
                0x000000002040444c                __metal_driver_riscv_cpu_controller_interrupt_disable
 .text.__metal_driver_riscv_cpu_controller_get_vector_mode
                0x0000000020404478       0x1c C:/Users/YoungBeom/wsFreedomStudio/qemu_sifive_e31_hello/bsp/install/lib/debug/\libmetal.a(riscv_cpu.o)
                0x0000000020404478                __metal_driver_riscv_cpu_controller_get_vector_mode
 .text.__metal_driver_riscv_cpu_controller_set_vector_mode
                0x0000000020404494       0x54 C:/Users/YoungBeom/wsFreedomStudio/qemu_sifive_e31_hello/bsp/install/lib/debug/\libmetal.a(riscv_cpu.o)
                0x0000000020404494                __metal_driver_riscv_cpu_controller_set_vector_mode
 .text.__metal_driver_riscv_cpu_controller_command_request
                0x00000000204044e8       0x1c C:/Users/YoungBeom/wsFreedomStudio/qemu_sifive_e31_hello/bsp/install/lib/debug/\libmetal.a(riscv_cpu.o)
                0x00000000204044e8                __metal_driver_riscv_cpu_controller_command_request
 .text.__metal_driver_cpu_mcycle_get
                0x0000000020404504       0x72 C:/Users/YoungBeom/wsFreedomStudio/qemu_sifive_e31_hello/bsp/install/lib/debug/\libmetal.a(riscv_cpu.o)
                0x0000000020404504                __metal_driver_cpu_mcycle_get
 .text.__metal_driver_cpu_timebase_get
                0x0000000020404576       0x46 C:/Users/YoungBeom/wsFreedomStudio/qemu_sifive_e31_hello/bsp/install/lib/debug/\libmetal.a(riscv_cpu.o)
                0x0000000020404576                __metal_driver_cpu_timebase_get
 .text.__metal_driver_cpu_mtime_get
                0x00000000204045bc       0x66 C:/Users/YoungBeom/wsFreedomStudio/qemu_sifive_e31_hello/bsp/install/lib/debug/\libmetal.a(riscv_cpu.o)
                0x00000000204045bc                __metal_driver_cpu_mtime_get
 .text.__metal_driver_cpu_mtimecmp_set
                0x0000000020404622       0x76 C:/Users/YoungBeom/wsFreedomStudio/qemu_sifive_e31_hello/bsp/install/lib/debug/\libmetal.a(riscv_cpu.o)
                0x0000000020404622                __metal_driver_cpu_mtimecmp_set
 .text.__metal_driver_cpu_timer_controller_interrupt
                0x0000000020404698       0x16 C:/Users/YoungBeom/wsFreedomStudio/qemu_sifive_e31_hello/bsp/install/lib/debug/\libmetal.a(riscv_cpu.o)
                0x0000000020404698                __metal_driver_cpu_timer_controller_interrupt
 .text.__metal_driver_cpu_get_timer_interrupt_id
                0x00000000204046ae       0x14 C:/Users/YoungBeom/wsFreedomStudio/qemu_sifive_e31_hello/bsp/install/lib/debug/\libmetal.a(riscv_cpu.o)
                0x00000000204046ae                __metal_driver_cpu_get_timer_interrupt_id
 .text.__metal_driver_cpu_sw_controller_interrupt
                0x00000000204046c2       0x16 C:/Users/YoungBeom/wsFreedomStudio/qemu_sifive_e31_hello/bsp/install/lib/debug/\libmetal.a(riscv_cpu.o)
                0x00000000204046c2                __metal_driver_cpu_sw_controller_interrupt
 .text.__metal_driver_cpu_get_sw_interrupt_id
                0x00000000204046d8       0x14 C:/Users/YoungBeom/wsFreedomStudio/qemu_sifive_e31_hello/bsp/install/lib/debug/\libmetal.a(riscv_cpu.o)
                0x00000000204046d8                __metal_driver_cpu_get_sw_interrupt_id
 .text.__metal_driver_cpu_set_sw_ipi
                0x00000000204046ec       0x62 C:/Users/YoungBeom/wsFreedomStudio/qemu_sifive_e31_hello/bsp/install/lib/debug/\libmetal.a(riscv_cpu.o)
                0x00000000204046ec                __metal_driver_cpu_set_sw_ipi
 .text.__metal_driver_cpu_clear_sw_ipi
                0x000000002040474e       0x62 C:/Users/YoungBeom/wsFreedomStudio/qemu_sifive_e31_hello/bsp/install/lib/debug/\libmetal.a(riscv_cpu.o)
                0x000000002040474e                __metal_driver_cpu_clear_sw_ipi
 .text.__metal_driver_cpu_get_msip
                0x00000000204047b0       0x60 C:/Users/YoungBeom/wsFreedomStudio/qemu_sifive_e31_hello/bsp/install/lib/debug/\libmetal.a(riscv_cpu.o)
                0x00000000204047b0                __metal_driver_cpu_get_msip
 .text.__metal_driver_cpu_controller_interrupt
                0x0000000020404810       0x20 C:/Users/YoungBeom/wsFreedomStudio/qemu_sifive_e31_hello/bsp/install/lib/debug/\libmetal.a(riscv_cpu.o)
                0x0000000020404810                __metal_driver_cpu_controller_interrupt
 .text.__metal_driver_cpu_exception_register
                0x0000000020404830       0x46 C:/Users/YoungBeom/wsFreedomStudio/qemu_sifive_e31_hello/bsp/install/lib/debug/\libmetal.a(riscv_cpu.o)
                0x0000000020404830                __metal_driver_cpu_exception_register
 .text.__metal_driver_cpu_get_instruction_length
                0x0000000020404876       0x2e C:/Users/YoungBeom/wsFreedomStudio/qemu_sifive_e31_hello/bsp/install/lib/debug/\libmetal.a(riscv_cpu.o)
                0x0000000020404876                __metal_driver_cpu_get_instruction_length
 .text.__metal_driver_cpu_get_exception_pc
                0x00000000204048a4       0x1e C:/Users/YoungBeom/wsFreedomStudio/qemu_sifive_e31_hello/bsp/install/lib/debug/\libmetal.a(riscv_cpu.o)
                0x00000000204048a4                __metal_driver_cpu_get_exception_pc
 .text.__metal_driver_cpu_set_exception_pc
                0x00000000204048c2       0x20 C:/Users/YoungBeom/wsFreedomStudio/qemu_sifive_e31_hello/bsp/install/lib/debug/\libmetal.a(riscv_cpu.o)
                0x00000000204048c2                __metal_driver_cpu_set_exception_pc
 .text.__metal_driver_cpu_get_buserror
                0x00000000204048e2       0x20 C:/Users/YoungBeom/wsFreedomStudio/qemu_sifive_e31_hello/bsp/install/lib/debug/\libmetal.a(riscv_cpu.o)
                0x00000000204048e2                __metal_driver_cpu_get_buserror
 .text.__metal_driver_sifive_plic0_control_base
                0x0000000020404902       0x2a C:/Users/YoungBeom/wsFreedomStudio/qemu_sifive_e31_hello/bsp/install/lib/debug/\libmetal.a(riscv_plic0.o)
 .text.__metal_driver_sifive_plic0_num_interrupts
                0x000000002040492c       0x28 C:/Users/YoungBeom/wsFreedomStudio/qemu_sifive_e31_hello/bsp/install/lib/debug/\libmetal.a(riscv_plic0.o)
 .text.__metal_driver_sifive_plic0_max_priority
                0x0000000020404954       0x28 C:/Users/YoungBeom/wsFreedomStudio/qemu_sifive_e31_hello/bsp/install/lib/debug/\libmetal.a(riscv_plic0.o)
 .text.__metal_driver_sifive_plic0_interrupt_parents
                0x000000002040497c       0x28 C:/Users/YoungBeom/wsFreedomStudio/qemu_sifive_e31_hello/bsp/install/lib/debug/\libmetal.a(riscv_plic0.o)
 .text.__metal_driver_sifive_plic0_interrupt_lines
                0x00000000204049a4       0x22 C:/Users/YoungBeom/wsFreedomStudio/qemu_sifive_e31_hello/bsp/install/lib/debug/\libmetal.a(riscv_plic0.o)
 .text.__metal_driver_sifive_plic0_context_ids
                0x00000000204049c6       0x1e C:/Users/YoungBeom/wsFreedomStudio/qemu_sifive_e31_hello/bsp/install/lib/debug/\libmetal.a(riscv_plic0.o)
 .text.__metal_plic0_claim_interrupt
                0x00000000204049e4       0x3c C:/Users/YoungBeom/wsFreedomStudio/qemu_sifive_e31_hello/bsp/install/lib/debug/\libmetal.a(riscv_plic0.o)
                0x00000000204049e4                __metal_plic0_claim_interrupt
 .text.__metal_plic0_complete_interrupt
                0x0000000020404a20       0x46 C:/Users/YoungBeom/wsFreedomStudio/qemu_sifive_e31_hello/bsp/install/lib/debug/\libmetal.a(riscv_plic0.o)
                0x0000000020404a20                __metal_plic0_complete_interrupt
 .text.__metal_plic0_set_threshold
                0x0000000020404a66       0x46 C:/Users/YoungBeom/wsFreedomStudio/qemu_sifive_e31_hello/bsp/install/lib/debug/\libmetal.a(riscv_plic0.o)
                0x0000000020404a66                __metal_plic0_set_threshold
 .text.__metal_plic0_get_threshold
                0x0000000020404aac       0x3a C:/Users/YoungBeom/wsFreedomStudio/qemu_sifive_e31_hello/bsp/install/lib/debug/\libmetal.a(riscv_plic0.o)
                0x0000000020404aac                __metal_plic0_get_threshold
 .text.__metal_driver_riscv_plic0_set_priority
                0x0000000020404ae6       0x62 C:/Users/YoungBeom/wsFreedomStudio/qemu_sifive_e31_hello/bsp/install/lib/debug/\libmetal.a(riscv_plic0.o)
                0x0000000020404ae6                __metal_driver_riscv_plic0_set_priority
 .text.__metal_driver_riscv_plic0_get_priority
                0x0000000020404b48       0x34 C:/Users/YoungBeom/wsFreedomStudio/qemu_sifive_e31_hello/bsp/install/lib/debug/\libmetal.a(riscv_plic0.o)
                0x0000000020404b48                __metal_driver_riscv_plic0_get_priority
 .text.__metal_plic0_enable
                0x0000000020404b7c       0xa2 C:/Users/YoungBeom/wsFreedomStudio/qemu_sifive_e31_hello/bsp/install/lib/debug/\libmetal.a(riscv_plic0.o)
                0x0000000020404b7c                __metal_plic0_enable
 .text.__metal_plic0_default_handler
                0x0000000020404c1e       0x18 C:/Users/YoungBeom/wsFreedomStudio/qemu_sifive_e31_hello/bsp/install/lib/debug/\libmetal.a(riscv_plic0.o)
                0x0000000020404c1e                __metal_plic0_default_handler
 .text.__metal_plic0_handler
                0x0000000020404c36       0xa4 C:/Users/YoungBeom/wsFreedomStudio/qemu_sifive_e31_hello/bsp/install/lib/debug/\libmetal.a(riscv_plic0.o)
                0x0000000020404c36                __metal_plic0_handler
 .text.__metal_driver_riscv_plic0_init
                0x0000000020404cda      0x156 C:/Users/YoungBeom/wsFreedomStudio/qemu_sifive_e31_hello/bsp/install/lib/debug/\libmetal.a(riscv_plic0.o)
                0x0000000020404cda                __metal_driver_riscv_plic0_init
 .text.__metal_driver_riscv_plic0_register
                0x0000000020404e30       0xc2 C:/Users/YoungBeom/wsFreedomStudio/qemu_sifive_e31_hello/bsp/install/lib/debug/\libmetal.a(riscv_plic0.o)
                0x0000000020404e30                __metal_driver_riscv_plic0_register
 .text.__metal_driver_riscv_plic0_enable
                0x0000000020404ef2       0x50 C:/Users/YoungBeom/wsFreedomStudio/qemu_sifive_e31_hello/bsp/install/lib/debug/\libmetal.a(riscv_plic0.o)
                0x0000000020404ef2                __metal_driver_riscv_plic0_enable
 .text.__metal_driver_riscv_plic0_disable
                0x0000000020404f42       0x50 C:/Users/YoungBeom/wsFreedomStudio/qemu_sifive_e31_hello/bsp/install/lib/debug/\libmetal.a(riscv_plic0.o)
                0x0000000020404f42                __metal_driver_riscv_plic0_disable
 .text.__metal_driver_riscv_plic0_set_threshold
                0x0000000020404f92       0x30 C:/Users/YoungBeom/wsFreedomStudio/qemu_sifive_e31_hello/bsp/install/lib/debug/\libmetal.a(riscv_plic0.o)
                0x0000000020404f92                __metal_driver_riscv_plic0_set_threshold
 .text.__metal_driver_riscv_plic0_get_threshold
                0x0000000020404fc2       0x28 C:/Users/YoungBeom/wsFreedomStudio/qemu_sifive_e31_hello/bsp/install/lib/debug/\libmetal.a(riscv_plic0.o)
                0x0000000020404fc2                __metal_driver_riscv_plic0_get_threshold
 .text.__metal_driver_riscv_plic0_affinity_enable
                0x0000000020404fea       0x9c C:/Users/YoungBeom/wsFreedomStudio/qemu_sifive_e31_hello/bsp/install/lib/debug/\libmetal.a(riscv_plic0.o)
                0x0000000020404fea                __metal_driver_riscv_plic0_affinity_enable
 .text.__metal_driver_riscv_plic0_affinity_disable
                0x0000000020405086       0x9c C:/Users/YoungBeom/wsFreedomStudio/qemu_sifive_e31_hello/bsp/install/lib/debug/\libmetal.a(riscv_plic0.o)
                0x0000000020405086                __metal_driver_riscv_plic0_affinity_disable
 .text.__metal_driver_riscv_plic0_affinity_set_threshold
                0x0000000020405122       0x74 C:/Users/YoungBeom/wsFreedomStudio/qemu_sifive_e31_hello/bsp/install/lib/debug/\libmetal.a(riscv_plic0.o)
                0x0000000020405122                __metal_driver_riscv_plic0_affinity_set_threshold
 .text.__metal_driver_riscv_plic0_affinity_get_threshold
                0x0000000020405196       0x28 C:/Users/YoungBeom/wsFreedomStudio/qemu_sifive_e31_hello/bsp/install/lib/debug/\libmetal.a(riscv_plic0.o)
                0x0000000020405196                __metal_driver_riscv_plic0_affinity_get_threshold
 .text.__metal_driver_sifive_fe310_g000_hfrosc_ref
                0x00000000204051be       0x1a C:/Users/YoungBeom/wsFreedomStudio/qemu_sifive_e31_hello/bsp/install/lib/debug/\libmetal.a(sifive_fe310-g000_hfrosc.o)
 .text.__metal_driver_sifive_fe310_g000_hfrosc_config_base
                0x00000000204051d8       0x16 C:/Users/YoungBeom/wsFreedomStudio/qemu_sifive_e31_hello/bsp/install/lib/debug/\libmetal.a(sifive_fe310-g000_hfrosc.o)
 .text.__metal_driver_sifive_fe310_g000_hfrosc_config_offset
                0x00000000204051ee       0x14 C:/Users/YoungBeom/wsFreedomStudio/qemu_sifive_e31_hello/bsp/install/lib/debug/\libmetal.a(sifive_fe310-g000_hfrosc.o)
 .text.__metal_driver_sifive_fe310_g000_prci_vtable
                0x0000000020405202       0x12 C:/Users/YoungBeom/wsFreedomStudio/qemu_sifive_e31_hello/bsp/install/lib/debug/\libmetal.a(sifive_fe310-g000_hfrosc.o)
 .text.__metal_driver_sifive_fe310_g000_hfrosc_get_rate_hz
                0x0000000020405214       0x84 C:/Users/YoungBeom/wsFreedomStudio/qemu_sifive_e31_hello/bsp/install/lib/debug/\libmetal.a(sifive_fe310-g000_hfrosc.o)
                0x0000000020405214                __metal_driver_sifive_fe310_g000_hfrosc_get_rate_hz
 .text.__metal_driver_sifive_fe310_g000_hfrosc_set_rate_hz
                0x0000000020405298       0x22 C:/Users/YoungBeom/wsFreedomStudio/qemu_sifive_e31_hello/bsp/install/lib/debug/\libmetal.a(sifive_fe310-g000_hfrosc.o)
                0x0000000020405298                __metal_driver_sifive_fe310_g000_hfrosc_set_rate_hz
 .text.__metal_driver_sifive_fe310_g000_hfxosc_ref
                0x00000000204052ba       0x1a C:/Users/YoungBeom/wsFreedomStudio/qemu_sifive_e31_hello/bsp/install/lib/debug/\libmetal.a(sifive_fe310-g000_hfxosc.o)
 .text.__metal_driver_sifive_fe310_g000_hfxosc_config_base
                0x00000000204052d4       0x16 C:/Users/YoungBeom/wsFreedomStudio/qemu_sifive_e31_hello/bsp/install/lib/debug/\libmetal.a(sifive_fe310-g000_hfxosc.o)
 .text.__metal_driver_sifive_fe310_g000_hfxosc_config_offset
                0x00000000204052ea       0x14 C:/Users/YoungBeom/wsFreedomStudio/qemu_sifive_e31_hello/bsp/install/lib/debug/\libmetal.a(sifive_fe310-g000_hfxosc.o)
 .text.__metal_driver_sifive_fe310_g000_prci_vtable
                0x00000000204052fe       0x12 C:/Users/YoungBeom/wsFreedomStudio/qemu_sifive_e31_hello/bsp/install/lib/debug/\libmetal.a(sifive_fe310-g000_hfxosc.o)
 .text.__metal_driver_sifive_fe310_g000_hfxosc_get_rate_hz
                0x0000000020405310       0x74 C:/Users/YoungBeom/wsFreedomStudio/qemu_sifive_e31_hello/bsp/install/lib/debug/\libmetal.a(sifive_fe310-g000_hfxosc.o)
                0x0000000020405310                __metal_driver_sifive_fe310_g000_hfxosc_get_rate_hz
 .text.__metal_driver_sifive_fe310_g000_hfxosc_set_rate_hz
                0x0000000020405384       0x22 C:/Users/YoungBeom/wsFreedomStudio/qemu_sifive_e31_hello/bsp/install/lib/debug/\libmetal.a(sifive_fe310-g000_hfxosc.o)
                0x0000000020405384                __metal_driver_sifive_fe310_g000_hfxosc_set_rate_hz
 .text.__metal_driver_sifive_fe310_g000_pll_pllsel0
                0x00000000204053a6       0x1a C:/Users/YoungBeom/wsFreedomStudio/qemu_sifive_e31_hello/bsp/install/lib/debug/\libmetal.a(sifive_fe310-g000_pll.o)
 .text.__metal_driver_sifive_fe310_g000_pll_pllref
                0x00000000204053c0       0x1a C:/Users/YoungBeom/wsFreedomStudio/qemu_sifive_e31_hello/bsp/install/lib/debug/\libmetal.a(sifive_fe310-g000_pll.o)
 .text.__metal_driver_sifive_fe310_g000_pll_divider_base
                0x00000000204053da       0x16 C:/Users/YoungBeom/wsFreedomStudio/qemu_sifive_e31_hello/bsp/install/lib/debug/\libmetal.a(sifive_fe310-g000_pll.o)
 .text.__metal_driver_sifive_fe310_g000_pll_divider_offset
                0x00000000204053f0       0x14 C:/Users/YoungBeom/wsFreedomStudio/qemu_sifive_e31_hello/bsp/install/lib/debug/\libmetal.a(sifive_fe310-g000_pll.o)
 .text.__metal_driver_sifive_fe310_g000_pll_config_base
                0x0000000020405404       0x12 C:/Users/YoungBeom/wsFreedomStudio/qemu_sifive_e31_hello/bsp/install/lib/debug/\libmetal.a(sifive_fe310-g000_pll.o)
 .text.__metal_driver_sifive_fe310_g000_pll_config_offset
                0x0000000020405416       0x10 C:/Users/YoungBeom/wsFreedomStudio/qemu_sifive_e31_hello/bsp/install/lib/debug/\libmetal.a(sifive_fe310-g000_pll.o)
 .text.__metal_driver_sifive_fe310_g000_pll_init_rate
                0x0000000020405426       0x16 C:/Users/YoungBeom/wsFreedomStudio/qemu_sifive_e31_hello/bsp/install/lib/debug/\libmetal.a(sifive_fe310-g000_pll.o)
 .text.__metal_driver_sifive_fe310_g000_prci_base
                0x000000002040543c       0x12 C:/Users/YoungBeom/wsFreedomStudio/qemu_sifive_e31_hello/bsp/install/lib/debug/\libmetal.a(sifive_fe310-g000_pll.o)
 .text.__metal_driver_sifive_fe310_g000_prci_vtable
                0x000000002040544e       0x12 C:/Users/YoungBeom/wsFreedomStudio/qemu_sifive_e31_hello/bsp/install/lib/debug/\libmetal.a(sifive_fe310-g000_pll.o)
 .text.get_pll_config_freq
                0x0000000020405460       0x4e C:/Users/YoungBeom/wsFreedomStudio/qemu_sifive_e31_hello/bsp/install/lib/debug/\libmetal.a(sifive_fe310-g000_pll.o)
 .text.__metal_driver_sifive_fe310_g000_pll_init
                0x00000000204054ae       0xa4 C:/Users/YoungBeom/wsFreedomStudio/qemu_sifive_e31_hello/bsp/install/lib/debug/\libmetal.a(sifive_fe310-g000_pll.o)
                0x00000000204054ae                __metal_driver_sifive_fe310_g000_pll_init
 .text.__metal_driver_sifive_fe310_g000_pll_get_rate_hz
                0x0000000020405552      0x170 C:/Users/YoungBeom/wsFreedomStudio/qemu_sifive_e31_hello/bsp/install/lib/debug/\libmetal.a(sifive_fe310-g000_pll.o)
                0x0000000020405552                __metal_driver_sifive_fe310_g000_pll_get_rate_hz
 .text.find_closest_config
                0x00000000204056c2       0xac C:/Users/YoungBeom/wsFreedomStudio/qemu_sifive_e31_hello/bsp/install/lib/debug/\libmetal.a(sifive_fe310-g000_pll.o)
 .text.configure_pll
                0x000000002040576e      0x1a4 C:/Users/YoungBeom/wsFreedomStudio/qemu_sifive_e31_hello/bsp/install/lib/debug/\libmetal.a(sifive_fe310-g000_pll.o)
 .text.__metal_driver_sifive_fe310_g000_pll_set_rate_hz
                0x0000000020405912      0x166 C:/Users/YoungBeom/wsFreedomStudio/qemu_sifive_e31_hello/bsp/install/lib/debug/\libmetal.a(sifive_fe310-g000_pll.o)
                0x0000000020405912                __metal_driver_sifive_fe310_g000_pll_set_rate_hz
 .text.__metal_driver_sifive_fe310_g000_prci_base
                0x0000000020405a78       0x12 C:/Users/YoungBeom/wsFreedomStudio/qemu_sifive_e31_hello/bsp/install/lib/debug/\libmetal.a(sifive_fe310-g000_prci.o)
 .text.__metal_driver_sifive_fe310_g000_prci_get_reg
                0x0000000020405a8a       0x2e C:/Users/YoungBeom/wsFreedomStudio/qemu_sifive_e31_hello/bsp/install/lib/debug/\libmetal.a(sifive_fe310-g000_prci.o)
                0x0000000020405a8a                __metal_driver_sifive_fe310_g000_prci_get_reg
 .text.__metal_driver_sifive_fe310_g000_prci_set_reg
                0x0000000020405ab8       0x38 C:/Users/YoungBeom/wsFreedomStudio/qemu_sifive_e31_hello/bsp/install/lib/debug/\libmetal.a(sifive_fe310-g000_prci.o)
                0x0000000020405ab8                __metal_driver_sifive_fe310_g000_prci_set_reg
 .text.__metal_driver_sifive_gpio0_base
                0x0000000020405af0       0x26 C:/Users/YoungBeom/wsFreedomStudio/qemu_sifive_e31_hello/bsp/install/lib/debug/\libmetal.a(sifive_gpio0.o)
 .text.__metal_driver_sifive_gpio0_interrupt_parent
                0x0000000020405b16       0x2a C:/Users/YoungBeom/wsFreedomStudio/qemu_sifive_e31_hello/bsp/install/lib/debug/\libmetal.a(sifive_gpio0.o)
 .text.__metal_driver_sifive_gpio0_interrupt_lines
                0x0000000020405b40      0x1b4 C:/Users/YoungBeom/wsFreedomStudio/qemu_sifive_e31_hello/bsp/install/lib/debug/\libmetal.a(sifive_gpio0.o)
 .text.__metal_driver_sifive_gpio0_enable_input
                0x0000000020405cf4       0x40 C:/Users/YoungBeom/wsFreedomStudio/qemu_sifive_e31_hello/bsp/install/lib/debug/\libmetal.a(sifive_gpio0.o)
                0x0000000020405cf4                __metal_driver_sifive_gpio0_enable_input
 .text.__metal_driver_sifive_gpio0_disable_input
                0x0000000020405d34       0x46 C:/Users/YoungBeom/wsFreedomStudio/qemu_sifive_e31_hello/bsp/install/lib/debug/\libmetal.a(sifive_gpio0.o)
                0x0000000020405d34                __metal_driver_sifive_gpio0_disable_input
 .text.__metal_driver_sifive_gpio0_input
                0x0000000020405d7a       0x2a C:/Users/YoungBeom/wsFreedomStudio/qemu_sifive_e31_hello/bsp/install/lib/debug/\libmetal.a(sifive_gpio0.o)
                0x0000000020405d7a                __metal_driver_sifive_gpio0_input
 .text.__metal_driver_sifive_gpio0_output
                0x0000000020405da4       0x2c C:/Users/YoungBeom/wsFreedomStudio/qemu_sifive_e31_hello/bsp/install/lib/debug/\libmetal.a(sifive_gpio0.o)
                0x0000000020405da4                __metal_driver_sifive_gpio0_output
 .text.__metal_driver_sifive_gpio0_disable_output
                0x0000000020405dd0       0x46 C:/Users/YoungBeom/wsFreedomStudio/qemu_sifive_e31_hello/bsp/install/lib/debug/\libmetal.a(sifive_gpio0.o)
                0x0000000020405dd0                __metal_driver_sifive_gpio0_disable_output
 .text.__metal_driver_sifive_gpio0_enable_output
                0x0000000020405e16       0x40 C:/Users/YoungBeom/wsFreedomStudio/qemu_sifive_e31_hello/bsp/install/lib/debug/\libmetal.a(sifive_gpio0.o)
                0x0000000020405e16                __metal_driver_sifive_gpio0_enable_output
 .text.__metal_driver_sifive_gpio0_output_set
                0x0000000020405e56       0x40 C:/Users/YoungBeom/wsFreedomStudio/qemu_sifive_e31_hello/bsp/install/lib/debug/\libmetal.a(sifive_gpio0.o)
                0x0000000020405e56                __metal_driver_sifive_gpio0_output_set
 .text.__metal_driver_sifive_gpio0_output_clear
                0x0000000020405e96       0x46 C:/Users/YoungBeom/wsFreedomStudio/qemu_sifive_e31_hello/bsp/install/lib/debug/\libmetal.a(sifive_gpio0.o)
                0x0000000020405e96                __metal_driver_sifive_gpio0_output_clear
 .text.__metal_driver_sifive_gpio0_output_toggle
                0x0000000020405edc       0x40 C:/Users/YoungBeom/wsFreedomStudio/qemu_sifive_e31_hello/bsp/install/lib/debug/\libmetal.a(sifive_gpio0.o)
                0x0000000020405edc                __metal_driver_sifive_gpio0_output_toggle
 .text.__metal_driver_sifive_gpio0_enable_io
                0x0000000020405f1c       0x62 C:/Users/YoungBeom/wsFreedomStudio/qemu_sifive_e31_hello/bsp/install/lib/debug/\libmetal.a(sifive_gpio0.o)
                0x0000000020405f1c                __metal_driver_sifive_gpio0_enable_io
 .text.__metal_driver_sifive_gpio0_disable_io
                0x0000000020405f7e       0x4a C:/Users/YoungBeom/wsFreedomStudio/qemu_sifive_e31_hello/bsp/install/lib/debug/\libmetal.a(sifive_gpio0.o)
                0x0000000020405f7e                __metal_driver_sifive_gpio0_disable_io
 .text.__metal_driver_sifive_gpio0_config_int
                0x0000000020405fc8      0x206 C:/Users/YoungBeom/wsFreedomStudio/qemu_sifive_e31_hello/bsp/install/lib/debug/\libmetal.a(sifive_gpio0.o)
                0x0000000020405fc8                __metal_driver_sifive_gpio0_config_int
 .text.__metal_driver_sifive_gpio0_clear_int
                0x00000000204061ce      0x188 C:/Users/YoungBeom/wsFreedomStudio/qemu_sifive_e31_hello/bsp/install/lib/debug/\libmetal.a(sifive_gpio0.o)
                0x00000000204061ce                __metal_driver_sifive_gpio0_clear_int
 .text.__metal_driver_gpio_interrupt_controller
                0x0000000020406356       0x20 C:/Users/YoungBeom/wsFreedomStudio/qemu_sifive_e31_hello/bsp/install/lib/debug/\libmetal.a(sifive_gpio0.o)
                0x0000000020406356                __metal_driver_gpio_interrupt_controller
 .text.__metal_driver_gpio_get_interrupt_id
                0x0000000020406376       0x2e C:/Users/YoungBeom/wsFreedomStudio/qemu_sifive_e31_hello/bsp/install/lib/debug/\libmetal.a(sifive_gpio0.o)
                0x0000000020406376                __metal_driver_gpio_get_interrupt_id
 .text.__metal_driver_sifive_test0_base
                0x00000000204063a4       0x26 C:/Users/YoungBeom/wsFreedomStudio/qemu_sifive_e31_hello/bsp/install/lib/debug/\libmetal.a(sifive_test0.o)
 .text.__metal_driver_sifive_test0_exit
                0x00000000204063ca       0x4a C:/Users/YoungBeom/wsFreedomStudio/qemu_sifive_e31_hello/bsp/install/lib/debug/\libmetal.a(sifive_test0.o)
                0x00000000204063ca                __metal_driver_sifive_test0_exit
 .text.__metal_driver_sifive_uart0_control_base
                0x0000000020406414       0x2a C:/Users/YoungBeom/wsFreedomStudio/qemu_sifive_e31_hello/bsp/install/lib/debug/\libmetal.a(sifive_uart0.o)
 .text.__metal_driver_sifive_uart0_interrupt_parent
                0x000000002040643e       0x2e C:/Users/YoungBeom/wsFreedomStudio/qemu_sifive_e31_hello/bsp/install/lib/debug/\libmetal.a(sifive_uart0.o)
 .text.__metal_driver_sifive_uart0_interrupt_line
                0x000000002040646c       0x28 C:/Users/YoungBeom/wsFreedomStudio/qemu_sifive_e31_hello/bsp/install/lib/debug/\libmetal.a(sifive_uart0.o)
 .text.__metal_driver_sifive_uart0_clock
                0x0000000020406494       0x2e C:/Users/YoungBeom/wsFreedomStudio/qemu_sifive_e31_hello/bsp/install/lib/debug/\libmetal.a(sifive_uart0.o)
 .text.__metal_driver_sifive_uart0_pinmux
                0x00000000204064c2       0x2a C:/Users/YoungBeom/wsFreedomStudio/qemu_sifive_e31_hello/bsp/install/lib/debug/\libmetal.a(sifive_uart0.o)
 .text.__metal_driver_sifive_uart0_pinmux_output_selector
                0x00000000204064ec       0x28 C:/Users/YoungBeom/wsFreedomStudio/qemu_sifive_e31_hello/bsp/install/lib/debug/\libmetal.a(sifive_uart0.o)
 .text.__metal_driver_sifive_uart0_pinmux_source_selector
                0x0000000020406514       0x2a C:/Users/YoungBeom/wsFreedomStudio/qemu_sifive_e31_hello/bsp/install/lib/debug/\libmetal.a(sifive_uart0.o)
 .text.__metal_driver_sifive_uart0_interrupt_controller
                0x000000002040653e       0x1e C:/Users/YoungBeom/wsFreedomStudio/qemu_sifive_e31_hello/bsp/install/lib/debug/\libmetal.a(sifive_uart0.o)
                0x000000002040653e                __metal_driver_sifive_uart0_interrupt_controller
 .text.__metal_driver_sifive_uart0_get_interrupt_id
                0x000000002040655c       0x1e C:/Users/YoungBeom/wsFreedomStudio/qemu_sifive_e31_hello/bsp/install/lib/debug/\libmetal.a(sifive_uart0.o)
                0x000000002040655c                __metal_driver_sifive_uart0_get_interrupt_id
 .text.__metal_driver_sifive_uart0_tx_interrupt_enable
                0x000000002040657a       0x3a C:/Users/YoungBeom/wsFreedomStudio/qemu_sifive_e31_hello/bsp/install/lib/debug/\libmetal.a(sifive_uart0.o)
                0x000000002040657a                __metal_driver_sifive_uart0_tx_interrupt_enable
 .text.__metal_driver_sifive_uart0_tx_interrupt_disable
                0x00000000204065b4       0x38 C:/Users/YoungBeom/wsFreedomStudio/qemu_sifive_e31_hello/bsp/install/lib/debug/\libmetal.a(sifive_uart0.o)
                0x00000000204065b4                __metal_driver_sifive_uart0_tx_interrupt_disable
 .text.__metal_driver_sifive_uart0_rx_interrupt_enable
                0x00000000204065ec       0x3a C:/Users/YoungBeom/wsFreedomStudio/qemu_sifive_e31_hello/bsp/install/lib/debug/\libmetal.a(sifive_uart0.o)
                0x00000000204065ec                __metal_driver_sifive_uart0_rx_interrupt_enable
 .text.__metal_driver_sifive_uart0_rx_interrupt_disable
                0x0000000020406626       0x38 C:/Users/YoungBeom/wsFreedomStudio/qemu_sifive_e31_hello/bsp/install/lib/debug/\libmetal.a(sifive_uart0.o)
                0x0000000020406626                __metal_driver_sifive_uart0_rx_interrupt_disable
 .text.__metal_driver_sifive_uart0_txready
                0x000000002040665e       0x30 C:/Users/YoungBeom/wsFreedomStudio/qemu_sifive_e31_hello/bsp/install/lib/debug/\libmetal.a(sifive_uart0.o)
                0x000000002040665e                __metal_driver_sifive_uart0_txready
 .text.__metal_driver_sifive_uart0_set_tx_watermark
                0x000000002040668e       0x4a C:/Users/YoungBeom/wsFreedomStudio/qemu_sifive_e31_hello/bsp/install/lib/debug/\libmetal.a(sifive_uart0.o)
                0x000000002040668e                __metal_driver_sifive_uart0_set_tx_watermark
 .text.__metal_driver_sifive_uart0_get_tx_watermark
                0x00000000204066d8       0x30 C:/Users/YoungBeom/wsFreedomStudio/qemu_sifive_e31_hello/bsp/install/lib/debug/\libmetal.a(sifive_uart0.o)
                0x00000000204066d8                __metal_driver_sifive_uart0_get_tx_watermark
 .text.__metal_driver_sifive_uart0_set_rx_watermark
                0x0000000020406708       0x4a C:/Users/YoungBeom/wsFreedomStudio/qemu_sifive_e31_hello/bsp/install/lib/debug/\libmetal.a(sifive_uart0.o)
                0x0000000020406708                __metal_driver_sifive_uart0_set_rx_watermark
 .text.__metal_driver_sifive_uart0_get_rx_watermark
                0x0000000020406752       0x30 C:/Users/YoungBeom/wsFreedomStudio/qemu_sifive_e31_hello/bsp/install/lib/debug/\libmetal.a(sifive_uart0.o)
                0x0000000020406752                __metal_driver_sifive_uart0_get_rx_watermark
 .text.__metal_driver_sifive_uart0_putc
                0x0000000020406782       0x42 C:/Users/YoungBeom/wsFreedomStudio/qemu_sifive_e31_hello/bsp/install/lib/debug/\libmetal.a(sifive_uart0.o)
                0x0000000020406782                __metal_driver_sifive_uart0_putc
 .text.__metal_driver_sifive_uart0_getc
                0x00000000204067c4       0x56 C:/Users/YoungBeom/wsFreedomStudio/qemu_sifive_e31_hello/bsp/install/lib/debug/\libmetal.a(sifive_uart0.o)
                0x00000000204067c4                __metal_driver_sifive_uart0_getc
 .text.__metal_driver_sifive_uart0_get_baud_rate
                0x000000002040681a       0x20 C:/Users/YoungBeom/wsFreedomStudio/qemu_sifive_e31_hello/bsp/install/lib/debug/\libmetal.a(sifive_uart0.o)
                0x000000002040681a                __metal_driver_sifive_uart0_get_baud_rate
 .text.__metal_driver_sifive_uart0_set_baud_rate
                0x000000002040683a       0xa0 C:/Users/YoungBeom/wsFreedomStudio/qemu_sifive_e31_hello/bsp/install/lib/debug/\libmetal.a(sifive_uart0.o)
                0x000000002040683a                __metal_driver_sifive_uart0_set_baud_rate
 .text.pre_rate_change_callback_func
                0x00000000204068da       0xd8 C:/Users/YoungBeom/wsFreedomStudio/qemu_sifive_e31_hello/bsp/install/lib/debug/\libmetal.a(sifive_uart0.o)
 .text.post_rate_change_callback_func
                0x00000000204069b2       0x30 C:/Users/YoungBeom/wsFreedomStudio/qemu_sifive_e31_hello/bsp/install/lib/debug/\libmetal.a(sifive_uart0.o)
 .text.__metal_driver_sifive_uart0_init
                0x00000000204069e2       0xd2 C:/Users/YoungBeom/wsFreedomStudio/qemu_sifive_e31_hello/bsp/install/lib/debug/\libmetal.a(sifive_uart0.o)
                0x00000000204069e2                __metal_driver_sifive_uart0_init
 .text._metal_clock_call_all_callbacks
                0x0000000020406ab4       0x40 C:/Users/YoungBeom/wsFreedomStudio/qemu_sifive_e31_hello/bsp/install/lib/debug/\libmetal.a(clock.o)
                0x0000000020406ab4                _metal_clock_call_all_callbacks
 .text._metal_clock_append_to_callbacks
                0x0000000020406af4       0x54 C:/Users/YoungBeom/wsFreedomStudio/qemu_sifive_e31_hello/bsp/install/lib/debug/\libmetal.a(clock.o)
                0x0000000020406af4                _metal_clock_append_to_callbacks
 .text.metal_clock_get_rate_hz
                0x0000000020406b48       0x26 C:/Users/YoungBeom/wsFreedomStudio/qemu_sifive_e31_hello/bsp/install/lib/debug/\libmetal.a(clock.o)
                0x0000000020406b48                metal_clock_get_rate_hz
 .text.metal_clock_set_rate_hz
                0x0000000020406b6e       0x48 C:/Users/YoungBeom/wsFreedomStudio/qemu_sifive_e31_hello/bsp/install/lib/debug/\libmetal.a(clock.o)
                0x0000000020406b6e                metal_clock_set_rate_hz
 .text.metal_clock_register_pre_rate_change_callback
                0x0000000020406bb6       0x30 C:/Users/YoungBeom/wsFreedomStudio/qemu_sifive_e31_hello/bsp/install/lib/debug/\libmetal.a(clock.o)
                0x0000000020406bb6                metal_clock_register_pre_rate_change_callback
 .text.metal_clock_register_post_rate_change_callback
                0x0000000020406be6       0x32 C:/Users/YoungBeom/wsFreedomStudio/qemu_sifive_e31_hello/bsp/install/lib/debug/\libmetal.a(clock.o)
                0x0000000020406be6                metal_clock_register_post_rate_change_callback
 .text.metal_cpu_interrupt_controller
                0x0000000020406c18       0x26 C:/Users/YoungBeom/wsFreedomStudio/qemu_sifive_e31_hello/bsp/install/lib/debug/\libmetal.a(cpu.o)
                0x0000000020406c18                metal_cpu_interrupt_controller
 .text.metal_cpu_get
                0x0000000020406c3e       0x2a C:/Users/YoungBeom/wsFreedomStudio/qemu_sifive_e31_hello/bsp/install/lib/debug/\libmetal.a(cpu.o)
                0x0000000020406c3e                metal_cpu_get
 .text.metal_cpu_get_current_hartid
                0x0000000020406c68       0x1a C:/Users/YoungBeom/wsFreedomStudio/qemu_sifive_e31_hello/bsp/install/lib/debug/\libmetal.a(cpu.o)
                0x0000000020406c68                metal_cpu_get_current_hartid
 .text.__metal_shutdown_exit
                0x0000000020406c82       0x22 C:/Users/YoungBeom/wsFreedomStudio/qemu_sifive_e31_hello/bsp/install/lib/debug/\libmetal.a(shutdown.o)
                0x0000000020406c82                __metal_shutdown_exit
 .text.metal_shutdown
                0x0000000020406ca4       0x16 C:/Users/YoungBeom/wsFreedomStudio/qemu_sifive_e31_hello/bsp/install/lib/debug/\libmetal.a(shutdown.o)
                0x0000000020406ca4                metal_shutdown
 *fill*         0x0000000020406cba       0x46 
 .text          0x0000000020406d00       0x80 C:/Users/YoungBeom/wsFreedomStudio/qemu_sifive_e31_hello/bsp/install/lib/debug/\libmetal.a(vector.o)
                0x0000000020406d00                __metal_vector_table
 .text.__metal_driver_fixed_clock_rate
                0x0000000020406d80       0x62 C:/Users/YoungBeom/wsFreedomStudio/qemu_sifive_e31_hello/bsp/install/lib/debug/\libmetal.a(fixed-clock.o)
 .text.__metal_driver_fixed_clock_get_rate_hz
                0x0000000020406de2       0x1e C:/Users/YoungBeom/wsFreedomStudio/qemu_sifive_e31_hello/bsp/install/lib/debug/\libmetal.a(fixed-clock.o)
                0x0000000020406de2                __metal_driver_fixed_clock_get_rate_hz
 .text.__metal_driver_fixed_clock_set_rate_hz
                0x0000000020406e00       0x22 C:/Users/YoungBeom/wsFreedomStudio/qemu_sifive_e31_hello/bsp/install/lib/debug/\libmetal.a(fixed-clock.o)
                0x0000000020406e00                __metal_driver_fixed_clock_set_rate_hz
 .text._exit    0x0000000020406e22       0x14 C:/Users/YoungBeom/wsFreedomStudio/qemu_sifive_e31_hello/bsp/install/lib/debug/\libmetal-gloss.a(sys_exit.o)
                0x0000000020406e22                _exit
 *(.gnu.linkonce.t.*)

.rela.dyn       0x0000000020406e38        0x0
 .rela.text._vfprintf_r
                0x0000000020406e38        0x0 C:\Users\YOUNGB~1\AppData\Local\Temp\ccmpYhEN.o
 .rela.text._sbrk_r
                0x0000000020406e38        0x0 C:\Users\YOUNGB~1\AppData\Local\Temp\ccmpYhEN.o
 .rela.text._write_r
                0x0000000020406e38        0x0 C:\Users\YOUNGB~1\AppData\Local\Temp\ccmpYhEN.o
 .rela.text._close_r
                0x0000000020406e38        0x0 C:\Users\YOUNGB~1\AppData\Local\Temp\ccmpYhEN.o
 .rela.text._lseek_r
                0x0000000020406e38        0x0 C:\Users\YOUNGB~1\AppData\Local\Temp\ccmpYhEN.o
 .rela.text._read_r
                0x0000000020406e38        0x0 C:\Users\YOUNGB~1\AppData\Local\Temp\ccmpYhEN.o
 .rela.text._fstat_r
                0x0000000020406e38        0x0 C:\Users\YOUNGB~1\AppData\Local\Temp\ccmpYhEN.o
 .rela.text._isatty_r
                0x0000000020406e38        0x0 C:\Users\YOUNGB~1\AppData\Local\Temp\ccmpYhEN.o
 .rela.text.metal.init.enter
                0x0000000020406e38        0x0 C:\Users\YOUNGB~1\AppData\Local\Temp\ccmpYhEN.o
 .rela.text.metal.init.scrub
                0x0000000020406e38        0x0 C:\Users\YOUNGB~1\AppData\Local\Temp\ccmpYhEN.o
 .rela.text.libgloss.start
                0x0000000020406e38        0x0 C:\Users\YOUNGB~1\AppData\Local\Temp\ccmpYhEN.o
 .rela.sdata.__brk
                0x0000000020406e38        0x0 C:\Users\YOUNGB~1\AppData\Local\Temp\ccmpYhEN.o
 .rela.text._sbrk
                0x0000000020406e38        0x0 C:\Users\YOUNGB~1\AppData\Local\Temp\ccmpYhEN.o
 .rela.text.__libc_fini_array
                0x0000000020406e38        0x0 C:\Users\YOUNGB~1\AppData\Local\Temp\ccmpYhEN.o
 .rela.text.__libc_init_array
                0x0000000020406e38        0x0 C:\Users\YOUNGB~1\AppData\Local\Temp\ccmpYhEN.o
 .rela.text.__register_exitproc
                0x0000000020406e38        0x0 C:\Users\YOUNGB~1\AppData\Local\Temp\ccmpYhEN.o
 .rela.text.metal_init
                0x0000000020406e38        0x0 C:\Users\YOUNGB~1\AppData\Local\Temp\ccmpYhEN.o
 .rela.text.metal_fini
                0x0000000020406e38        0x0 C:\Users\YOUNGB~1\AppData\Local\Temp\ccmpYhEN.o
 .rela.text.__metal_driver_cpu_get
                0x0000000020406e38        0x0 C:\Users\YOUNGB~1\AppData\Local\Temp\ccmpYhEN.o
 .rela.text.metal_software_interrupt_vector_handler
                0x0000000020406e38        0x0 C:\Users\YOUNGB~1\AppData\Local\Temp\ccmpYhEN.o
 .rela.text.__metal_default_sw_handler
                0x0000000020406e38        0x0 C:\Users\YOUNGB~1\AppData\Local\Temp\ccmpYhEN.o
 .rela.text.metal_timer_interrupt_vector_handler
                0x0000000020406e38        0x0 C:\Users\YOUNGB~1\AppData\Local\Temp\ccmpYhEN.o
 .rela.text.__metal_exception_handler
                0x0000000020406e38        0x0 C:\Users\YOUNGB~1\AppData\Local\Temp\ccmpYhEN.o
 .rela.text.metal_lc0_interrupt_vector_handler
                0x0000000020406e38        0x0 C:\Users\YOUNGB~1\AppData\Local\Temp\ccmpYhEN.o
 .rela.text.metal_lc1_interrupt_vector_handler
                0x0000000020406e38        0x0 C:\Users\YOUNGB~1\AppData\Local\Temp\ccmpYhEN.o
 .rela.text.metal_lc2_interrupt_vector_handler
                0x0000000020406e38        0x0 C:\Users\YOUNGB~1\AppData\Local\Temp\ccmpYhEN.o
 .rela.text.metal_lc3_interrupt_vector_handler
                0x0000000020406e38        0x0 C:\Users\YOUNGB~1\AppData\Local\Temp\ccmpYhEN.o
 .rela.text.metal_lc4_interrupt_vector_handler
                0x0000000020406e38        0x0 C:\Users\YOUNGB~1\AppData\Local\Temp\ccmpYhEN.o
 .rela.text.metal_lc5_interrupt_vector_handler
                0x0000000020406e38        0x0 C:\Users\YOUNGB~1\AppData\Local\Temp\ccmpYhEN.o
 .rela.text.metal_lc6_interrupt_vector_handler
                0x0000000020406e38        0x0 C:\Users\YOUNGB~1\AppData\Local\Temp\ccmpYhEN.o
 .rela.text.metal_lc7_interrupt_vector_handler
                0x0000000020406e38        0x0 C:\Users\YOUNGB~1\AppData\Local\Temp\ccmpYhEN.o
 .rela.text.metal_lc8_interrupt_vector_handler
                0x0000000020406e38        0x0 C:\Users\YOUNGB~1\AppData\Local\Temp\ccmpYhEN.o
 .rela.text.metal_lc9_interrupt_vector_handler
                0x0000000020406e38        0x0 C:\Users\YOUNGB~1\AppData\Local\Temp\ccmpYhEN.o
 .rela.text.metal_lc10_interrupt_vector_handler
                0x0000000020406e38        0x0 C:\Users\YOUNGB~1\AppData\Local\Temp\ccmpYhEN.o
 .rela.text.metal_lc11_interrupt_vector_handler
                0x0000000020406e38        0x0 C:\Users\YOUNGB~1\AppData\Local\Temp\ccmpYhEN.o
 .rela.text.metal_lc12_interrupt_vector_handler
                0x0000000020406e38        0x0 C:\Users\YOUNGB~1\AppData\Local\Temp\ccmpYhEN.o
 .rela.text.metal_lc13_interrupt_vector_handler
                0x0000000020406e38        0x0 C:\Users\YOUNGB~1\AppData\Local\Temp\ccmpYhEN.o
 .rela.text.metal_lc14_interrupt_vector_handler
                0x0000000020406e38        0x0 C:\Users\YOUNGB~1\AppData\Local\Temp\ccmpYhEN.o
 .rela.text.metal_lc15_interrupt_vector_handler
                0x0000000020406e38        0x0 C:\Users\YOUNGB~1\AppData\Local\Temp\ccmpYhEN.o
 .rela.text.metal_cpu_get
                0x0000000020406e38        0x0 C:\Users\YOUNGB~1\AppData\Local\Temp\ccmpYhEN.o
 .rela.text     0x0000000020406e38        0x0 C:\Users\YOUNGB~1\AppData\Local\Temp\ccmpYhEN.o

.data           0x0000000080000000      0x8f0 load address 0x0000000020406e38
 *(.data .data.*)
 .data.sbox     0x0000000080000000      0x100 C:\Users\YOUNGB~1\AppData\Local\Temp\ccmpYhEN.o
                0x0000000080000000                sbox
 .data.impure_data
                0x0000000080000100       0x60 c:/freedomstudio/sifive/riscv64-unknown-elf-gcc-8.3.0-2020.04.1/bin/../lib/gcc/riscv64-unknown-elf/8.3.0/../../../../riscv64-unknown-elf/lib/rv32imac/ilp32\libc_nano.a(lib_a-impure.o)
 .data.__metal_dt_clock_0
                0x0000000080000160        0xc C:/Users/YoungBeom/wsFreedomStudio/qemu_sifive_e31_hello/bsp/install/lib/debug/\libmetal.a(inline.o)
                0x0000000080000160                __metal_dt_clock_0
 .data.__metal_dt_clock_2
                0x000000008000016c        0xc C:/Users/YoungBeom/wsFreedomStudio/qemu_sifive_e31_hello/bsp/install/lib/debug/\libmetal.a(inline.o)
                0x000000008000016c                __metal_dt_clock_2
 .data.__metal_dt_clock_5
                0x0000000080000178        0xc C:/Users/YoungBeom/wsFreedomStudio/qemu_sifive_e31_hello/bsp/install/lib/debug/\libmetal.a(inline.o)
                0x0000000080000178                __metal_dt_clock_5
 *fill*         0x0000000080000184        0x4 
 .data.__metal_dt_cpu_0_interrupt_controller
                0x0000000080000188      0x3d0 C:/Users/YoungBeom/wsFreedomStudio/qemu_sifive_e31_hello/bsp/install/lib/debug/\libmetal.a(inline.o)
                0x0000000080000188                __metal_dt_cpu_0_interrupt_controller
 .data.__metal_dt_interrupt_controller_c000000
                0x0000000080000558      0x300 C:/Users/YoungBeom/wsFreedomStudio/qemu_sifive_e31_hello/bsp/install/lib/debug/\libmetal.a(inline.o)
                0x0000000080000558                __metal_dt_interrupt_controller_c000000
 .data.__metal_dt_serial_10013000
                0x0000000080000858       0x20 C:/Users/YoungBeom/wsFreedomStudio/qemu_sifive_e31_hello/bsp/install/lib/debug/\libmetal.a(inline.o)
                0x0000000080000858                __metal_dt_serial_10013000
 .data.__metal_dt_clock_3
                0x0000000080000878        0xc C:/Users/YoungBeom/wsFreedomStudio/qemu_sifive_e31_hello/bsp/install/lib/debug/\libmetal.a(inline.o)
                0x0000000080000878                __metal_dt_clock_3
 .data.__metal_dt_clock_1
                0x0000000080000884        0xc C:/Users/YoungBeom/wsFreedomStudio/qemu_sifive_e31_hello/bsp/install/lib/debug/\libmetal.a(inline.o)
                0x0000000080000884                __metal_dt_clock_1
 .data.__metal_dt_clock_4
                0x0000000080000890        0xc C:/Users/YoungBeom/wsFreedomStudio/qemu_sifive_e31_hello/bsp/install/lib/debug/\libmetal.a(inline.o)
                0x0000000080000890                __metal_dt_clock_4
 *(.gnu.linkonce.d.*)
                0x00000000800008a0                . = ALIGN (0x8)
 *fill*         0x000000008000089c        0x4 
                0x00000000800010a0                PROVIDE (__global_pointer$ = (. + 0x800))
 *(.sdata .sdata.* .sdata2.*)
 .sdata._impure_ptr
                0x00000000800008a0        0x4 c:/freedomstudio/sifive/riscv64-unknown-elf-gcc-8.3.0-2020.04.1/bin/../lib/gcc/riscv64-unknown-elf/8.3.0/../../../../riscv64-unknown-elf/lib/rv32imac/ilp32\libc_nano.a(lib_a-impure.o)
                0x00000000800008a0                _impure_ptr
 .sdata2._global_impure_ptr
                0x00000000800008a4        0x4 c:/freedomstudio/sifive/riscv64-unknown-elf-gcc-8.3.0-2020.04.1/bin/../lib/gcc/riscv64-unknown-elf/8.3.0/../../../../riscv64-unknown-elf/lib/rv32imac/ilp32\libc_nano.a(lib_a-impure.o)
                0x00000000800008a4                _global_impure_ptr
 .sdata.__brk   0x00000000800008a8        0x4 C:/Users/YoungBeom/wsFreedomStudio/qemu_sifive_e31_hello/bsp/install/lib/debug/\libmetal-gloss.a(sys_sbrk.o)
 .sdata.__metal_cpu_table
                0x00000000800008ac        0x4 C:/Users/YoungBeom/wsFreedomStudio/qemu_sifive_e31_hello/bsp/install/lib/debug/\libmetal.a(synchronize_harts.o)
                0x00000000800008ac                __metal_cpu_table
 .sdata.__metal_dt_clint_2000000
                0x00000000800008b0        0x8 C:/Users/YoungBeom/wsFreedomStudio/qemu_sifive_e31_hello/bsp/install/lib/debug/\libmetal.a(inline.o)
                0x00000000800008b0                __metal_dt_clint_2000000
 .sdata.__metal_dt_cpu_0
                0x00000000800008b8        0x8 C:/Users/YoungBeom/wsFreedomStudio/qemu_sifive_e31_hello/bsp/install/lib/debug/\libmetal.a(inline.o)
                0x00000000800008b8                __metal_dt_cpu_0
 .sdata.__metal_dt_gpio_10012000
                0x00000000800008c0        0x4 C:/Users/YoungBeom/wsFreedomStudio/qemu_sifive_e31_hello/bsp/install/lib/debug/\libmetal.a(inline.o)
                0x00000000800008c0                __metal_dt_gpio_10012000
 .sdata.__metal_dt_test_100000
                0x00000000800008c4        0x4 C:/Users/YoungBeom/wsFreedomStudio/qemu_sifive_e31_hello/bsp/install/lib/debug/\libmetal.a(inline.o)
                0x00000000800008c4                __metal_dt_test_100000
 .sdata.__metal_dt_prci_10008000
                0x00000000800008c8        0x4 C:/Users/YoungBeom/wsFreedomStudio/qemu_sifive_e31_hello/bsp/install/lib/debug/\libmetal.a(inline.o)
                0x00000000800008c8                __metal_dt_prci_10008000
 .sdata2.__metal_driver_vtable_sifive_fe310_g000_hfrosc
                0x00000000800008cc        0x8 C:/Users/YoungBeom/wsFreedomStudio/qemu_sifive_e31_hello/bsp/install/lib/debug/\libmetal.a(sifive_fe310-g000_hfrosc.o)
                0x00000000800008cc                __metal_driver_vtable_sifive_fe310_g000_hfrosc
 .sdata2.__metal_driver_vtable_sifive_fe310_g000_hfxosc